error[E0072]: fixed-size arrays of reference-typed elements are not yet supported; the element type must be a scalar value type (integer, bool, or float)
  --> check_typenode_order.bit:32:20
   |
32 | function sig(p: [2]string): [2]string {
   |                    ^^^^^^
error[E0072]: fixed-size arrays of reference-typed elements are not yet supported; the element type must be a scalar value type (integer, bool, or float)
  --> check_typenode_order.bit:32:32
   |
32 | function sig(p: [2]string): [2]string {
   |                                ^^^^^^
error[E0072]: fixed-size arrays of reference-typed elements are not yet supported; the element type must be a scalar value type (integer, bool, or float)
  --> check_typenode_order.bit:38:16
   |
38 |   let a: [2][2]string = [2][2]string{}
   |                ^^^^^^
error[E0072]: fixed-size arrays of reference-typed elements are not yet supported; the element type must be a scalar value type (integer, bool, or float)
  --> check_typenode_order.bit:38:13
   |
38 |   let a: [2][2]string = [2][2]string{}
   |             ^^^^^^^^^
error[E0072]: fixed-size arrays of reference-typed elements are not yet supported; the element type must be a scalar value type (integer, bool, or float)
  --> check_typenode_order.bit:38:31
   |
38 |   let a: [2][2]string = [2][2]string{}
   |                               ^^^^^^
error[E0072]: fixed-size arrays of reference-typed elements are not yet supported; the element type must be a scalar value type (integer, bool, or float)
  --> check_typenode_order.bit:38:28
   |
38 |   let a: [2][2]string = [2][2]string{}
   |                            ^^^^^^^^^
error[E0050]: array literal has 0 element(s), expected 2
  --> check_typenode_order.bit:38:25
   |
38 |   let a: [2][2]string = [2][2]string{}
   |                         ^^^^^^^^^^^^^^
error[E0052]: map key type must be comparable
  --> check_typenode_order.bit:39:25
   |
39 |   let m: map<[]int, map<[]int, int>> = map<[]int, map<[]int, int>>{}
   |                         ^^^^^
error[E0052]: map key type must be comparable
  --> check_typenode_order.bit:39:14
   |
39 |   let m: map<[]int, map<[]int, int>> = map<[]int, map<[]int, int>>{}
   |              ^^^^^
error[E0052]: map key type must be comparable
  --> check_typenode_order.bit:39:55
   |
39 |   let m: map<[]int, map<[]int, int>> = map<[]int, map<[]int, int>>{}
   |                                                       ^^^^^
error[E0052]: map key type must be comparable
  --> check_typenode_order.bit:39:44
   |
39 |   let m: map<[]int, map<[]int, int>> = map<[]int, map<[]int, int>>{}
   |                                            ^^^^^
error[E0041]: expected 'string', found 'untyped int'
  --> check_typenode_order.bit:44:13
   |
44 |   let z = g(1) + g("ok") + len([2]string{})
   |             ^
error[E0072]: fixed-size arrays of reference-typed elements are not yet supported; the element type must be a scalar value type (integer, bool, or float)
  --> check_typenode_order.bit:44:35
   |
44 |   let z = g(1) + g("ok") + len([2]string{})
   |                                   ^^^^^^
error[E0050]: array literal has 0 element(s), expected 2
  --> check_typenode_order.bit:44:32
   |
44 |   let z = g(1) + g("ok") + len([2]string{})
   |                                ^^^^^^^^^^^
error[E0052]: map key type must be comparable
  --> check_typenode_order.bit:48:14
   |
48 |   let w: map<[]int, int> = g(1)
   |              ^^^^^
error[E0041]: expected 'string', found 'untyped int'
  --> check_typenode_order.bit:48:30
   |
48 |   let w: map<[]int, int> = g(1)
   |                              ^
error[E0041]: expected 'map<[]i64, i64>', found 'i64'
  --> check_typenode_order.bit:48:28
   |
48 |   let w: map<[]int, int> = g(1)
   |                            ^^^^
error[E0041]: expected 'string', found '[2][2]string'
  --> check_typenode_order.bit:50:9
   |
50 |   print(a)
   |         ^
error[E0041]: expected 'string', found 'map<[]i64, map<[]i64, i64>>'
  --> check_typenode_order.bit:51:9
   |
51 |   print(m)
   |         ^
error[E0041]: expected 'string', found 'i64'
  --> check_typenode_order.bit:52:9
   |
52 |   print(z)
   |         ^
error[E0041]: expected 'string', found 'map<[]i64, i64>'
  --> check_typenode_order.bit:53:9
   |
53 |   print(w)
   |         ^
