error[E0057]: no field 'nmae' on 'User'
  --> check_struct_literal_unknown_field.bit:13:17
   |
13 |   let u = User{ nmae: "ana", age: 3 }
   |                 ^^^^ did you mean 'name'?
error[E0057]: no field 'what' on 'Empty'
  --> check_struct_literal_unknown_field.bit:14:18
   |
14 |   let e = Empty{ what: 1 }
   |                  ^^^^
