error[E0021]: expected 'from', found ';'
 --> check_import_missing_from.bit:2:16
  |
2 | import { f, g }
  |                ^ a line break after a value ends the statement (§7); to continue an expression, end the line with the operator instead of starting the next line with it
error[E0021]: expected a string literal, found ';'
 --> check_import_missing_from.bit:2:16
  |
2 | import { f, g }
  |                ^ a line break after a value ends the statement (§7); to continue an expression, end the line with the operator instead of starting the next line with it
