error[E0021]: expected ')', found ';'
  --> check_if_wrapped_condition.bit:17:13
   |
17 |   if (a == 1
   |             ^ a line break after a value ends the statement (§7); to continue an expression, end the line with the operator instead of starting the next line with it
error[E0021]: expected '{', found ';'
  --> check_if_wrapped_condition.bit:17:13
   |
17 |   if (a == 1
   |             ^ a line break after a value ends the statement (§7); to continue an expression, end the line with the operator instead of starting the next line with it
error[E0021]: expected an expression, found amp_amp
  --> check_if_wrapped_condition.bit:18:7
   |
18 |       && b == 2) {
   |       ^^
error[E0021]: expected ';', found an identifier
  --> check_if_wrapped_condition.bit:18:10
   |
18 |       && b == 2) {
   |          ^
