error[E0058]: 'Box' needs 1 type argument(s); write 'Box<...>'
 --> check_generic_arity.bit:3:15
  |
3 | function a(b: Box) {}
  |               ^^^
error[E0058]: 'Box' expects 1 type argument(s), found 2
 --> check_generic_arity.bit:4:15
  |
4 | function c(b: Box<i64, i64>) {}
  |               ^^^^^^^^^^^^^
