error[E0041]: expected 'i64', found 'untyped bool'
  --> check_generic_arg_unify.bit:10:20
   |
10 |   print("${pair(1, true)}\n")
   |                    ^^^^
error[E0041]: expected 'i64', found 'untyped string'
  --> check_generic_arg_unify.bit:11:20
   |
11 |   print("${pair(1, "s")}\n")
   |                    ^^^
error[E0041]: expected 'string', found 'untyped float'
  --> check_generic_arg_unify.bit:12:22
   |
12 |   print("${pair("s", 1.5)}\n")
   |                      ^^^
error[E0041]: expected 'i64', found 'untyped float'
  --> check_generic_arg_unify.bit:13:20
   |
13 |   print("${pair(1, 1.0)}\n")
   |                    ^^^
