error[E0021]: expected 'from', found ';'
 --> check_import_multiline_ns.bit:2:11
  |
2 | import lib
  |           ^
error[E0021]: expected a string literal, found ';'
 --> check_import_multiline_ns.bit:2:11
  |
2 | import lib
  |           ^
error[E0021]: expected a top-level declaration, found kw_from
 --> check_import_multiline_ns.bit:3:3
  |
3 |   from "./lib"
  |   ^^^^
