error[E0055]: missing return: not every path returns a value
 --> check_naked_params.bit:2:17
  |
2 | @naked function f(a: int) {}
  |                 ^
error[E0074]: naked function 'f' cannot take parameters
 --> check_naked_params.bit:2:17
  |
2 | @naked function f(a: int) {}
  |                 ^
