error[E0021]: expected 'from', found ';'
 --> check_import_multiline_ns.bit:2:11
  |
2 | import lib
  |           ^ a line break after a value ends the statement (§7); to continue an expression, end the line with the operator instead of starting the next line with it
error[E0021]: expected a string literal, found ';'
 --> check_import_multiline_ns.bit:2:11
  |
2 | import lib
  |           ^ a line break after a value ends the statement (§7); to continue an expression, end the line with the operator instead of starting the next line with it
error[E0021]: expected a top-level declaration, found kw_from
 --> check_import_multiline_ns.bit:3:3
  |
3 |   from "./lib"
  |   ^^^^
