error[E0072]: fixed-size arrays of reference-typed elements are not yet supported; the element type must be a scalar value type (integer, bool, or float)
  --> check_typenode_moduledecl.bit:30:9
   |
30 |   a: [2][]int,
   |         ^^^^^
error[E0052]: map key type must be comparable
  --> check_typenode_moduledecl.bit:31:10
   |
31 |   b: map<[]int, int>,
   |          ^^^^^
error[E0052]: map key type must be comparable
  --> check_typenode_moduledecl.bit:34:15
   |
34 | type Al = map<[]int, int>
   |               ^^^^^
error[E0052]: map key type must be comparable
  --> check_typenode_moduledecl.bit:37:9
   |
37 |   V(map<[]int, int>),
   |         ^^^^^
error[E0072]: fixed-size arrays of reference-typed elements are not yet supported; the element type must be a scalar value type (integer, bool, or float)
  --> check_typenode_moduledecl.bit:27:13
   |
27 | const c: [2][]int = 0
   |             ^^^^^
error[E0041]: expected '[2][]i64', found 'untyped int'
  --> check_typenode_moduledecl.bit:27:21
   |
27 | const c: [2][]int = 0
   |                     ^
