error[E0021]: expected 'from', found ';'
 --> check_import_multiline.bit:2:16
  |
2 | import { f, g }
  |                ^
error[E0021]: expected a string literal, found ';'
 --> check_import_multiline.bit:2:16
  |
2 | import { f, g }
  |                ^
error[E0021]: expected a top-level declaration, found kw_from
 --> check_import_multiline.bit:3:3
  |
3 |   from "./lib"
  |   ^^^^
