error[E0052]: '[]i64' is not comparable
  --> check_not_comparable.bit:19:12
   |
19 |   print("${s1 == s2}\n")
   |            ^^^^^^^^
error[E0052]: '[]i64' is not comparable
  --> check_not_comparable.bit:20:12
   |
20 |   print("${s1 < s2}\n")
   |            ^^^^^^^
error[E0052]: 'State' carries a payload, so it is not comparable
  --> check_not_comparable.bit:21:12
   |
21 |   print("${State.Draft == State.Draft}\n")
   |            ^^^^^^^^^^^^^^^^^^^^^^^^^^ use 'match' to test which variant a payload-carrying enum holds
error[E0052]: 'map<i64, i64>' is not comparable
  --> check_not_comparable.bit:24:12
   |
24 |   print("${m1 == m2}\n")
   |            ^^^^^^^^
error[E0052]: '(i64) => i64' is not comparable
  --> check_not_comparable.bit:27:12
   |
27 |   print("${g == h}\n")
   |            ^^^^^^
error[E0053]: operator '<' is not defined for 'bool'
  --> check_not_comparable.bit:28:12
   |
28 |   print("${false < true}\n")
   |            ^^^^^^^^^^^^ only numeric and string values have an ordering
error[E0052]: a slice cannot be compared to 'nil'
  --> check_not_comparable.bit:29:12
   |
29 |   print("${s1 == nil}\n")
   |            ^^^^^^^^^ a slice's zero value is the empty slice, so there is no 'nil' slice; test 'len(s) == 0'
