error[E0041]: expected 'f32', found 'untyped string'
  --> check_struct_field_types.bit:47:17
   |
47 |   let a = S{ v: "s", n: 1, s: "ok" }
   |                 ^^^
error[E0041]: expected 'i64', found 'untyped string'
  --> check_struct_field_types.bit:50:25
   |
50 |   let b = S{ v: 4.5, n: "no", s: 5 }
   |                         ^^^^
error[E0041]: expected 'string', found 'untyped int'
  --> check_struct_field_types.bit:50:34
   |
50 |   let b = S{ v: 4.5, n: "no", s: 5 }
   |                                  ^
error[E0041]: expected 'f32', found 'untyped bool'
  --> check_struct_field_types.bit:64:31
   |
64 |   let c = Outer{ inner: S{ v: true, n: 1, s: "ok" }, flag: true }
   |                               ^^^^
