error[E0041]: expected 'f32', found 'untyped string'
  --> check_array_literal.bit:75:23
   |
75 | const badConst: f32 = "s"
   |                       ^^^
error[E0041]: expected 'f32', found 'untyped bool'
  --> check_array_literal.bit:77:22
   |
77 | let badGlobal: f32 = true
   |                      ^^^^
error[E0041]: expected '[2]i32', found '[]i64'
  --> check_array_literal.bit:38:10
   |
38 |   return [1, 2]
   |          ^^^^^^
error[E0041]: expected '[2]f32', found '[]f64'
  --> check_array_literal.bit:43:21
   |
43 |   let arr: [2]f32 = [4.5, 4.5]
   |                     ^^^^^^^^^^
error[E0041]: expected '[2]i32', found '[]i64'
  --> check_array_literal.bit:46:22
   |
46 |   let ints: [2]i32 = [1, 2]
   |                      ^^^^^^
error[E0041]: expected '[4]i32', found '[]i64'
  --> check_array_literal.bit:50:23
   |
50 |   let short: [4]i32 = [1, 2]
   |                       ^^^^^^
error[E0041]: expected '[2]f32', found '[]f64'
  --> check_array_literal.bit:53:12
   |
53 |   takesArr([4.5, 4.5])
   |            ^^^^^^^^^^
error[E0041]: expected 'string', found 'untyped int'
  --> check_array_literal.bit:56:19
   |
56 |   let s: string = 5
   |                   ^
error[E0041]: expected 'i32', found 'untyped string'
  --> check_array_literal.bit:57:16
   |
57 |   let n: i32 = "hello"
   |                ^^^^^^^
error[E0050]: array literal has 1 element(s), expected 2
  --> check_array_literal.bit:61:23
   |
61 |   let wrong: [2]f32 = [2]f32{4.5}
   |                       ^^^^^^^^^^^
error[E0041]: expected 'f32', found 'untyped string'
  --> check_array_literal.bit:66:34
   |
66 |   let mv = map<string, f32>{"k": "s"}   // map VALUE against map<K,V>
   |                                  ^^^
error[E0041]: expected 'i32', found 'untyped float'
  --> check_array_literal.bit:67:26
   |
67 |   let mk = map<i32, i32>{4.5: 1}        // map KEY
   |                          ^^^
error[E0041]: expected 'f32', found 'untyped string'
  --> check_array_literal.bit:68:18
   |
68 |   let ts = []f32{"s"}                   // typed slice literal element
   |                  ^^^
error[E0041]: expected 'f32', found 'untyped string'
  --> check_array_literal.bit:70:9
   |
70 |   ch <- "s"                             // channel send against the element type
   |         ^^^
