error[E0021]: expected '}', found ';'
 --> check_import_group_wrapped.bit:4:4
  |
4 |   g
  |    ^
error[E0021]: expected 'from', found ';'
 --> check_import_group_wrapped.bit:4:4
  |
4 |   g
  |    ^
error[E0021]: expected a string literal, found ';'
 --> check_import_group_wrapped.bit:4:4
  |
4 |   g
  |    ^
error[E0021]: expected a top-level declaration, found '}'
 --> check_import_group_wrapped.bit:5:1
  |
5 | } from "./lib"
  | ^
