error[E0041]: expected 'PaymentMethod', found 'Card'
  --> check_iface_why.bit:28:31
   |
28 |   let byCard: PaymentMethod = Card{ limit: 1 }
   |                               ^^^^^^^^^^^^^^^^ 'Card.charge' is (string) => i64, but 'PaymentMethod' needs (i64) => i64
error[E0041]: expected 'PaymentMethod', found 'Cash'
  --> check_iface_why.bit:29:31
   |
29 |   let byCash: PaymentMethod = Cash{ amount: 5 }
   |                               ^^^^^^^^^^^^^^^^^ 'Cash' has no method 'charge'; 'PaymentMethod' needs (i64) => i64
