error[E0041]: cannot store 'untyped int' in interface 'Any': only a struct can be the concrete type behind an interface value
  --> check_iface_scalar.bit:39:10
   |
39 |   return 7
   |          ^ an interface value is the receiver's object pointer, so a non-struct has nothing to point to (§14.3)
error[E0041]: cannot store 'untyped int' in interface 'Any': only a struct can be the concrete type behind an interface value
  --> check_iface_scalar.bit:43:16
   |
43 |   let a: Any = 5
   |                ^ an interface value is the receiver's object pointer, so a non-struct has nothing to point to (§14.3)
error[E0041]: cannot store 'untyped int' in interface 'Any': only a struct can be the concrete type behind an interface value
  --> check_iface_scalar.bit:44:7
   |
44 |   a = 6
   |       ^ an interface value is the receiver's object pointer, so a non-struct has nothing to point to (§14.3)
error[E0041]: cannot store 'untyped int' in interface 'Any': only a struct can be the concrete type behind an interface value
  --> check_iface_scalar.bit:45:16
   |
45 |   let n = take(7)
   |                ^ an interface value is the receiver's object pointer, so a non-struct has nothing to point to (§14.3)
error[E0041]: cannot store 'untyped int' in interface 'Any': only a struct can be the concrete type behind an interface value
  --> check_iface_scalar.bit:46:19
   |
46 |   let b = Box{ v: 8 }
   |                   ^ an interface value is the receiver's object pointer, so a non-struct has nothing to point to (§14.3)
error[E0041]: cannot store 'untyped int' in interface 'Any': only a struct can be the concrete type behind an interface value
  --> check_iface_scalar.bit:47:20
   |
47 |   let sl: []Any = [9]
   |                    ^ an interface value is the receiver's object pointer, so a non-struct has nothing to point to (§14.3)
error[E0041]: cannot store 'untyped int' in interface 'Any': only a struct can be the concrete type behind an interface value
  --> check_iface_scalar.bit:48:33
   |
48 |   let m = map<string, Any>{"k": 10}
   |                                 ^^ an interface value is the receiver's object pointer, so a non-struct has nothing to point to (§14.3)
error[E0041]: cannot store 'untyped int' in interface 'Any': only a struct can be the concrete type behind an interface value
  --> check_iface_scalar.bit:50:9
   |
50 |   ch <- 11
   |         ^^ an interface value is the receiver's object pointer, so a non-struct has nothing to point to (§14.3)
error[E0041]: cannot store 'i64' in interface 'Shape': only a struct can be the concrete type behind an interface value
  --> check_iface_scalar.bit:52:19
   |
52 |   let sh: Shape = meters
   |                   ^^^^^^ an interface value is the receiver's object pointer, so a non-struct has nothing to point to (§14.3)
