error[E0021]: expected a string literal, found an identifier
 --> check_import_path_not_string.bit:2:19
  |
2 | import { f } from lib
  |                   ^^^
error[E0021]: expected ';', found an identifier
 --> check_import_path_not_string.bit:2:19
  |
2 | import { f } from lib
  |                   ^^^
