error[E0050]: expected 2 argument(s), found 1
 --> check_generic_arg_count.bit:9:16
  |
9 |   let tooFew = second(7)
  |                ^^^^^^^^^
error[E0050]: expected 2 argument(s), found 3
  --> check_generic_arg_count.bit:10:17
   |
10 |   let tooMany = second(1, 2, 3)
   |                 ^^^^^^^^^^^^^^^
