error[E0041]: expected '[2]i32', found '[]i64'
  --> check_array_literal.bit:38:10
   |
38 |   return [1, 2]
   |          ^^^^^^
error[E0041]: expected '[2]f32', found '[]f64'
  --> check_array_literal.bit:43:21
   |
43 |   let arr: [2]f32 = [4.5, 4.5]
   |                     ^^^^^^^^^^
error[E0041]: expected '[2]i32', found '[]i64'
  --> check_array_literal.bit:46:22
   |
46 |   let ints: [2]i32 = [1, 2]
   |                      ^^^^^^
error[E0041]: expected '[4]i32', found '[]i64'
  --> check_array_literal.bit:50:23
   |
50 |   let short: [4]i32 = [1, 2]
   |                       ^^^^^^
error[E0041]: expected '[2]f32', found '[]f64'
  --> check_array_literal.bit:53:12
   |
53 |   takesArr([4.5, 4.5])
   |            ^^^^^^^^^^
error[E0041]: expected 'string', found 'untyped int'
  --> check_array_literal.bit:56:19
   |
56 |   let s: string = 5
   |                   ^
error[E0041]: expected 'i32', found 'untyped string'
  --> check_array_literal.bit:57:16
   |
57 |   let n: i32 = "hello"
   |                ^^^^^^^
error[E0050]: array literal has 1 element(s), expected 2
  --> check_array_literal.bit:61:23
   |
61 |   let wrong: [2]f32 = [2]f32{4.5}
   |                       ^^^^^^^^^^^
