error[E0052]: map key type must be comparable
  --> check_sig_order.bit:14:19
   |
14 | struct A { m: map<[]int, int> }
   |                   ^^^^^
error[E0052]: map key type must be comparable
  --> check_sig_order.bit:15:13
   |
15 | fn f(p: map<[]int, int>) { }
   |             ^^^^^
error[E0052]: map key type must be comparable
  --> check_sig_order.bit:13:15
   |
13 | const c1: map<[]int, int> = map<[]int, int>{}
   |               ^^^^^
error[E0052]: map key type must be comparable
  --> check_sig_order.bit:13:33
   |
13 | const c1: map<[]int, int> = map<[]int, int>{}
   |                                 ^^^^^
error[E0064]: top-level 'const' initializer must be a compile-time constant expression
  --> check_sig_order.bit:13:29
   |
13 | const c1: map<[]int, int> = map<[]int, int>{}
   |                             ^^^^^^^^^^^^^^^^^
