error[E0041]: expected 'error', found 'NoMethod'
  --> check_error_iface_satisfaction.bit:18:18
   |
18 |   let a: error = NoMethod{ code: 1 }
   |                  ^^^^^^^^^^^^^^^^^^^
error[E0041]: expected 'error', found 'WrongSig'
  --> check_error_iface_satisfaction.bit:19:18
   |
19 |   let b: error = WrongSig{ code: 2 }
   |                  ^^^^^^^^^^^^^^^^^^^
