error[E0041]: expected 'i32', found 'i64'
  --> check_func_value_args.bit:21:14
   |
21 |   print("${k(n)}\n")
   |              ^
error[E0041]: expected 'i32', found 'i64'
  --> check_func_value_args.bit:26:14
   |
26 |   print("${t(n)}\n")
   |              ^
error[E0050]: expected 1 argument(s), found 2
  --> check_func_value_args.bit:29:12
   |
29 |   print("${t(1, 2)}\n")
   |            ^^^^^^^
error[E0050]: expected 2 argument(s), found 1
  --> check_func_value_args.bit:31:12
   |
31 |   print("${p(1)}\n")
   |            ^^^^
error[E0041]: expected 'string', found 'untyped int'
  --> check_func_value_args.bit:34:17
   |
34 |   print("${p(1, 2)}\n")
   |                 ^
