error[E0041]: expected 'i64', found 'untyped string'
  --> check_composite_order.bit:34:31
   |
34 |   let o = Outer{ x: Inner{ a: "s", b: "t" }, y: "u", z: Inner{ a: "v", b: "w" } }
   |                               ^^^
error[E0041]: expected 'i64', found 'untyped string'
  --> check_composite_order.bit:34:39
   |
34 |   let o = Outer{ x: Inner{ a: "s", b: "t" }, y: "u", z: Inner{ a: "v", b: "w" } }
   |                                       ^^^
error[E0041]: expected 'i64', found 'untyped string'
  --> check_composite_order.bit:34:49
   |
34 |   let o = Outer{ x: Inner{ a: "s", b: "t" }, y: "u", z: Inner{ a: "v", b: "w" } }
   |                                                 ^^^
error[E0041]: expected 'i64', found 'untyped string'
  --> check_composite_order.bit:34:67
   |
34 |   let o = Outer{ x: Inner{ a: "s", b: "t" }, y: "u", z: Inner{ a: "v", b: "w" } }
   |                                                                   ^^^
error[E0041]: expected 'i64', found 'untyped string'
  --> check_composite_order.bit:34:75
   |
34 |   let o = Outer{ x: Inner{ a: "s", b: "t" }, y: "u", z: Inner{ a: "v", b: "w" } }
   |                                                                           ^^^
error[E0041]: expected 'i64', found 'untyped string'
  --> check_composite_order.bit:35:30
   |
35 |   let f = Flat{ x: Inner{ a: "n", b: 0 } }
   |                              ^^^
error[E0041]: expected 'i64', found 'Inner'
  --> check_composite_order.bit:35:20
   |
35 |   let f = Flat{ x: Inner{ a: "n", b: 0 } }
   |                    ^^^^^^^^^^^^^^^^^^^^^
error[E0041]: expected 'i64', found 'untyped string'
  --> check_composite_order.bit:36:36
   |
36 |   let m = map<int, int>{ Inner{ a: "k", b: 0 }: Inner{ a: "v", b: 0 } }
   |                                    ^^^
error[E0041]: expected 'i64', found 'Inner'
  --> check_composite_order.bit:36:26
   |
36 |   let m = map<int, int>{ Inner{ a: "k", b: 0 }: Inner{ a: "v", b: 0 } }
   |                          ^^^^^^^^^^^^^^^^^^^^^
error[E0041]: expected 'i64', found 'untyped string'
  --> check_composite_order.bit:36:59
   |
36 |   let m = map<int, int>{ Inner{ a: "k", b: 0 }: Inner{ a: "v", b: 0 } }
   |                                                           ^^^
error[E0041]: expected 'i64', found 'Inner'
  --> check_composite_order.bit:36:49
   |
36 |   let m = map<int, int>{ Inner{ a: "k", b: 0 }: Inner{ a: "v", b: 0 } }
   |                                                 ^^^^^^^^^^^^^^^^^^^^^
error[E0041]: expected 'i64', found 'untyped string'
  --> check_composite_order.bit:37:30
   |
37 |   let s = []Inner{ Inner{ a: "p", b: 0 }, Inner{ a: 0, b: "q" } }
   |                              ^^^
error[E0041]: expected 'i64', found 'untyped string'
  --> check_composite_order.bit:37:59
   |
37 |   let s = []Inner{ Inner{ a: "p", b: 0 }, Inner{ a: 0, b: "q" } }
   |                                                           ^^^
error[E0050]: array literal has 2 element(s), expected 1
  --> check_composite_order.bit:38:13
   |
38 |   let arr = [1]int{ "e", "f" }
   |             ^^^^^^^^^^^^^^^^^^
error[E0041]: expected 'i64', found 'untyped string'
  --> check_composite_order.bit:38:21
   |
38 |   let arr = [1]int{ "e", "f" }
   |                     ^^^
error[E0041]: expected 'i64', found 'untyped string'
  --> check_composite_order.bit:38:26
   |
38 |   let arr = [1]int{ "e", "f" }
   |                          ^^^
error[E0041]: expected 'string', found 'i64'
  --> check_composite_order.bit:39:9
   |
39 |   print(o.y)
   |         ^^^
error[E0041]: expected 'string', found 'i64'
  --> check_composite_order.bit:40:9
   |
40 |   print(f.x)
   |         ^^^
error[E0041]: expected 'string', found 'map<i64, i64>'
  --> check_composite_order.bit:41:9
   |
41 |   print(m)
   |         ^
error[E0041]: expected 'string', found '[]Inner'
  --> check_composite_order.bit:42:9
   |
42 |   print(s)
   |         ^
error[E0041]: expected 'string', found '[1]i64'
  --> check_composite_order.bit:43:9
   |
43 |   print(arr)
   |         ^^^
