error[E0062]: cannot assign to a tuple element: tuple elements are read-only; use a struct for a mutable field
  --> check_tuple_elem_readonly.bit:14:3
   |
14 |   t.0 = 9
   |   ^^^
error[E0062]: cannot assign to a tuple element: tuple elements are read-only; use a struct for a mutable field
  --> check_tuple_elem_readonly.bit:15:3
   |
15 |   t.1 = "no"
   |   ^^^
error[E0062]: cannot assign to a tuple element: tuple elements are read-only; use a struct for a mutable field
  --> check_tuple_elem_readonly.bit:16:3
   |
16 |   t.0++
   |   ^^^
