error[E0041]: expected 'string', found 'i64'
  --> check_unary_span.bit:16:10
   |
16 |   return *p
   |          ^^
error[E0041]: expected 'string', found 'i64'
  --> check_unary_span.bit:20:10
   |
20 |   return -x
   |          ^^
error[E0041]: expected 'string', found 'i64'
  --> check_unary_span.bit:24:10
   |
24 |   return +x
   |          ^^
error[E0041]: expected 'string', found 'i64'
  --> check_unary_span.bit:28:10
   |
28 |   return ~x
   |          ^^
error[E0041]: expected 'string', found 'bool'
  --> check_unary_span.bit:32:10
   |
32 |   return !b
   |          ^^
error[E0041]: expected 'string', found 'i64'
  --> check_unary_span.bit:36:10
   |
36 |   return <-c
   |          ^^^
