error[E0047]: 'A' cannot contain itself: A -> B -> A
  --> error_struct_cycle.bit:24:15
   |
24 | struct B { a: A }
   |               ^ use Option<T>, a slice, a map, or an interface to break the cycle
error[E0047]: 'P' cannot contain itself: P -> Q -> R -> P
  --> error_struct_cycle.bit:28:15
   |
28 | struct R { p: P }
   |               ^ use Option<T>, a slice, a map, or an interface to break the cycle
