error[E0083]: 'Container' literal omits class-typed field(s) 'x'
  --> error_trait_field_no_zero_value.bit:21:11
   |
21 |   let c = Container{}
   |           ^^^^^^^^^^^ a class is a reference and has no zero value, so an omitted class-typed field would be null rather than a zeroed body — give each one a value (§13.4)
