error[E0050]: '[]u8(n)' takes one length argument and an optional capacity, got 4
  --> error_slice_ctor_arity.bit:24:15
   |
24 |   let bytes = []u8(127, 69, 76, 70)
   |               ^^^^^^^^^^^^^^^^^^^^^ this is the sized constructor, not an element list — write the elements as `[]u8{ ... }`, or bytes as `[]byte("...")` (§12.9)
error[E0050]: '[]u8()' needs a length: '[]u8(n)' makes a slice of n zero values
  --> error_slice_ctor_arity.bit:25:14
   |
25 |   let none = []u8()
   |              ^^^^^^ or convert a string with `[]byte(s)`, or write the elements as `[]u8{ ... }` (§12.9)
error[E0050]: '[]i64(n)' takes one length argument and an optional capacity, got 5
  --> error_slice_ctor_arity.bit:26:14
   |
26 |   let many = []int(1, 2, 3, 4, 5)
   |              ^^^^^^^^^^^^^^^^^^^^ this is the sized constructor, not an element list — write the elements as `[]i64{ ... }`, or bytes as `[]byte("...")` (§12.9)
