func narrow() (u8, i32, u8) {
bb0():
  %0 = const_int u8 200
  %1 = const_int i32 70000
  %2 = const_int u8 44
  %3 = gc_alloc size=16 ptrs=[] (u8, i32, u8)
  field_set %3[0] = %0
  field_set %3[4] = %1
  field_set %3[8] = %2
  ret %3
}

func mixed() (string, i64) {
bb0():
  %0 = const_string "s"
  %1 = const_int i64 9
  %2 = gc_alloc size=16 ptrs=[%0] (string, i64)
  field_set %2[0] = %0
  field_set %2[8] = %1
  ret %2
}

func main() void {
bb0():
  %0 = const_int u8 200
  %1 = const_int i32 70000
  %2 = const_int u8 44
  %3 = gc_alloc size=16 ptrs=[] (u8, i32, u8)
  field_set %3[0] = %0
  field_set %3[4] = %1
  field_set %3[8] = %2
  %7 = const_string "s"
  %8 = const_int i64 9
  %9 = gc_alloc size=16 ptrs=[%0] (string, i64)
  field_set %9[0] = %7
  field_set %9[8] = %8
  %12 = const_string ""
  %13 = rt_call string_from_uint(%0) string
  %14 = const_string " "
  %15 = rt_call string_from_int(%1) string
  %16 = const_string " "
  %17 = rt_call string_from_uint(%2) string
  %18 = const_string " "
  %19 = const_string " "
  %20 = rt_call string_from_int(%8) string
  %21 = const_string "
"
  %22 = rt_call string_concat(%12, %13) string
  %23 = rt_call string_concat(%22, %14) string
  %24 = rt_call string_concat(%23, %15) string
  %25 = rt_call string_concat(%24, %16) string
  %26 = rt_call string_concat(%25, %17) string
  %27 = rt_call string_concat(%26, %18) string
  %28 = rt_call string_concat(%27, %7) string
  %29 = rt_call string_concat(%28, %19) string
  %30 = rt_call string_concat(%29, %20) string
  %31 = rt_call string_concat(%30, %21) string
  %32 = rt_call print(%31) void
  ret
}
