2281_overflow: text={"x":null} reparse=ok
2281_direct: text={"inf":null,"ninf":null,"nan":null} reparse=ok
2282_integral: text=3.0 isFloat=true stable=true
2282_negzero: text=-0.0 isFloat=true stable=true
2282_exp_integral: text=100.0 isFloat=true stable=true
2283_tiny: text=5e-324 isFloat=true stable=true
2283_huge: text=1e+100 isFloat=true stable=true
2283_negexp: text=1e-100 isFloat=true stable=true
2283_max: text=1.7976931348623157e+308 isFloat=true stable=true
2285_i64min: isInt=true out=-9223372036854775808
2285_neighbour: isInt=true out=-9223372036854775807
2256_depth40: bytes=615 reparse=ok
