error[E0002]: unterminated string
 --> lex_unterminated_interp.bit:2:12
  |
2 | let s = "${
  |            ^ close the interpolation and string
error[E0021]: expected an expression, found end of file
 --> lex_unterminated_interp.bit:2:12
  |
2 | let s = "${
  |            ^
error[E0021]: expected '}', found end of file
 --> lex_unterminated_interp.bit:2:12
  |
2 | let s = "${
  |            ^
