warning[E0201]: function is 5 lines, limit is 2
 --> lint_maxfnlines_arrow.bit:3:10
  |
3 | function outer() {
  |          ^ split it, or raise the limit with `// bit:lint max-fn-lines=5 -- <reason>`
warning[E0201]: function is 3 lines, limit is 2
 --> lint_maxfnlines_arrow.bit:4:12
  |
4 |   let f = (x: int) => {
  |            ^ split it, or raise the limit with `// bit:lint max-fn-lines=3 -- <reason>`
lint: 2 findings, 1 overrides active
