warning[E0214]: append on parameter 'buf' may alias the caller's backing array
 --> lint_append_param_alias.bit:7:3
  |
7 |   append(buf, 1)
  |   ^^^^^^^^^^^^^^ if 'buf' is owned by this function, silence with `// bit:lint disable append-aliasing -- <reason>` in the file's leading comment block; otherwise assign the result back: buf = append(buf, ...)
lint: 1 findings, 0 overrides active
