warning[E0297]: lint override 'allow E0214' reason is 1 character(s), need at least 10
 --> lint_allow_noreason.bit:7:6
  |
7 |   // bit:lint allow E0214 -- x
  |      ^^^^^^^^^^^^^^^^^^^^^^^^^ form: `// bit:lint allow E#### -- <reason>`, placed on the line directly above the finding, naming one of the per-finding rules (append-aliasing and its siblings)
warning[E0214]: append on parameter 'buf' may alias the caller's backing array
 --> lint_allow_noreason.bit:8:3
  |
8 |   append(buf, 1)
  |   ^^^^^^^^^^^^^^ if 'buf' is owned by this function, silence just this call with `// bit:lint allow E0214 -- <reason>` on the line above, or the whole file with `// bit:lint disable append-aliasing -- <reason>` in the leading comment block; otherwise assign the result back: buf = append(buf, ...)
lint: 2 findings, 0 overrides active
