error[E0299]: malformed lint directive: expected an integer after '='
 --> lint_baddirective.bit:2:4
  |
2 | // bit:lint max-file-lines=abc -- not a number
  |    ^^^^^^^^^^^^^^^^^^^^^^^^^^^^^^^^^^^^^^^^^^^ form: `// bit:lint <rule>=<n> -- <reason>` or `// bit:lint disable <rule> -- <reason>`
lint: 1 directive errors, 0 overrides active
