error[E0299]: bit:lint directive found outside the file's leading comment block
 --> lint_override_misplaced.bit:6:4
  |
6 | // bit:lint max-complexity=11 -- helpers cannot be split out, see #2102
  |    ^^^^^^^^^^^^^^^^^^^^^^^^^^^^^^^^^^^^^^^^^^^^^^^^^^^^^^^^^^^^^^^^^^^^ a directive is only honoured in the file's leading comment block (the run of `//` lines from the top of the file); move it there
lint: 1 errors, 0 overrides active
