warning[E0202]: function has 6 params, limit is 5
 --> lint_maxparams_over.bit:2:10
  |
2 | function f(a: int, b: int, c: int, d: int, e: int, g: int) {
  |          ^ group them into a struct, or raise the limit with `// bit:lint max-params=6 -- <reason>` in the file's leading comment block
lint: 1 findings, 0 overrides active
