error[E0082]: module-level 'let' cannot hold 'string': only untraced types may live at module scope
 --> module_state_ref.bit:5:5
  |
5 | let cache = "hello"
  |     ^^^^^ module state is not scanned by the collector, so it may hold integers, floats, bools, raw '*T' pointers, or fixed arrays of those — but never a reference (§11.11)
