truncated-2of3 runeAt=65533 runeCount=2 runesLen=2
truncated-3of4 runeAt=65533 runeCount=3 runesLen=3
lone-continuation runeAt=65533 runeCount=1 runesLen=1
lone-surrogate runeAt=65533 runeCount=3 runesLen=3
overlong-2byte runeAt=65533 runeCount=2 runesLen=2
overlong-3byte runeAt=65533 runeCount=3 runesLen=3
impossible-ff runeAt=65533 runeCount=1 runesLen=1
past-end runeAt=65533
wellformed ok
