string   switch=yes eq=true
literal  switch=hit
classify ONE MULTI OTHER
class   switch=yes eq=true
class!  switch=no eq=false
tuple    switch=yes eq=true
int      switch=yes eq=true
u8       switch=yes eq=true
f32      switch=yes eq=true
rune     switch=yes eq=true
bool     switch=yes eq=true
mixed    switch=second
cond     switch=pos
loop     hits=1
