basic ok: 1234.56
zero ok: 0
empty rejected: parseFloat: invalid syntax
garbage rejected: parseFloat: invalid syntax
trailing_junk rejected: parseFloat: invalid syntax
negative_fraction ok: -0.25
positive_fraction ok: 3.5
integer_shaped ok: 42
exponent ok: 1000
two_dots rejected: parseFloat: invalid syntax
bare_minus rejected: parseFloat: invalid syntax
bare_plus rejected: parseFloat: invalid syntax
nan_spelling rejected: parseFloat: invalid syntax
inf_spelling rejected: parseFloat: invalid syntax
inf_spelling_lower rejected: parseFloat: invalid syntax
neg_inf_spelling rejected: parseFloat: invalid syntax
leading_space rejected: parseFloat: invalid syntax
trailing_space rejected: parseFloat: invalid syntax
overflow_to_inf ok: inf
underflow_to_zero ok: 0
roundtrip ok: 3.14159265358979
