1 empty: sorted=[] len=0 isSorted=true
2 one: sorted=[42]
3 already-sorted: first=0 last=999 sum=499500 isSorted=true
4 reverse-sorted: first=0 last=999 sum=499500 isSorted=true
5 stability: ids=[1 4 7 3 6 0 2 5]
6 sorted-copy: result=[1 2 3 4 5] inputAfter=[5 1 4 2 3]
7 multi-key: ids=[50 30 10 40 20]
8 isSorted: sorted=true shuffled=false
9 all-equal: sorted=[7 7 7 7 7 7] isSorted=true
10 duplicates: sorted=[1 2 2 4 4 4] isSorted=true
