abc_zzz true true false false
getpid_h true true false false
getpid_getpie true true false false
ab_abc true true false false
abc_ab false false true true
zzz_abc false false true true
empty_a true true false false
a_empty false false true true
empty_empty false true false true
abc_abc false true false true
nul_b_nul_c true true false false
a_nul_vs_a false false true true
nul_z_vs_nul false false true true
e_acute_z false false true true
e_acute_e_circ true true false false
tilde_euro true true false false
u7f_u80 true true false false
max_vs_ff false false true true
slice_h true true false false
slice_getpie true true false false
slice_self false true false true
