error[E0300]: relation field 'author' on 'Post' was read without the compiler proving its rows were loaded
  --> check_orm_relation_test_block/main.test.bit:22:16
   |
22 |     return len(p.author.name)
   |                ^^^^^^^^ rows from raw SQL do not load relations; read 'author' through db.table<Post>().with("author"), or select its columns in the SQL and read them as fields
error[E0300]: relation field 'author' on 'Post' was read without the compiler proving its rows were loaded
  --> check_orm_relation_test_block/main.test.bit:10:14
   |
10 |   assert(len(p.author.name) == 3, "author")
   |              ^^^^^^^^ rows from raw SQL do not load relations; read 'author' through db.table<Post>().with("author"), or select its columns in the SQL and read them as fields
