error[E0093]: 'test_takes_a_param' cannot take parameters
  --> check_test_signature.bit:15:23
   |
15 | fn test_takes_a_param(n: int) { eq(1, 1, "never runs") }
   |                       ^^^^^^ a test is a top-level 'fn test_<name>()', taking no parameters and returning nothing (SPEC §19)
error[E0093]: 'test_returns_int' cannot return 'i64'
  --> check_test_signature.bit:17:24
   |
17 | fn test_returns_int(): int { return 0 }
   |                        ^^^ a test is a top-level 'fn test_<name>()', taking no parameters and returning nothing (SPEC §19)
error[E0093]: 'test_parses_config' cannot be fallible
  --> check_test_signature.bit:22:4
   |
22 | fn test_parses_config(): ()! {
   |    ^^^^^^^^^^^^^^^^^^ a test is a top-level 'fn test_<name>()', taking no parameters and returning nothing (SPEC §19)
