error[E0005]: \u{D800} is a UTF-16 surrogate, not a Unicode scalar value
  --> check_unicode_escape_range.bit:20:14
   |
20 |   let lo = "[\u{D800}]"
   |              ^^^^^^^^
error[E0005]: \u{DFFF} is a UTF-16 surrogate, not a Unicode scalar value
  --> check_unicode_escape_range.bit:21:14
   |
21 |   let hi = "[\u{DFFF}]"
   |              ^^^^^^^^
error[E0005]: \u{110000} is above the maximum Unicode scalar value U+10FFFF
  --> check_unicode_escape_range.bit:22:16
   |
22 |   let over = "[\u{110000}]"
   |                ^^^^^^^^^^
error[E0005]: \u{D800} is a UTF-16 surrogate, not a Unicode scalar value
  --> check_unicode_escape_range.bit:23:12
   |
23 |   let r = '\u{D800}'
   |            ^^^^^^^^
