error[E0053]: operator not defined for 'i64' and 'string'
  --> check_compare_type_mismatch.bit:14:12
   |
14 |   print("${i == s}\n")
   |            ^^^^^^
error[E0053]: operator not defined for 'i64' and 'string'
  --> check_compare_type_mismatch.bit:15:12
   |
15 |   print("${i < s}\n")
   |            ^^^^^
error[E0053]: operator not defined for 'i64' and 'bool'
  --> check_compare_type_mismatch.bit:16:12
   |
16 |   print("${i == b}\n")
   |            ^^^^^^
error[E0053]: operator not defined for 'f64' and 'string'
  --> check_compare_type_mismatch.bit:17:12
   |
17 |   print("${f == s}\n")
   |            ^^^^^^
error[E0053]: operator not defined for 'string' and 'bool'
  --> check_compare_type_mismatch.bit:18:12
   |
18 |   print("${s < b}\n")
   |            ^^^^^
