error[E0041]: expected 'error', found 'NoMethod'
  --> check_error_iface_satisfaction.bit:25:18
   |
25 |   let a: error = NoMethod{ code: 1 }
   |                  ^^^^^^^^^^^^^^^^^^^
error[E0041]: expected 'error', found 'WrongSig'
  --> check_error_iface_satisfaction.bit:26:18
   |
26 |   let b: error = WrongSig{ code: 2 }
   |                  ^^^^^^^^^^^^^^^^^^^
error[E0041]: expected 'error', found 'WrongParams'
  --> check_error_iface_satisfaction.bit:27:18
   |
27 |   let c: error = WrongParams{ code: 3 }
   |                  ^^^^^^^^^^^^^^^^^^^^^^
