error[E0099]: 'len()' on 'chan<i64>', which is not a slice, array, string or map
  --> check_chan_len.bit:15:18
   |
15 |   println("${len(c)}")
   |                  ^
error[E0099]: 'cap()' on 'chan<i64>', which is not a slice, array, string or map
  --> check_chan_len.bit:16:18
   |
16 |   println("${cap(c)}")
   |                  ^
