error[E0041]: expected 'Payer', found 'Cash'
  --> check_call_arg_iface_satisfy.bit:37:17
   |
37 |   print("${take(cash)}${take(voucher)}\n")
   |                 ^^^^ 'Cash' has no method 'pay'; 'Payer' needs () => i64
error[E0041]: expected 'Payer', found 'Voucher'
  --> check_call_arg_iface_satisfy.bit:37:30
   |
37 |   print("${take(cash)}${take(voucher)}\n")
   |                              ^^^^^^^ 'Voucher.pay' is (i64) => i64, but 'Payer' needs () => i64
