warning[E0048]: 'f64' shadows a predeclared identifier
 --> check_shadowed_conversion_note.bit:8:4
  |
8 | fn f64(): int { return 1 }
  |    ^^^ shadowing predeclared names is discouraged
error[E0041]: expected 'f64', found 'i64'
  --> check_shadowed_conversion_note.bit:11:10
   |
11 |   return f64(x)
   |          ^^^^^^
note: 'f64' resolves to the function declared here, not the builtin conversion (see E0048)
 --> check_shadowed_conversion_note.bit:8:4
  |
8 | fn f64(): int { return 1 }
  |    ^^^
error[E0050]: expected 0 argument(s), found 1
  --> check_shadowed_conversion_note.bit:11:10
   |
11 |   return f64(x)
   |          ^^^^^^
