error[E0103]: the 'fn (recv: Type) name()' method form was removed in 0.2.0
  --> check_receiver_form_removed.bit:12:4
   |
12 | fn (p: Point) sum(): i64 {
   |    ^ declare the method inside 'class Type { ... }' using the implicit 'this' receiver (SPEC §10.4)
error[E0021]: expected a top-level declaration, found '}'
  --> check_receiver_form_removed.bit:14:1
   |
14 | }
   | ^
