error[E0053]: operator not defined for 'untyped string' and 'i64'
  --> check_string_concat_hint.bit:18:9
   |
18 |   print("The sum is: " + sum)
   |         ^^^^^^^^^^^^^^^^^^^^ use interpolation instead: "The sum is: ${sum}"
error[E0053]: operator not defined for 'i64' and 'untyped string'
  --> check_string_concat_hint.bit:19:9
   |
19 |   print(sum + "The sum is: ")
   |         ^^^^^^^^^^^^^^^^^^^^ use interpolation instead: "${sum}The sum is: "
error[E0053]: operator not defined for 'untyped string' and 'Point'
  --> check_string_concat_hint.bit:20:9
   |
20 |   print("point is: " + p)
   |         ^^^^^^^^^^^^^^^^ use interpolation instead: "point is: ${p}"
error[E0053]: operator not defined for 'untyped string' and '[]i64'
  --> check_string_concat_hint.bit:21:9
   |
21 |   print("xs is: " + xs)
   |         ^^^^^^^^^^^^^^
error[E0053]: operator not defined for 'untyped string' and 'i64'
  --> check_string_concat_hint.bit:22:9
   |
22 |   print(`raw ` + sum)
   |         ^^^^^^^^^^^^
