error[E0041]: expected 'Payer', found 'Cash'
  --> check_userconv_iface_satisfy.bit:34:18
   |
34 |   let p1 = Payer(cash)
   |                  ^^^^ 'Cash' has no method 'pay'; 'Payer' needs () => i64
error[E0041]: expected 'Payer', found 'Voucher'
  --> check_userconv_iface_satisfy.bit:35:18
   |
35 |   let p2 = Payer(voucher)
   |                  ^^^^^^^ 'Voucher.pay' is (i64) => i64, but 'Payer' needs () => i64
