call even odd
field on-noff 
param 1 0
twoUse 3 0 0
sc 3 2 2 0
both 31 242 0
f nan lt=- le=- gt=- ge=- eq=- ne=T
f +0 lt=T le=T gt=- ge=- eq=- ne=T
f -0 lt=T le=T gt=- ge=- eq=- ne=T
f one lt=- le=T gt=- ge=T eq=T ne=-
f inf lt=- le=- gt=T ge=T eq=- ne=T
f -inf lt=T le=T gt=- ge=- eq=- ne=T
f2 nan 10
f2 +0 1
f2 -0 1
f2 inf 10
f2 -inf 1
zero true false true
nan-self false true
