error[E0051]: this instantiation calls 'inner' with '()', which does not satisfy the bound 'Named'
  --> check_generic_transitive_bound_depth.bit:83:10
   |
83 |   return slotMid()
   |          ^^^^^^^^^ '()' has no method 'label'; 'Named' needs () => string
note: 'inner' is called here, in the body emitted for this instantiation
  --> check_generic_transitive_bound_depth.bit:77:12
   |
77 |     return inner(x)
   |            ^^^^^^^^
error[E0051]: this instantiation calls 'inner' with 'i64', which does not satisfy the bound 'Named'
   --> check_generic_transitive_bound_depth.bit:103:12
    |
103 |   print("${chain(7)}\n")
    |            ^^^^^^^^ 'i64' has no method 'label'; 'Named' needs () => string
note: 'mid' is called here, in the body emitted for this instantiation
  --> check_generic_transitive_bound_depth.bit:64:10
   |
64 |   return mid(v)
   |          ^^^^^^
note: 'inner' is called here, in the body emitted for 'mid'
  --> check_generic_transitive_bound_depth.bit:60:10
   |
60 |   return inner(v)
   |          ^^^^^^^^
error[E0051]: this instantiation calls 'inner' with 'i64', which does not satisfy the bound 'Named'
   --> check_generic_transitive_bound_depth.bit:104:12
    |
104 |   print("${deep(7)}\n")
    |            ^^^^^^^ 'i64' has no method 'label'; 'Named' needs () => string
note: 'deepA' is called here, in the body emitted for this instantiation
  --> check_generic_transitive_bound_depth.bit:72:10
   |
72 |   return deepA(v)
   |          ^^^^^^^^
note: 'mid' is called here, in the body emitted for 'deepA'
  --> check_generic_transitive_bound_depth.bit:68:10
   |
68 |   return mid(v)
   |          ^^^^^^
note: 'inner' is called here, in the body emitted for 'mid'
  --> check_generic_transitive_bound_depth.bit:60:10
   |
60 |   return inner(v)
   |          ^^^^^^^^
error[E0051]: this instantiation calls 'inner' with '()', which does not satisfy the bound 'Named'
   --> check_generic_transitive_bound_depth.bit:106:12
    |
106 |   print("${slotOuter()}\n")
    |            ^^^^^^^^^^^ '()' has no method 'label'; 'Named' needs () => string
note: 'mid' is called here, in the body emitted for this instantiation
  --> check_generic_transitive_bound_depth.bit:88:12
   |
88 |     return mid(x)
   |            ^^^^^^
note: 'inner' is called here, in the body emitted for 'mid'
  --> check_generic_transitive_bound_depth.bit:60:10
   |
60 |   return inner(v)
   |          ^^^^^^^^
error[E0051]: this instantiation calls 'mk' with 'i64', which does not satisfy the bound 'Named'
   --> check_generic_transitive_bound_depth.bit:107:12
    |
107 |   print("${viaMethod(7)}\n")
    |            ^^^^^^^^^^^^ 'i64' has no method 'label'; 'Named' needs () => string
note: 'viaMethodMid' is called here, in the body emitted for this instantiation
  --> check_generic_transitive_bound_depth.bit:99:10
   |
99 |   return viaMethodMid(v)
   |          ^^^^^^^^^^^^^^^
note: 'mk' is called here, in the body emitted for 'viaMethodMid'
  --> check_generic_transitive_bound_depth.bit:95:10
   |
95 |   return b.mk(v)
   |          ^^^^^^^
