error[E0041]: cannot store 'T' in interface 'Named': only a class or an enum can be the concrete type behind an interface value
  --> check_generic_param_unbounded_to_iface.bit:14:23
   |
14 |   return Slot{ held = x }
   |                       ^ an interface value is the receiver's object pointer, so a scalar has nothing to point to (§14.3)
error[E0041]: cannot store 'T' in interface 'Named': only a class or an enum can be the concrete type behind an interface value
  --> check_generic_param_unbounded_to_iface.bit:18:10
   |
18 |   return x
   |          ^ an interface value is the receiver's object pointer, so a scalar has nothing to point to (§14.3)
error[E0041]: cannot store 'Color' in an interface: it is the type argument for 'S', which this generic converts to one
  --> check_generic_param_unbounded_to_iface.bit:35:11
   |
35 |   let s = keep(Color.Red)
   |           ^^^^^^^^^^^^^^^ an interface value is the receiver's object pointer, so a bare-tag enum has nothing to point to (§14.3)
