error[E0051]: this instantiation calls 'inner' with '()', which does not satisfy the bound 'Named'
   --> check_generic_inst_site_chain.bit:105:12
    |
105 |   print("${live(7)}\n")
    |            ^^^^^^^ '()' has no method 'label'; 'Named' needs () => string
note: 'slotOne' is called here, in the body emitted for this instantiation
  --> check_generic_inst_site_chain.bit:57:10
   |
57 |   return slotOne()
   |          ^^^^^^^^^
note: 'inner' is called here, in the body emitted for 'slotOne'
  --> check_generic_inst_site_chain.bit:51:12
   |
51 |     return inner(x)
   |            ^^^^^^^^
error[E0051]: this instantiation calls 'inner' with '()', which does not satisfy the bound 'Named'
   --> check_generic_inst_site_chain.bit:106:12
    |
106 |   print("${topB(7)}\n")
    |            ^^^^^^^ '()' has no method 'label'; 'Named' needs () => string
note: 'midB' is called here, in the body emitted for this instantiation
  --> check_generic_inst_site_chain.bit:72:10
   |
72 |   return midB(7)
   |          ^^^^^^^
note: 'slotB' is called here, in the body emitted for 'midB'
  --> check_generic_inst_site_chain.bit:68:10
   |
68 |   return slotB()
   |          ^^^^^^^
note: 'inner' is called here, in the body emitted for 'slotB'
  --> check_generic_inst_site_chain.bit:62:12
   |
62 |     return inner(x)
   |            ^^^^^^^^
error[E0051]: this instantiation calls 'inner' with '()', which does not satisfy the bound 'Named'
   --> check_generic_inst_site_chain.bit:107:12
    |
107 |   print("${viaMethodHop(7)}\n")
    |            ^^^^^^^^^^^^^^^ '()' has no method 'label'; 'Named' needs () => string
note: 'pass' is called here, in the body emitted for this instantiation
  --> check_generic_inst_site_chain.bit:90:10
   |
90 |   return h.pass(7)
   |          ^^^^^^^^^
note: 'slotC' is called here, in the body emitted for 'pass'
  --> check_generic_inst_site_chain.bit:77:12
   |
77 |     return slotC()
   |            ^^^^^^^
note: 'inner' is called here, in the body emitted for 'slotC'
  --> check_generic_inst_site_chain.bit:83:12
   |
83 |     return inner(x)
   |            ^^^^^^^^
error[E0051]: this instantiation calls 'inner' with '()', which does not satisfy the bound 'Named'
   --> check_generic_inst_site_chain.bit:101:10
    |
101 |   return slotDead()
    |          ^^^^^^^^^^ '()' has no method 'label'; 'Named' needs () => string
note: 'inner' is called here, in the body emitted for this instantiation
  --> check_generic_inst_site_chain.bit:95:12
   |
95 |     return inner(x)
   |            ^^^^^^^^
