warning[E0048]: 'int' shadows a predeclared identifier
 --> check_shadows_predeclared.bit:6:7
  |
6 |   let int = 1
  |       ^^^ shadowing predeclared names is discouraged
error[E0041]: expected 'i64', found 'untyped string'
 --> check_shadows_predeclared.bit:7:10
  |
7 |   return "not an int"
  |          ^^^^^^^^^^^^
