error[E0081]: 'entryOf' requires a named function
  --> check_entry_of_invalid.bit:24:24
   |
24 |   print("${int(entryOf(held))}")
   |                        ^^^^ a closure carries a captured environment, so its code address alone would not be callable
error[E0081]: 'entryOf' requires a named function
  --> check_entry_of_invalid.bit:25:24
   |
25 |   print("${int(entryOf(arrow))}")
   |                        ^^^^^ a closure carries a captured environment, so its code address alone would not be callable
error[E0081]: 'entryOf' cannot take the address of generic function 'gen'
  --> check_entry_of_invalid.bit:27:24
   |
27 |   print("${int(entryOf(gen))}")
   |                        ^^^ a generic has no single body until it is instantiated, so there is no one entry address
error[E0050]: 'entryOf' takes exactly 1 argument, found 2
  --> check_entry_of_invalid.bit:29:16
   |
29 |   print("${int(entryOf(alpha, alpha))}")
   |                ^^^^^^^^^^^^^^^^^^^^^
error[E0081]: 'entryOf' requires a named function
  --> check_entry_of_invalid.bit:31:24
   |
31 |   print("${int(entryOf(n))}")
   |                        ^ the operand must name a function declaration, not a value
