error[E0050]: expected at least 1 argument(s), found 0
  --> check_method_variadic_arity.bit:45:10
   |
45 |   return t.tag()
   |          ^^^^^^^
error[E0050]: expected at least 1 argument(s), found 0
  --> check_method_variadic_arity.bit:52:12
   |
52 |   print("${f.tag()}\n")
   |            ^^^^^^^
error[E0063]: '...' spread is only valid as the final argument of a variadic call
  --> check_method_variadic_arity.bit:53:21
   |
53 |   print("${f.bar(...ys, 3)}\n")
   |                     ^^
error[E0063]: '...' spread is only valid as the final argument of a variadic call
  --> check_method_variadic_arity.bit:54:21
   |
54 |   print("${f.one(...ys)}\n")
   |                     ^^
error[E0050]: expected 1 argument(s) before '...', found 0
  --> check_method_variadic_arity.bit:54:12
   |
54 |   print("${f.one(...ys)}\n")
   |            ^^^^^^^^^^^^
error[E0050]: expected 1 argument(s) before '...', found 2
  --> check_method_variadic_arity.bit:55:12
   |
55 |   print("${f.tag("a", 1, ...ys)}\n")
   |            ^^^^^^^^^^^^^^^^^^^^
error[E0050]: expected at least 1 argument(s), found 0
  --> check_method_variadic_arity.bit:56:12
   |
56 |   print("${g()}\n")
   |            ^^^
