error[E0128]: named arguments require a direct call to a named function
  --> check_named_arg_no_paramlist_rejected.bit:27:16
   |
27 |   print("${len(x = s)}\n")
   |                ^^^^^
error[E0128]: named arguments require a direct call to a named function
  --> check_named_arg_no_paramlist_rejected.bit:28:16
   |
28 |   print("${i64(v = 1)}\n")
   |                ^^^^^
error[E0128]: named arguments require a direct call to a named function
  --> check_named_arg_no_paramlist_rejected.bit:29:17
   |
29 |   let p = Point(x = 1)
   |                 ^^^^^
