error[E0073]: cannot interpolate a value of type 'Bad'
  --> check_interp_generic_call_site.bit:11:12
   |
11 |   print("${x}\n")
   |            ^ this generic is instantiated with a type that has no 'show(): string' method
note: this generic function is instantiated from here
  --> check_interp_generic_call_site.bit:14:3
   |
14 |   show1(Bad{ x: 1 })
   |   ^^^^^^^^^^^^^^^^^^
