error[E0021]: expected '}', found ';'
 --> check_import_group_wrapped.bit:4:4
  |
4 |   g
  |    ^ a line break after a value ends the statement (§7); to continue an expression, end the line with the operator instead of starting the next line with it
error[E0021]: expected 'from', found ';'
 --> check_import_group_wrapped.bit:4:4
  |
4 |   g
  |    ^ a line break after a value ends the statement (§7); to continue an expression, end the line with the operator instead of starting the next line with it
error[E0021]: expected a string literal, found ';'
 --> check_import_group_wrapped.bit:4:4
  |
4 |   g
  |    ^ a line break after a value ends the statement (§7); to continue an expression, end the line with the operator instead of starting the next line with it
error[E0021]: expected a top-level declaration, found '}'
 --> check_import_group_wrapped.bit:5:1
  |
5 | } from "./lib"
  | ^
