error[E0051]: this instantiation calls 'mk' with 'i64', which does not satisfy the bound 'Named'
  --> check_generic_transitive_bound_method.bit:82:12
   |
82 |   print("${box(7)}\n")
   |            ^^^^^^ 'i64' has no method 'label'; 'Named' needs () => string
note: 'mk' is called here, in the body emitted for this instantiation
  --> check_generic_transitive_bound_method.bit:46:10
   |
46 |   return b.mk(v)
   |          ^^^^^^^
error[E0051]: this instantiation calls 'mk' with '()', which does not satisfy the bound 'Named'
  --> check_generic_transitive_bound_method.bit:83:12
   |
83 |   print("${slot()}\n")
   |            ^^^^^^ '()' has no method 'label'; 'Named' needs () => string
note: 'mk' is called here, in the body emitted for this instantiation
  --> check_generic_transitive_bound_method.bit:54:12
   |
54 |     return b.mk(x)
   |            ^^^^^^^
error[E0051]: this instantiation calls 'both' with 'i64', which does not satisfy the bound 'Named'
  --> check_generic_transitive_bound_method.bit:84:12
   |
84 |   print("${holder(7)}\n")
   |            ^^^^^^^^^ 'i64' has no method 'label'; 'Named' needs () => string
note: 'both' is called here, in the body emitted for this instantiation
  --> check_generic_transitive_bound_method.bit:63:10
   |
63 |   return h.both(v)
   |          ^^^^^^^^^
error[E0051]: this instantiation calls 'mk' with 'i64', which does not satisfy the bound 'Named'
  --> check_generic_transitive_bound_method.bit:85:12
   |
85 |   print("${paramRecv(b, 7)}\n")
   |            ^^^^^^^^^^^^^^^ 'i64' has no method 'label'; 'Named' needs () => string
note: 'mk' is called here, in the body emitted for this instantiation
  --> check_generic_transitive_bound_method.bit:70:10
   |
70 |   return b.mk(v)
   |          ^^^^^^^
