error[E0052]: map key type must be comparable
  --> check_generic_body_rules_site_note.bit:25:15
   |
25 |   let m = map<T, bool>{}
   |               ^ this generic is instantiated with '[]i64', which is not comparable (§14.6)
note: this generic function is instantiated from here
  --> check_generic_body_rules_site_note.bit:39:12
   |
39 |   print("${badKey([1])}\n")
   |            ^^^^^^^^^^^
error[E0054]: 'Opaque' cannot be indexed
  --> check_generic_body_rules_site_note.bit:31:10
   |
31 |   return v[0] == 9
   |          ^
note: this generic function is instantiated from here
  --> check_generic_body_rules_site_note.bit:40:12
   |
40 |   print("${badIndex(Opaque{})}\n")
   |            ^^^^^^^^^^^^^^^^^^
error[E0057]: no field or method 'n' on this type
  --> check_generic_body_rules_site_note.bit:35:12
   |
35 |   return v.n
   |            ^ this generic is instantiated with 'Opaque', which has no field or method 'n'
note: this generic function is instantiated from here
  --> check_generic_body_rules_site_note.bit:41:12
   |
41 |   print("${badMember(Opaque{})}\n")
   |            ^^^^^^^^^^^^^^^^^^^
