error[E0073]: cannot interpolate a value of type '[]i64'
  --> check_interp_unsupported.bit:17:12
   |
17 |   print("${xs}")
   |            ^^ only primitives and types with a 'show(): string' method convert to string
error[E0073]: cannot interpolate a value of type '[2]u32'
  --> check_interp_unsupported.bit:18:12
   |
18 |   print("${arr}")
   |            ^^^ only primitives and types with a 'show(): string' method convert to string
error[E0073]: cannot interpolate a value of type 'map<string, i64>'
  --> check_interp_unsupported.bit:19:12
   |
19 |   print("${m}")
   |            ^ only primitives and types with a 'show(): string' method convert to string
error[E0073]: cannot interpolate a value of type 'chan<i64>'
  --> check_interp_unsupported.bit:20:12
   |
20 |   print("${c}")
   |            ^ only primitives and types with a 'show(): string' method convert to string
error[E0073]: cannot interpolate a value of type '(i64) => i64'
  --> check_interp_unsupported.bit:21:12
   |
21 |   print("${f}")
   |            ^ only primitives and types with a 'show(): string' method convert to string
error[E0073]: cannot interpolate a value of type 'Point'
  --> check_interp_unsupported.bit:22:12
   |
22 |   print("${p}")
   |            ^ only primitives and types with a 'show(): string' method convert to string
error[E0073]: cannot interpolate a value of type 'Color'
  --> check_interp_unsupported.bit:23:12
   |
23 |   print("${col}")
   |            ^^^ only primitives and types with a 'show(): string' method convert to string
error[E0073]: cannot interpolate a value of type '()'
  --> check_interp_unsupported.bit:24:12
   |
24 |   print("${nothing()}")
   |            ^^^^^^^^^ only primitives and types with a 'show(): string' method convert to string
error[E0073]: cannot interpolate a value of type 'nil'
  --> check_interp_unsupported.bit:25:12
   |
25 |   print("${nil}")
   |            ^^^ only primitives and types with a 'show(): string' method convert to string
