error[E0128]: named arguments require a direct call to a named function
  --> check_named_arg_method_rejected.bit:38:17
   |
38 |   return t.area(w = 3, h = 2)
   |                 ^^^^^
error[E0128]: named arguments require a direct call to a named function
  --> check_named_arg_method_rejected.bit:38:24
   |
38 |   return t.area(w = 3, h = 2)
   |                        ^^^^^
error[E0128]: named arguments require a direct call to a named function
  --> check_named_arg_method_rejected.bit:43:19
   |
43 |   let r1 = b.call(x = 1)
   |                   ^^^^^
error[E0128]: named arguments require a direct call to a named function
  --> check_named_arg_method_rejected.bit:45:18
   |
45 |   let r2 = g.set(x = 1)
   |                  ^^^^^
