error[E0041]: expected 'i64', found 'untyped string'
  --> check_class_init_variadic_arg_type.bit:35:15
   |
35 |   let g = Foo("a")
   |               ^^^
error[E0041]: expected '[]i64', found 'string'
  --> check_class_init_variadic_arg_type.bit:36:18
   |
36 |   let h = Foo(...s)
   |                  ^
error[E0041]: expected 'string', found 'untyped int'
  --> check_class_init_variadic_arg_type.bit:37:18
   |
37 |   let t = Tagged(7, 1, 2)
   |                  ^
