error[E0042]: 'trimSpace' is already declared in this scope
 --> dupimportconflictlib/b.bit:1:22
  |
1 | import { readFile as trimSpace } from "std/fs"
  |                      ^^^^^^^^^ rename or remove one of the declarations
note: previously declared here
 --> dupimportconflictlib/a.bit:6:10
  |
6 | import { trimSpace } from "std/strings"
  |          ^^^^^^^^^
