error[E0073]: cannot interpolate a value of type 'Opaque'
  --> check_generic_index_elem.bit:23:13
   |
23 |   return "${v[0]}"
   |             ^^^^ this generic is instantiated with a type that has no 'show(): string' method
note: this generic function is instantiated from here
  --> check_generic_index_elem.bit:27:12
   |
27 |   print("${one([Opaque{}])}\n")
   |            ^^^^^^^^^^^^^^^
