error[E0050]: 'stackMapsBegin' takes no arguments, found 1
  --> check_stack_maps_args.bit:10:16
   |
10 |   print("${int(stackMapsBegin(1))}")
   |                ^^^^^^^^^^^^^^^^^
error[E0050]: 'stackMapsEnd' takes no arguments, found 2
  --> check_stack_maps_args.bit:11:16
   |
11 |   print("${int(stackMapsEnd(1, 2))}")
   |                ^^^^^^^^^^^^^^^^^^
