error[E0073]: cannot interpolate a value of type 'Opaque'
  --> check_generic_body_rules_depth.bit:42:13
   |
42 |   return "${v}"
   |             ^ this generic is instantiated with a type that has no 'show(): string' method
note: this generic function is instantiated from here
  --> check_generic_body_rules_depth.bit:88:12
   |
88 |   print("${midInterp(Opaque{})}\n")
   |            ^^^^^^^^^^^^^^^^^^^
note: 'deepInterp' is called here, in the body emitted for this instantiation
  --> check_generic_body_rules_depth.bit:46:10
   |
46 |   return deepInterp(v)
   |          ^^^^^^^^^^^^^
error[E0052]: map key type must be comparable
  --> check_generic_body_rules_depth.bit:50:15
   |
50 |   let m = map<T, bool>{}
   |               ^ this generic is instantiated with '[]i64', which is not comparable (§14.6)
note: this generic function is instantiated from here
  --> check_generic_body_rules_depth.bit:89:12
   |
89 |   print("${midKey([1])}\n")
   |            ^^^^^^^^^^^
note: 'deepKey' is called here, in the body emitted for this instantiation
  --> check_generic_body_rules_depth.bit:56:10
   |
56 |   return deepKey(v)
   |          ^^^^^^^^^^
error[E0054]: 'Opaque' cannot be indexed
  --> check_generic_body_rules_depth.bit:60:10
   |
60 |   return v[0] == 9
   |          ^
note: this generic function is instantiated from here
  --> check_generic_body_rules_depth.bit:90:12
   |
90 |   print("${midIndex(Opaque{})}\n")
   |            ^^^^^^^^^^^^^^^^^^
note: 'deepIndex' is called here, in the body emitted for this instantiation
  --> check_generic_body_rules_depth.bit:64:10
   |
64 |   return deepIndex(v)
   |          ^^^^^^^^^^^^
error[E0057]: no field or method 'n' on this type
  --> check_generic_body_rules_depth.bit:68:12
   |
68 |   return v.n
   |            ^ this generic is instantiated with 'Opaque', which has no field or method 'n'
note: this generic function is instantiated from here
  --> check_generic_body_rules_depth.bit:91:12
   |
91 |   print("${midMember(Opaque{})}\n")
   |            ^^^^^^^^^^^^^^^^^^^
note: 'deepMember' is called here, in the body emitted for this instantiation
  --> check_generic_body_rules_depth.bit:72:10
   |
72 |   return deepMember(v)
   |          ^^^^^^^^^^^^^
error[E0073]: cannot interpolate a value of type 'Opaque'
  --> check_generic_body_rules_depth.bit:42:13
   |
42 |   return "${v}"
   |             ^ this generic is instantiated with a type that has no 'show(): string' method
note: this generic function is instantiated from here
  --> check_generic_body_rules_depth.bit:92:12
   |
92 |   print("${sharedA(Opaque{})}\n")
   |            ^^^^^^^^^^^^^^^^^
note: 'deepInterp' is called here, in the body emitted for this instantiation
  --> check_generic_body_rules_depth.bit:76:10
   |
76 |   return deepInterp(v)
   |          ^^^^^^^^^^^^^
error[E0073]: cannot interpolate a value of type 'Opaque'
  --> check_generic_body_rules_depth.bit:42:13
   |
42 |   return "${v}"
   |             ^ this generic is instantiated with a type that has no 'show(): string' method
note: this generic function is instantiated from here
  --> check_generic_body_rules_depth.bit:93:12
   |
93 |   print("${sharedB(Opaque{})}\n")
   |            ^^^^^^^^^^^^^^^^^
note: 'deepInterp' is called here, in the body emitted for this instantiation
  --> check_generic_body_rules_depth.bit:80:10
   |
80 |   return deepInterp(v)
   |          ^^^^^^^^^^^^^
error[E0073]: cannot interpolate a value of type 'Opaque'
  --> check_generic_body_rules_depth.bit:42:13
   |
42 |   return "${v}"
   |             ^ this generic is instantiated with a type that has no 'show(): string' method
note: this generic function is instantiated from here
  --> check_generic_body_rules_depth.bit:94:12
   |
94 |   print("${twice(Opaque{})}\n")
   |            ^^^^^^^^^^^^^^^
note: 'deepInterp' is called here, in the body emitted for this instantiation
  --> check_generic_body_rules_depth.bit:84:10
   |
84 |   return deepInterp(v) + deepInterp(v)
   |          ^^^^^^^^^^^^^
