error[E0051]: this instantiation calls 'inner' with 'i64', which does not satisfy the bound 'Named'
  --> check_generic_transitive_bound_twice.bit:37:12
   |
37 |   print("${twiceBound(7)}\n")
   |            ^^^^^^^^^^^^^ 'i64' has no method 'label'; 'Named' needs () => string
note: 'inner' is called here, in the body emitted for this instantiation
  --> check_generic_transitive_bound_twice.bit:33:10
   |
33 |   return inner(v) + inner(v)
   |          ^^^^^^^^
error[E0051]: this instantiation calls 'inner' with 'bool', which does not satisfy the bound 'Named'
  --> check_generic_transitive_bound_twice.bit:38:12
   |
38 |   print("${twiceBound(true)}\n")
   |            ^^^^^^^^^^^^^^^^ 'bool' has no method 'label'; 'Named' needs () => string
note: 'inner' is called here, in the body emitted for this instantiation
  --> check_generic_transitive_bound_twice.bit:33:10
   |
33 |   return inner(v) + inner(v)
   |          ^^^^^^^^
