warning[E0048]: 'fsCwd' shadows a predeclared identifier
  --> check_builtin_beats_shadowing_class.bit:13:7
   |
13 | class fsCwd {
   |       ^^^^^ shadowing predeclared names is discouraged
error[E0050]: 'fsCwd' takes exactly 0 argument(s), found 2
  --> check_builtin_beats_shadowing_class.bit:19:11
   |
19 |   let s = fsCwd(1, 2)
   |           ^^^^^^^^^^^
