error[E0052]: a 'decimal' cannot be a map key
 --> check_decimal_map_key.bit:6:15
  |
6 |   let m = map<decimal, int>()
  |               ^^^^^^^ equal decimals can differ in scale (1.0 and 1.00), so they would be two keys; key on a string or an integer count of minor units
error[E0052]: a 'decimal' cannot be a map key
  --> check_decimal_map_key.bit:12:15
   |
12 |   let m = map<K, V>()
   |               ^ equal decimals can differ in scale (1.0 and 1.00), so they would be two keys; key on a string or an integer count of minor units
note: this generic function is instantiated from here
  --> check_decimal_map_key.bit:19:12
   |
19 |   print("${keyed(d, 1)}\n")
   |            ^^^^^^^^^^^
