error[E0041]: expected '[]i64', found 'string'
  --> check_method_variadic_arg_type.bit:38:19
   |
38 |   return b.bar(...s)
   |                   ^
error[E0041]: expected 'i64', found 'untyped string'
  --> check_method_variadic_arg_type.bit:45:18
   |
45 |   print("${f.bar("a")}\n")
   |                  ^^^
error[E0041]: expected '[]i64', found 'string'
  --> check_method_variadic_arg_type.bit:46:21
   |
46 |   print("${f.bar(...s)}\n")
   |                     ^
error[E0041]: expected 'string', found 'untyped int'
  --> check_method_variadic_arg_type.bit:47:18
   |
47 |   print("${f.tag(7, 1, 2)}\n")
   |                  ^
error[E0041]: expected 'i64', found 'untyped string'
  --> check_method_variadic_arg_type.bit:48:14
   |
48 |   print("${g("a")}\n")
   |              ^^^
