error[E0041]: cannot store 'untyped int' in interface 'Any': only a class can be the concrete type behind an interface value
  --> check_iface_scalar.bit:40:10
   |
40 |   return 7
   |          ^ an interface value is the receiver's object pointer, so a non-class has nothing to point to (§14.3)
error[E0041]: cannot store 'untyped int' in interface 'Any': only a class can be the concrete type behind an interface value
  --> check_iface_scalar.bit:44:16
   |
44 |   let a: Any = 5
   |                ^ an interface value is the receiver's object pointer, so a non-class has nothing to point to (§14.3)
error[E0041]: cannot store 'untyped int' in interface 'Any': only a class can be the concrete type behind an interface value
  --> check_iface_scalar.bit:45:7
   |
45 |   a = 6
   |       ^ an interface value is the receiver's object pointer, so a non-class has nothing to point to (§14.3)
error[E0041]: cannot store 'untyped int' in interface 'Any': only a class can be the concrete type behind an interface value
  --> check_iface_scalar.bit:46:16
   |
46 |   let n = take(7)
   |                ^ an interface value is the receiver's object pointer, so a non-class has nothing to point to (§14.3)
error[E0041]: cannot store 'untyped int' in interface 'Any': only a class can be the concrete type behind an interface value
  --> check_iface_scalar.bit:47:19
   |
47 |   let b = Box{ v: 8 }
   |                   ^ an interface value is the receiver's object pointer, so a non-class has nothing to point to (§14.3)
error[E0041]: cannot store 'untyped int' in interface 'Any': only a class can be the concrete type behind an interface value
  --> check_iface_scalar.bit:48:20
   |
48 |   let sl: []Any = [9]
   |                    ^ an interface value is the receiver's object pointer, so a non-class has nothing to point to (§14.3)
error[E0041]: cannot store 'untyped int' in interface 'Any': only a class can be the concrete type behind an interface value
  --> check_iface_scalar.bit:49:34
   |
49 |   let m = map<string, Any>{ "k": 10 }
   |                                  ^^ an interface value is the receiver's object pointer, so a non-class has nothing to point to (§14.3)
error[E0041]: cannot store 'untyped int' in interface 'Any': only a class can be the concrete type behind an interface value
  --> check_iface_scalar.bit:51:9
   |
51 |   ch <- 11
   |         ^^ an interface value is the receiver's object pointer, so a non-class has nothing to point to (§14.3)
error[E0041]: cannot store 'i64' in interface 'Shape': only a class can be the concrete type behind an interface value
  --> check_iface_scalar.bit:53:19
   |
53 |   let sh: Shape = meters
   |                   ^^^^^^ an interface value is the receiver's object pointer, so a non-class has nothing to point to (§14.3)
