error[E0021]: expected ';', found ')'
  --> check_forin_pair_binder.bit:15:12
   |
15 |   for (a, b) in m {
   |            ^
error[E0021]: expected an expression, found ')'
  --> check_forin_pair_binder.bit:15:12
   |
15 |   for (a, b) in m {
   |            ^
error[E0021]: expected ';', found kw_in
  --> check_forin_pair_binder.bit:15:14
   |
15 |   for (a, b) in m {
   |              ^^
error[E0021]: expected an expression, found kw_in
  --> check_forin_pair_binder.bit:15:14
   |
15 |   for (a, b) in m {
   |              ^^
error[E0021]: expected ')', found an identifier
  --> check_forin_pair_binder.bit:15:17
   |
15 |   for (a, b) in m {
   |                 ^
error[E0021]: expected '{', found an identifier
  --> check_forin_pair_binder.bit:15:17
   |
15 |   for (a, b) in m {
   |                 ^
error[E0021]: expected ':', found '('
  --> check_forin_pair_binder.bit:16:10
   |
16 |     print("${a}${b}\n")
   |          ^
error[E0021]: expected '}', found ';'
  --> check_forin_pair_binder.bit:16:24
   |
16 |     print("${a}${b}\n")
   |                        ^ a line break after a value ends the statement (§7); to continue an expression, end the line with the operator instead of starting the next line with it
error[E0040]: undefined name 'a'
  --> check_forin_pair_binder.bit:15:8
   |
15 |   for (a, b) in m {
   |        ^
error[E0040]: undefined name 'a'
  --> check_forin_pair_binder.bit:16:14
   |
16 |     print("${a}${b}\n")
   |              ^
error[E0040]: undefined name 'b'
  --> check_forin_pair_binder.bit:16:18
   |
16 |     print("${a}${b}\n")
   |                  ^
