error[E0041]: expected '[]i64', found 'string'
  --> check_spread_operand_type.bit:43:25
   |
43 |   print("${takesInts(...s)}\n")
   |                         ^
error[E0041]: expected '[]i64', found '[]string'
  --> check_spread_operand_type.bit:44:25
   |
44 |   print("${takesInts(...words)}\n")
   |                         ^^^^^
error[E0041]: expected 'string', found 'untyped int'
  --> check_spread_operand_type.bit:45:16
   |
45 |   print("${tag(7, ...nums)}\n")
   |                ^
error[E0068]: cannot infer type parameter 'T'; give explicit type arguments
  --> check_spread_operand_type.bit:46:12
   |
46 |   print("${each(...s)}\n")
   |            ^^^^^^^^^^
error[E0041]: expected '[]i64', found 'string'
  --> check_spread_operand_type.bit:47:25
   |
47 |   print("${each<i64>(...s)}\n")
   |                         ^
