same: true
hash equal: true
hash stable: true
after role change: false
hash differs: true
after deep slice change: false
after nested class slice change: false
after shorter slice: false
a,b vs ab: false
a,b vs ab hash: true
back to equal: true
snapshot same: true
snapshot unaffected: true
original changed: true
snapshot roles: admin 3 a o1
equal: same true ok true hash true
Some vs None: same false ok true hash true
Option payload: same false ok true hash true
enum payload: same false ok true hash true
enum variant: same false ok true hash true
decimal scale: same true ok true hash true
decimal quotient vs literal: same true ok true hash true
decimal differs: same false ok true hash true
map order: same true ok true hash true
map value: same false ok true hash true
map key: same false ok true hash true
map int value: same false ok true hash true
slice of Option: same false ok true hash true
back to equal: same true ok true hash true
snapshot unaffected: same true ok true hash true
original changed: same false ok true hash true
