error[E0041]: expected a class name for a `Class<T>` parameter, found 'Article'
  --> class_arg_not_class.bit:17:19
   |
17 |   let x = allowed(a, {})
   |                   ^ name the class itself, as in `can(Read, Article, { ... })` (SPEC §12.3.1)
error[E0041]: expected a class name for a `Class<T>` parameter, found 'i64'
  --> class_arg_not_class.bit:18:19
   |
18 |   let y = allowed(n, {})
   |                   ^ name the class itself, as in `can(Read, Article, { ... })` (SPEC §12.3.1)
