same: true
hash equal: true
hash stable: true
after role change: false
hash differs: true
after deep slice change: false
after nested class slice change: false
after shorter slice: false
a,b vs ab: false
a,b vs ab hash: true
back to equal: true
snapshot same: true
snapshot unaffected: true
original changed: true
snapshot roles: admin 3 a o1
