bare: record0 field0=[a]
bare: record0 field1=[b]
bare: record0 field2=[c]
bare: roundtrip=true
comma: record0 field0=[a]
comma: record0 field1=[b,c]
comma: record0 field2=[d]
comma: roundtrip=true
dquote: record0 field0=[a]
dquote: record0 field1=[say "hi"]
dquote: record0 field2=[c]
dquote: roundtrip=true
newline: record0 field0=[a]
newline: record0 field1=[line1
line2]
newline: record0 field2=[c]
newline: roundtrip=true
crlf: record0 field0=[a]
crlf: record0 field1=[b]
crlf: record0 field2=[c]
crlf: roundtrip=true
empty: record0 field0=[a]
empty: record0 field1=[]
empty: record0 field2=[c]
empty: roundtrip=true
noterm: record0 field0=[a]
noterm: record0 field1=[b]
noterm: record0 field2=[c]
noterm: roundtrip=true
acceptance: record0 field0=[a]
acceptance: record0 field1=[b,c]
acceptance: record0 field2=[say "hi"]
acceptance: record0 field3=[line1
line2]
acceptance: roundtrip=true
