error[E0021]: expected an identifier, found '='
  --> error_trait_field_default.bit:15:10
   |
15 |   x: int = 5
   |          ^
error[E0021]: expected '(', found '='
  --> error_trait_field_default.bit:15:10
   |
15 |   x: int = 5
   |          ^
error[E0021]: expected an identifier, found '='
  --> error_trait_field_default.bit:15:10
   |
15 |   x: int = 5
   |          ^
error[E0021]: expected ':', found '='
  --> error_trait_field_default.bit:15:10
   |
15 |   x: int = 5
   |          ^
error[E0021]: expected a type, found '='
  --> error_trait_field_default.bit:15:10
   |
15 |   x: int = 5
   |          ^
error[E0021]: expected ')', found '='
  --> error_trait_field_default.bit:15:10
   |
15 |   x: int = 5
   |          ^
error[E0021]: expected '}', found '='
  --> error_trait_field_default.bit:15:10
   |
15 |   x: int = 5
   |          ^
error[E0021]: expected ';', found '='
  --> error_trait_field_default.bit:15:10
   |
15 |   x: int = 5
   |          ^
error[E0021]: expected a top-level declaration, found '}'
  --> error_trait_field_default.bit:16:1
   |
16 | }
   | ^
