error[E0064]: class field default initializer must be a compile-time constant expression
  --> error_field_default.bit:15:12
   |
15 |   x: int = readEnv(),
   |            ^^^^^^^^^ a default is folded and stored at every construction site, so there is no run-time initializer
error[E0041]: expected 'i64', found 'untyped string'
  --> error_field_default.bit:19:12
   |
19 |   x: int = "hello",
   |            ^^^^^^^
error[E0084]: constant expression overflows 'i64'
  --> error_field_default.bit:23:12
   |
23 |   x: int = 9223372036854775807 + 1,
   |            ^^^^^^^^^^^^^^^^^^^^^^^ constant expressions are evaluated with no wrapping (§15.4); this value is not representable
