error[E0083]: cannot assert to 'RedisError': its zero tag names 'WrongType', which carries a payload and has no zero value
  --> error_enum_type_assert_no_zero_value.bit:22:20
   |
22 |     let (re, ok) = e.(RedisError)
   |                    ^^^^^^^^^^^^^^ a mismatch must yield a live zero value (§14.4), but this enum's tag-0 variant has none (§13.4); give its no-payload variant tag 0
