error[E0083]: 'Container' literal omits field(s) with no zero value: 'x'
  --> error_trait_field_no_zero_value.bit:21:11
   |
21 |   let c = Container{}
   |           ^^^^^^^^^^^ a class-typed field is a reference and would be null; a payload-carrying enum's zero tag names a variant that has no payload to give it — give each one a value (§13.4)
