error[E0083]: 'Box' literal omits field(s) with no zero value: 'r'
  --> error_enum_no_zero_value.bit:12:11
   |
12 |   let b = Box{}
   |           ^^^^^ a class-typed field is a reference and would be null; a payload-carrying enum's zero tag names a variant that has no payload to give it — give each one a value (§13.4)
error[E0083]: 'Result<i64, string>' cannot be default-constructed: its zero tag names 'Ok', which carries a payload and has no zero value
  --> error_enum_no_zero_value.bit:15:7
   |
15 |   let x: Result<int, string>
   |       ^^^^^^^^^^^^^^^^^^^^^^ give the binding an initializer, e.g. `= Result<i64, string>.<variant>(...)` (§13.4)
error[E0083]: 'Result<i64, string>' has no zero value, so '[]Result<i64, string>(2)' cannot fill its elements: its zero tag names 'Ok', which carries a payload
  --> error_enum_no_zero_value.bit:18:12
   |
18 |   let xs = []Result<int, string>(2)
   |            ^^^^^^^^^^^^^^^^^^^^^^^^ build the slice from values instead, e.g. `[]Result<i64, string>{ ... }`, or start from `[]Result<i64, string>(0)` and append (§13.4)
