error[E0021]: expected '{', found '<'
  --> error_trait_decl_generics.bit:10:8
   |
10 | trait T<U> {
   |        ^
error[E0021]: expected an identifier, found '<'
  --> error_trait_decl_generics.bit:10:8
   |
10 | trait T<U> {
   |        ^
error[E0021]: expected '(', found '{'
  --> error_trait_decl_generics.bit:10:12
   |
10 | trait T<U> {
   |            ^
error[E0021]: expected an identifier, found '{'
  --> error_trait_decl_generics.bit:10:12
   |
10 | trait T<U> {
   |            ^
error[E0021]: expected ':', found '{'
  --> error_trait_decl_generics.bit:10:12
   |
10 | trait T<U> {
   |            ^
error[E0021]: expected a type, found '{'
  --> error_trait_decl_generics.bit:10:12
   |
10 | trait T<U> {
   |            ^
error[E0021]: expected ')', found '{'
  --> error_trait_decl_generics.bit:10:12
   |
10 | trait T<U> {
   |            ^
error[E0021]: expected ';', found ':'
  --> error_trait_decl_generics.bit:11:13
   |
11 |   identity(): U
   |             ^
error[E0021]: 'fn' is a reserved keyword
  --> error_trait_decl_generics.bit:14:1
   |
14 | fn main() {
   | ^^ reserved words cannot be used as identifiers (SPEC §5.2)
error[E0021]: expected '(', found an identifier
  --> error_trait_decl_generics.bit:14:4
   |
14 | fn main() {
   |    ^^^^
error[E0021]: expected ':', found '('
  --> error_trait_decl_generics.bit:14:8
   |
14 | fn main() {
   |        ^
error[E0021]: expected ')', found '{'
  --> error_trait_decl_generics.bit:14:11
   |
14 | fn main() {
   |           ^
error[E0021]: expected an identifier, found end of file
  --> error_trait_decl_generics.bit:17:1
   |
17 | 
   | ^
error[E0021]: expected '(', found end of file
  --> error_trait_decl_generics.bit:17:1
   |
17 | 
   | ^
error[E0021]: expected an identifier, found end of file
  --> error_trait_decl_generics.bit:17:1
   |
17 | 
   | ^
error[E0021]: expected ':', found end of file
  --> error_trait_decl_generics.bit:17:1
   |
17 | 
   | ^
error[E0021]: expected a type, found end of file
  --> error_trait_decl_generics.bit:17:1
   |
17 | 
   | ^
error[E0021]: expected ')', found end of file
  --> error_trait_decl_generics.bit:17:1
   |
17 | 
   | ^
error[E0021]: expected '}', found end of file
  --> error_trait_decl_generics.bit:17:1
   |
17 | 
   | ^
