error[E0064]: array length must be a compile-time constant integer
  --> error_array_size.bit:12:11
   |
12 |   let a: [n]i64
   |           ^
error[E0064]: array length must be a compile-time constant integer
  --> error_array_size.bit:15:11
   |
15 |   let b: [0 - size]i64
   |           ^^^^^^^^
error[E0064]: array length must be a compile-time constant integer
  --> error_array_size.bit:17:11
   |
17 |   let c: [g()]i64
   |           ^^^
