error[E0053]: operator not defined for 'string'
  --> error_unary_operand.bit:21:17
   |
21 |   let cat = s + +t
   |                 ^^
error[E0053]: operator not defined for 'string'
  --> error_unary_operand.bit:22:13
   |
22 |   let neg = -s
   |             ^^
error[E0053]: operator not defined for 'string'
  --> error_unary_operand.bit:23:14
   |
23 |   let flip = ~s
   |              ^^
error[E0053]: operator not defined for 'untyped float'
  --> error_unary_operand.bit:24:16
   |
24 |   let notInt = ~1.5
   |                ^^^^
