error[E0041]: cannot store 'untyped string' in interface 'error': only a class can be the concrete type behind an interface value
  --> error_fail_operand_not_assignable.bit:27:8
   |
27 |   fail "too short"
   |        ^^^^^^^^^^^ an interface value is the receiver's object pointer, so a non-class has nothing to point to (§14.3)
error[E0041]: cannot store 'untyped bool' in interface 'error': only a class can be the concrete type behind an interface value
  --> error_fail_operand_not_assignable.bit:31:8
   |
31 |   fail true
   |        ^^^^ an interface value is the receiver's object pointer, so a non-class has nothing to point to (§14.3)
error[E0041]: expected 'error', found 'NotAnError'
  --> error_fail_operand_not_assignable.bit:35:8
   |
35 |   fail NotAnError{ code: 7 }
   |        ^^^^^^^^^^^^^^^^^^^^^
error[E0041]: expected 'MyErr', found 'untyped int'
  --> error_fail_operand_not_assignable.bit:39:8
   |
39 |   fail 42
   |        ^^
