error[E0050]: 'atomicLoad' takes a '*T' pointer as its first argument
  --> error_atomic_arity.bit:14:13
   |
14 |   let bad = atomicLoad()
   |             ^^^^^^^^^^^^
error[E0050]: 'atomicStore' takes a '*T' pointer as its first argument
  --> error_atomic_arity.bit:15:3
   |
15 |   atomicStore()
   |   ^^^^^^^^^^^^^
