error[E0041]: cannot store 'Color' in interface 'error': only a class or a boxed enum can be the concrete type behind an interface value
 --> error_enum_type_assert_nonboxed.bit:8:17
  |
8 |   let (_, ok) = e.(Color)
  |                 ^^^^^^^^^ an interface value is the receiver's object pointer; a bare-tag (non-boxed) enum is a raw i64 with nothing to point to (§14.3, §14.7)
