error[E0114]: cannot assign to readonly field 'n'
  --> iface_field_write.bit:17:3
   |
17 |   c.n = 5
   |   ^^^ 'n' is a field requirement of interface 'Counter', which is read-only through the interface (SPEC §14.3); assign it on the concrete class value instead
error[E0114]: cannot assign to readonly field 'n'
  --> iface_field_write.bit:18:3
   |
18 |   c.n += 1
   |   ^^^ 'n' is a field requirement of interface 'Counter', which is read-only through the interface (SPEC §14.3); assign it on the concrete class value instead
error[E0114]: cannot assign to readonly field 'n'
  --> iface_field_write.bit:19:3
   |
19 |   c.n++
   |   ^^^ 'n' is a field requirement of interface 'Counter', which is read-only through the interface (SPEC §14.3); assign it on the concrete class value instead
