error[E0041]: expected 'Subject', found 'Anon'
  --> iface_field_missing.bit:17:20
   |
17 |   let a: Subject = Anon{ name = "n" }
   |                    ^^^^^^^^^^^^^^^^^^ 'Anon' has no readable field 'id' (an unexported field counts only inside its own module); 'Subject' needs id: string
error[E0041]: expected 'Subject', found 'Fn'
  --> iface_field_missing.bit:18:20
   |
18 |   let b: Subject = Fn{}
   |                    ^^^^ 'Fn' has no readable field 'id' (an unexported field counts only inside its own module); 'Subject' needs id: string
