func limb(%0: []u32, %1: i64) u32 {
bb0(%0: []u32, %1: i64):
  %2 = slice_len %0
  %3 = icmp_ult bool %1, %2
  br %3, bb2(), bb1()
bb1():
  %5 = const_string "index out of range"
  %6 = rt_call panic(%5) void
  unreachable
bb2():
  %8 = field_get %0[0] i64
  %9 = field_get %0[16] i64
  %10 = add i64 %9, %1
  %11 = index_get %8[%10] u32
  %12 = const_int u32 7
  %13 = icmp_ugt bool %11, %12
  br %13, bb3(), bb6()
bb3():
  br %3, bb5(), bb4()
bb4():
  %16 = const_string "index out of range"
  %17 = rt_call panic(%16) void
  unreachable
bb5():
  %19 = sub u32 %11, %12
  ret %19
bb6():
  %21 = const_int u32 0
  ret %21
}

func stored(%0: []u32, %1: i64) u32 {
bb0(%0: []u32, %1: i64):
  %2 = slice_len %0
  %3 = icmp_ult bool %1, %2
  br %3, bb2(), bb1()
bb1():
  %5 = const_string "index out of range"
  %6 = rt_call panic(%5) void
  unreachable
bb2():
  %8 = field_get %0[0] i64
  %9 = field_get %0[16] i64
  %10 = add i64 %9, %1
  %11 = index_get %8[%10] u32
  %12 = const_int u32 1
  %13 = add u32 %11, %12
  br %3, bb4(), bb3()
bb3():
  %15 = const_string "index out of range"
  %16 = rt_call panic(%15) void
  unreachable
bb4():
  index_set %8[%10] = %13
  br %3, bb6(), bb5()
bb5():
  %20 = const_string "index out of range"
  %21 = rt_call panic(%20) void
  unreachable
bb6():
  %23 = index_get %8[%10] u32
  ret %23
}

func wide(%0: []i16, %1: []f32, %2: i64) f32 {
bb0(%0: []i16, %1: []f32, %2: i64):
  %3 = slice_len %0
  %4 = icmp_ult bool %2, %3
  br %4, bb2(), bb1()
bb1():
  %6 = const_string "index out of range"
  %7 = rt_call panic(%6) void
  unreachable
bb2():
  %9 = field_get %0[0] i64
  %10 = field_get %0[16] i64
  %11 = add i64 %10, %2
  %12 = index_get %9[%11] i16
  br %4, bb4(), bb3()
bb3():
  %14 = const_string "index out of range"
  %15 = rt_call panic(%14) void
  unreachable
bb4():
  %17 = add i16 %12, %12
  %18 = slice_len %1
  %19 = icmp_ult bool %2, %18
  br %19, bb6(), bb5()
bb5():
  %21 = const_string "index out of range"
  %22 = rt_call panic(%21) void
  unreachable
bb6():
  %24 = field_get %1[0] i64
  %25 = field_get %1[16] i64
  %26 = add i64 %25, %2
  %27 = index_get %24[%26] f32
  br %19, bb8(), bb7()
bb7():
  %29 = const_string "index out of range"
  %30 = rt_call panic(%29) void
  unreachable
bb8():
  %32 = fmul f32 %27, %27
  %33 = convert f32 %17
  %34 = fadd f32 %33, %32
  ret %34
}

func main() void {
bb0():
  %0 = const_int i64 4
  %1 = const_int i64 0
  %2 = rt_call slice_new(%0, %0, %1, %0) []u32
  %3 = const_int i64 1
  %4 = const_int u32 9
  %5 = slice_len %2
  %6 = icmp_ult bool %3, %5
  br %6, bb2(), bb1()
bb1():
  %8 = const_string "index out of range"
  %9 = rt_call panic(%8) void
  unreachable
bb2():
  %11 = field_get %2[0] i64
  index_set %11[%3] = %4
  %13 = const_int i64 2
  %14 = rt_call slice_new(%0, %0, %1, %13) []i16
  %15 = const_int i16 -3
  %16 = slice_len %14
  %17 = icmp_ult bool %13, %16
  br %17, bb4(), bb3()
bb3():
  %19 = const_string "index out of range"
  %20 = rt_call panic(%19) void
  unreachable
bb4():
  %22 = field_get %14[0] i64
  index_set %22[%13] = %15
  %24 = rt_call slice_new(%0, %0, %1, %0) []f32
  %25 = const_float f32 1.5
  %26 = slice_len %24
  %27 = icmp_ult bool %13, %26
  br %27, bb6(), bb5()
bb5():
  %29 = const_string "index out of range"
  %30 = rt_call panic(%29) void
  unreachable
bb6():
  %32 = field_get %24[0] i64
  index_set %32[%13] = %25
  %34 = call @limb(%2, %3) u32
  %35 = rt_call string_from_uint(%34) string
  %36 = const_string " "
  %37 = call @stored(%2, %3) u32
  %38 = rt_call string_from_uint(%37) string
  %39 = const_string " "
  %40 = call @wide(%14, %24, %13) f32
  %41 = convert f64 %40
  %42 = rt_call string_from_float(%41) string
  %43 = rt_call string_concat5(%35, %36, %38, %39, %42) string
  %44 = field_get %43[0] i64
  %45 = field_get %43[8] i64
  %46 = call @m0$println(%44, %45, %43) void
  ret
}
