func oneEdge(%0: bool) i64 {
bb0(%0: bool):
  br %0, bb1(), bb2()
bb1():
  %2 = const_int i64 1
  ret %2
bb2():
  jump bb3()
bb3():
  %5 = const_int i64 2
  ret %5
}

func twoEdges(%0: bool) i64 {
bb0(%0: bool):
  %1 = const_bool false
  br %0, bb1(), bb2(%1)
bb1():
  %3 = const_bool true
  jump bb2(%3)
bb2(%5: bool):
  br %5, bb3(), bb4()
bb3():
  %7 = const_int i64 1
  ret %7
bb4():
  %9 = const_int i64 2
  ret %9
}
