func never(%0: i64) bool {
bb0(%0: i64):
  %1 = const_bool false
  ret %1
}

func always(%0: i64) bool {
bb0(%0: i64):
  %1 = const_bool true
  ret %1
}

func same(%0: i64) bool {
bb0(%0: i64):
  %1 = const_int i64 0
  %2 = icmp_sgt bool %0, %1
  ret %2
}

func main() void {
bb0():
  %0 = const_bool false
  %1 = rt_call string_from_bool(%0) string
  %2 = const_string " "
  %3 = const_bool true
  %4 = rt_call string_from_bool(%3) string
  %5 = const_string " "
  %6 = const_bool true
  %7 = rt_call string_from_bool(%6) string
  %8 = const_string " "
  %9 = const_bool false
  %10 = rt_call string_from_bool(%9) string
  %11 = rt_call string_concat5(%1, %2, %4, %5, %7) string
  %12 = const_string ""
  %13 = rt_call string_concat5(%11, %8, %10, %12, %12) string
  %14 = field_get %13[0] i64
  %15 = field_get %13[8] i64
  %16 = call @m0$println(%14, %15, %13) void
  ret
}
