func main() void {
bb0():
  %0 = gc_alloc size=16 ptrs=[] Box
  %1 = const_int i64 11
  field_set %0[0] = %1
  %3 = const_int i64 22
  field_set %0[8] = %3
  %5 = const_int i64 99
  field_set %0[8] = %5
  %7 = const_string ""
  %8 = rt_call string_from_int(%1) string
  %9 = const_string " "
  %10 = field_get %0[8] i64
  %11 = rt_call string_from_int(%10) string
  %12 = const_string "
"
  %13 = rt_call string_concat(%7, %8) string
  %14 = rt_call string_concat(%13, %9) string
  %15 = rt_call string_concat(%14, %11) string
  %16 = rt_call string_concat(%15, %12) string
  %17 = rt_call print(%16) void
  ret
}

func greet$t21(%0: Box) i64 {
bb0(%0: Box):
  %1 = field_get %0[0] i64
  ret %1
}
