func viaValue(%0: Store) i64 {
bb0(%0: Store):
  %1 = call_iface %0.1() i64
  %2 = call_iface %0.1() i64
  %3 = add i64 %1, %2
  ret %3
}

func both() i64 {
bb0():
  %0 = gc_alloc size=8 ptrs=[] Depth
  %1 = const_int i64 3
  field_set %0[0] = %1
  %3 = call @get$t61(%0) i64
  %4 = call @get$t61(%0) i64
  %5 = add i64 %3, %4
  %6 = gc_alloc size=8 ptrs=[] Depth
  field_set %6[0] = %1
  %8 = call_iface %6.1() i64
  %9 = call_iface %6.1() i64
  %10 = add i64 %8, %9
  %11 = add i64 %5, %10
  ret %11
}

func twice$0(%0: Depth) i64 {
bb0(%0: Depth):
  %1 = call @get$t61(%0) i64
  %2 = call @get$t61(%0) i64
  %3 = add i64 %1, %2
  ret %3
}

func get$t61(%0: Depth) i64 {
bb0(%0: Depth):
  %1 = field_get %0[0] i64
  %2 = const_int i64 0
  %3 = icmp_sle bool %1, %2
  br %3, bb1(), bb2(%0)
bb1():
  ret %2
bb2(%6: Depth):
  %7 = gc_alloc size=8 ptrs=[] Depth
  %8 = field_get %6[0] i64
  %9 = const_int i64 1
  %10 = sub i64 %8, %9
  field_set %7[0] = %10
  %12 = call @get$t61(%7) i64
  %13 = add i64 %12, %9
  ret %13
}
