func hitOnly(%0: map<i64, Obj>, %1: i64) i64 {
bb0(%0: map<i64, Obj>, %1: i64):
  %2 = rt_call map_slot(%0, %1) i64
  %3 = const_int i64 0
  %4 = icmp_sge bool %2, %3
  %5 = rt_call map_val_at(%0, %2) Obj
  %6 = const_nil
  %7 = icmp_ne bool %5, %6
  br %7, bb3(%5), bb1()
bb1():
  br %4, bb2(), bb3(%5)
bb2():
  %10 = gc_alloc size=8 ptrs=[] Obj
  jump bb3(%10)
bb3(%12: Obj):
  br %4, bb4(), bb5(%0, %1, %12, %4)
bb4():
  %14 = field_get %12[0] i64
  ret %14
bb5(%16: map<i64, Obj>, %17: i64, %18: Obj, %19: bool):
  %20 = const_int i64 -1
  ret %20
}

func notOk(%0: map<i64, Obj>, %1: i64) i64 {
bb0(%0: map<i64, Obj>, %1: i64):
  %2 = rt_call map_slot(%0, %1) i64
  %3 = const_int i64 0
  %4 = icmp_sge bool %2, %3
  %5 = rt_call map_val_at(%0, %2) Obj
  %6 = const_nil
  %7 = icmp_ne bool %5, %6
  br %7, bb3(%5), bb1()
bb1():
  br %4, bb2(), bb3(%5)
bb2():
  %10 = gc_alloc size=8 ptrs=[] Obj
  jump bb3(%10)
bb3(%12: Obj):
  %13 = const_bool false
  %14 = icmp_eq bool %4, %13
  br %14, bb4(), bb5(%0, %1, %12, %4)
bb4():
  %16 = const_int i64 -1
  ret %16
bb5(%18: map<i64, Obj>, %19: i64, %20: Obj, %21: bool):
  %22 = field_get %20[0] i64
  ret %22
}

func readAfter(%0: map<i64, Obj>, %1: i64) i64 {
bb0(%0: map<i64, Obj>, %1: i64):
  %2 = rt_call map_slot(%0, %1) i64
  %3 = const_int i64 0
  %4 = icmp_sge bool %2, %3
  %5 = rt_call map_val_at(%0, %2) Obj
  %6 = const_nil
  %7 = icmp_ne bool %5, %6
  br %7, bb2(%5), bb1()
bb1():
  %9 = gc_alloc size=8 ptrs=[] Obj
  jump bb2(%9)
bb2(%11: Obj):
  %12 = const_int i64 0
  br %4, bb3(), bb4(%0, %1, %11, %4, %12)
bb3():
  %14 = const_int i64 1
  jump bb4(%0, %1, %11, %4, %14)
bb4(%16: map<i64, Obj>, %17: i64, %18: Obj, %19: bool, %20: i64):
  %21 = field_get %18[0] i64
  %22 = add i64 %20, %21
  ret %22
}

func take(%0: Obj) i64 {
bb0(%0: Obj):
  %1 = field_get %0[0] i64
  ret %1
}

func callBoth(%0: map<i64, Obj>, %1: i64) i64 {
bb0(%0: map<i64, Obj>, %1: i64):
  %2 = rt_call map_slot(%0, %1) i64
  %3 = const_int i64 0
  %4 = icmp_sge bool %2, %3
  %5 = rt_call map_val_at(%0, %2) Obj
  %6 = const_nil
  %7 = icmp_ne bool %5, %6
  br %7, bb2(%5), bb1()
bb1():
  %9 = gc_alloc size=8 ptrs=[] Obj
  jump bb2(%9)
bb2(%11: Obj):
  br %4, bb3(), bb4(%0, %1, %11, %4)
bb3():
  %13 = field_get %11[0] i64
  %14 = const_int i64 1
  %15 = add i64 %13, %14
  ret %15
bb4(%17: map<i64, Obj>, %18: i64, %19: Obj, %20: bool):
  %21 = field_get %19[0] i64
  ret %21
}

func storeBefore(%0: map<i64, Obj>, %1: i64, %2: Holder) i64 {
bb0(%0: map<i64, Obj>, %1: i64, %2: Holder):
  %3 = rt_call map_slot(%0, %1) i64
  %4 = const_int i64 0
  %5 = icmp_sge bool %3, %4
  %6 = rt_call map_val_at(%0, %3) Obj
  %7 = const_nil
  %8 = icmp_ne bool %6, %7
  br %8, bb2(%6), bb1()
bb1():
  %10 = gc_alloc size=8 ptrs=[] Obj
  jump bb2(%10)
bb2(%12: Obj):
  field_set %2[0] = %12
  br %5, bb3(), bb4(%0, %1, %2, %12, %5)
bb3():
  %15 = field_get %12[0] i64
  ret %15
bb4(%17: map<i64, Obj>, %18: i64, %19: Holder, %20: Obj, %21: bool):
  %22 = const_int i64 -1
  ret %22
}
