func mid(%0: K) i64 {
bb0(%0: K):
  %1 = const_int u64 1
  %2 = sub u64 %0, %1
  %3 = const_int u64 3
  %4 = icmp_ule bool %2, %3
  br %4, bb1(), bb2()
bb1():
  %6 = const_int i64 1
  ret %6
bb2():
  %8 = const_int i64 0
  ret %8
}

func mixed(%0: i64) i64 {
bb0(%0: i64):
  %1 = const_int i64 1
  %2 = const_int i64 2
  %3 = const_int i64 4
  %4 = icmp_eq bool %0, %1
  %5 = icmp_eq bool %0, %2
  %6 = bor bool %4, %5
  %7 = icmp_eq bool %0, %3
  %8 = bor bool %6, %7
  br %8, bb1(), bb2()
bb1():
  ret %1
bb2():
  %11 = const_int i64 0
  ret %11
}

func negs(%0: i32) i64 {
bb0(%0: i32):
  %1 = const_int u32 4294967291
  %2 = sub u32 %0, %1
  %3 = const_int u32 2
  %4 = icmp_ule bool %2, %3
  br %4, bb1(), bb2()
bb1():
  %6 = const_int i64 1
  ret %6
bb2():
  %8 = const_int i64 0
  ret %8
}

func main() void {
bb0():
  jump bb1()
bb1():
  %1 = const_int i64 0
  jump bb2(%1)
bb2(%3: i64):
  %4 = rt_call string_from_int(%3) string
  %5 = const_string " "
  jump bb3()
bb3():
  %7 = const_int i64 0
  jump bb4(%7)
bb4(%9: i64):
  %10 = rt_call string_from_int(%9) string
  %11 = const_string " "
  jump bb5()
bb5():
  %13 = const_int i64 1
  jump bb6(%13)
bb6(%15: i64):
  %16 = rt_call string_from_int(%15) string
  %17 = rt_call string_concat5(%4, %5, %10, %11, %16) string
  %18 = field_get %17[0] i64
  %19 = field_get %17[8] i64
  %20 = call @m0$println(%18, %19, %17) void
  ret
}
