func main() void {
bb0():
  %0 = const_int i64 1
  %1 = const_int i64 0
  %2 = rt_call chan_make(%0, %1) chan<i64>
  %3 = const_int i64 7
  %4 = gc_alloc size=16 ptrs=[%8] fn(i64, chan<i64>) void
  field_set %4[0] = %3
  field_set %4[8] = %2
  %7 = func_addr @spawn$trampoline$2
  %8 = rt_call spawn(%7, %4) void
  ret
}

func idg$0(%0: i64, %1: chan<i64>) void {
bb0(%0: i64, %1: chan<i64>):
  %2 = rt_call chan_send(%1, %0) void
  ret
}

func spawn$trampoline$2(%0: fn(i64, chan<i64>) void) void {
bb0(%0: fn(i64, chan<i64>) void):
  %1 = field_get %0[0] i64
  %2 = field_get %0[8] chan<i64>
  %3 = rt_call chan_send(%2, %1) void
  ret
}
