func narrow() (u8, i32, u8) {
bb0():
  %0 = const_int u8 200
  %1 = const_int i32 70000
  %2 = const_int u8 44
  %3 = gc_alloc size=16 ptrs=[] (u8, i32, u8)
  field_set %3[0] = %0
  field_set %3[4] = %1
  field_set %3[8] = %2
  ret %3
}

func mixed() (string, i64) {
bb0():
  %0 = const_string "s"
  %1 = const_int i64 9
  %2 = gc_alloc size=16 ptrs=[%0] (string, i64)
  field_set %2[0] = %0
  field_set %2[8] = %1
  ret %2
}

func main() void {
bb0():
  %0 = const_int u8 200
  %1 = const_int i32 70000
  %2 = const_int u8 44
  %3 = const_string "s"
  %4 = const_int i64 9
  %5 = rt_call string_from_uint(%0) string
  %6 = const_string " "
  %7 = rt_call string_from_int(%1) string
  %8 = const_string " "
  %9 = rt_call string_from_uint(%2) string
  %10 = const_string " "
  %11 = const_string " "
  %12 = rt_call string_from_int(%4) string
  %13 = const_string "
"
  %14 = rt_call string_concat5(%5, %6, %7, %8, %9) string
  %15 = rt_call string_concat5(%14, %10, %3, %11, %12) string
  %16 = rt_call string_concat(%15, %13) string
  %17 = rt_call print(%16) void
  ret
}
