func stride(%0: i64, %1: i64, %2: string) i64 {
bb0(%0: i64, %1: i64, %2: string):
  %3 = const_int i64 0
  jump bb1(%0, %1, %2, %3, %3)
bb1(%5: i64, %6: i64, %7: string, %8: i64, %9: i64):
  %10 = const_int i64 1
  %11 = add i64 %9, %10
  %12 = icmp_slt bool %11, %6
  br %12, bb2(), bb5(%7, %8)
bb2():
  %14 = icmp_ult bool %11, %6
  br %14, bb4(), bb3()
bb3():
  %16 = const_string "index out of range"
  %17 = rt_call panic(%16) void
  unreachable
bb4():
  %19 = index_get %5[%11] u8
  %20 = add i64 %8, %19
  %21 = const_int i64 3
  %22 = add i64 %9, %21
  jump bb1(%5, %6, %7, %20, %22)
bb5(%24: string, %25: i64):
  ret %25
}

func main() void {
bb0():
  %0 = const_string "abcdefg"
  %1 = field_get %0[0] i64
  %2 = const_int i64 7
  %3 = call @stride(%1, %2, %0) i64
  %4 = rt_call string_from_int(%3) string
  %5 = const_string "
"
  %6 = rt_call string_concat(%4, %5) string
  %7 = rt_call print(%6) void
  ret
}
