func f(%0: i64, %1: i64, %2: string) i64 {
bb0(%0: i64, %1: i64, %2: string):
  %3 = const_int i64 0
  jump bb1(%0, %1, %2, %3, %3)
bb1(%5: i64, %6: i64, %7: string, %8: i64, %9: i64):
  %10 = icmp_slt bool %9, %6
  br %10, bb2(), bb15(%5, %6, %7, %8, %9)
bb2():
  %12 = icmp_ult bool %9, %6
  br %12, bb4(), bb3()
bb3():
  %14 = const_string "index out of range"
  %15 = rt_call panic(%14) void
  unreachable
bb4():
  %17 = index_get %5[%9] u8
  %18 = const_int u8 13
  %19 = icmp_ugt bool %17, %18
  br %19, bb5(), bb6(%5, %6, %7, %8, %9, %17)
bb5():
  %21 = const_int i64 1
  %22 = add i64 %9, %21
  jump bb1(%5, %6, %7, %8, %22)
bb6(%24: i64, %25: i64, %26: string, %27: i64, %28: i64, %29: u8):
  %30 = const_int u8 10
  %31 = icmp_eq bool %29, %30
  br %31, bb7(), bb14(%24, %25, %26, %27, %28, %29)
bb7():
  %33 = const_int i64 0
  %34 = icmp_eq bool %28, %33
  br %34, bb11(%34), bb8()
bb8():
  %36 = const_int i64 1
  %37 = sub i64 %28, %36
  %38 = icmp_ult bool %37, %25
  br %38, bb10(), bb9()
bb9():
  %40 = const_string "index out of range"
  %41 = rt_call panic(%40) void
  unreachable
bb10():
  %43 = index_get %24[%37] u8
  %44 = icmp_ne bool %43, %18
  jump bb11(%44)
bb11(%46: bool):
  br %46, bb12(), bb13(%24, %25, %26, %27, %28, %29)
bb12():
  %48 = const_int i64 -1
  ret %48
bb13(%50: i64, %51: i64, %52: string, %53: i64, %54: i64, %55: u8):
  %56 = const_int i64 1
  %57 = add i64 %53, %56
  jump bb14(%50, %51, %52, %57, %54, %55)
bb14(%59: i64, %60: i64, %61: string, %62: i64, %63: i64, %64: u8):
  %65 = const_int i64 1
  %66 = add i64 %63, %65
  jump bb1(%59, %60, %61, %62, %66)
bb15(%68: i64, %69: i64, %70: string, %71: i64, %72: i64):
  ret %71
}
