func f(%0: i64, %1: i64, %2: string) i64 {
bb0(%0: i64, %1: i64, %2: string):
  %3 = const_int i64 0
  jump bb1(%0, %1, %2, %3, %3)
bb1(%5: i64, %6: i64, %7: string, %8: i64, %9: i64):
  %10 = icmp_slt bool %9, %6
  br %10, bb2(), bb14(%8)
bb2():
  jump bb3()
bb3():
  %13 = index_get %5[%9] u8
  %14 = const_int u8 13
  %15 = icmp_ugt bool %13, %14
  br %15, bb4(), bb5(%5, %6, %7, %8, %9, %13)
bb4():
  %17 = const_int i64 1
  %18 = add i64 %9, %17
  jump bb1(%5, %6, %7, %8, %18)
bb5(%20: i64, %21: i64, %22: string, %23: i64, %24: i64, %25: u8):
  %26 = const_int u8 10
  %27 = icmp_eq bool %25, %26
  br %27, bb6(), bb13(%20, %21, %22, %23, %24)
bb6():
  %29 = const_int i64 0
  %30 = icmp_eq bool %24, %29
  br %30, bb10(%30), bb7()
bb7():
  %32 = const_int i64 1
  %33 = sub i64 %24, %32
  %34 = icmp_ult bool %33, %21
  br %34, bb9(), bb8()
bb8():
  %36 = const_string "index out of range"
  %37 = rt_call panic(%36) void
  unreachable
bb9():
  %39 = index_get %20[%33] u8
  %40 = icmp_ne bool %39, %14
  jump bb10(%40)
bb10(%42: bool):
  br %42, bb11(), bb12(%20, %21, %22, %23, %24)
bb11():
  %44 = const_int i64 -1
  ret %44
bb12(%46: i64, %47: i64, %48: string, %49: i64, %50: i64):
  %51 = const_int i64 1
  %52 = add i64 %49, %51
  jump bb13(%46, %47, %48, %52, %50)
bb13(%54: i64, %55: i64, %56: string, %57: i64, %58: i64):
  %59 = const_int i64 1
  %60 = add i64 %58, %59
  jump bb1(%54, %55, %56, %57, %60)
bb14(%62: i64):
  ret %62
}
