bad_token=json: expected ',' or '}' in object at byte 7 (line 1, column 8)
unterminated=json: expected ',' or '}' in object at byte 6 (line 1, column 7)
invalid_number=json: invalid number literal at byte 1 (line 1, column 2)
trailing_garbage=json: trailing garbage after value at byte 7 (line 1, column 8)
done
