name=bit "lang"
esc=line1
line2	tab
accent=é
emoji=😀
count=42
big=100000000000000000000
ratio=2.5
ok=true
nope=false
nil=true
list_len=3
list0=1
list1=2
list2=3
nested_inner=true
{"name":"bit \"lang\"","esc":"line1\nline2\ttab","accent":"é","emoji":"😀","count":42,"big":100000000000000000000.0,"ratio":2.5,"ok":true,"nope":false,"nil":null,"list":[1,2,3],"nested":{"inner":true}}
