siblings id=780 idx=1560 nested.id=2340
manyKeys n=40 mismatches=0
tailbyte: [key1]/4 [key2]/4 [key3]/4
tailbyte-1=1
tailbyte-3=3
prefix: [aa]/2 [aba]/3 [abba]/4 [abbba]/5
prefix-aa=1
prefix-abbba=4
empty: []/0 [a]/1 []/0
empty-key=1
empty-then-a=2
utf8: [日本]/6 [日ソ本]/9 [é]/2 [ß]/2
utf8-jp=1
utf8-jp-long=2
escaped: [a"b]/3 [a\b]/3 [ab]/2
escaped-quote=1
escaped-backslash=2
escaped-plain=3
uescape: [ab]/2 [ab]/2
uescape-dup=2
deep leaf=9
