bad_token=json: expected ',' or '}' in object at byte 7 (line 1, column 8)
unterminated=json: expected ',' or '}' in object at byte 6 (line 1, column 7)
trailing_comma=json: unexpected token, expected a value at byte 5 (line 1, column 6)
invalid_escape=json: invalid escape character at byte 1 (line 1, column 2)
done
