ascii: len=1 hex=41
nul: len=1 hex=00
u007f: len=1 hex=7f
u0080: len=2 hex=c280
u07ff: len=2 hex=dfbf
u0800: len=3 hex=e0a080
uffff: len=3 hex=efbfbf
pairmin: len=4 hex=f0908080
pairmax: len=4 hex=f48fbfbf
emojilower: len=4 hex=f09f9880
emojiupper: len=4 hex=f09f9880
backslash: len=1 hex=5c
quote: len=1 hex=22
mixed: len=17 hex=61c3a9620a630964e282ac65f09f988066
truncated: ERR json: invalid \u escape at byte 1 (line 1, column 2)
badhex: ERR json: invalid \u escape at byte 5 (line 1, column 6)
lonehigh: ERR json: unpaired surrogate in \u escape at byte 7 (line 1, column 8)
highthenplain: ERR json: unpaired surrogate in \u escape at byte 7 (line 1, column 8)
highthenbmp: ERR json: invalid low surrogate in \u escape at byte 7 (line 1, column 8)
highthenhigh: ERR json: invalid low surrogate in \u escape at byte 7 (line 1, column 8)
lonelow: ERR json: unpaired surrogate in \u escape at byte 1 (line 1, column 2)
lowthenhigh: ERR json: unpaired surrogate in \u escape at byte 1 (line 1, column 2)
done
