create-missing: {\n  "name": "demo",\n  "dependencies": {"foo": "bar"}\n}\n -> reparse ok
existing-empty: {\n  "name": "demo",\n  "dependencies": {"foo": "bar"}\n}\n -> reparse ok
empty-document: {"dependencies": {"foo": "bar"}}\n -> reparse ok
create-three-levels: {"a": {"b": {"c": "bar"}}}\n -> reparse ok
delete-only-member: {\n}\n -> reparse ok
delete-last-member: {\n  "a": "1"\n}\n -> reparse ok
delete-first-member: {\n  "b": "2"\n}\n -> reparse ok
delete-nested-only-member: {\n  "deps": {\n  }\n}\n -> reparse ok
done
