error[E0041]: expected 'string', found 'i64'
  --> jsx_attr_value_type.bit:17:24
   |
17 |   let _ = <li data-id={n} />
   |                        ^
note: convert with string interpolation: "${n}"
  --> jsx_attr_value_type.bit:17:24
   |
17 |   let _ = <li data-id={n} />
   |                        ^
