warning[E0210]: 'frag' is imported but never used
 --> jsx_lint_unused_target.bit:9:28
  |
9 | import { Node, elem, attr, frag, text } from "../../pkg/web"
  |                            ^^^^ remove the import, or bind it to '_' if it is needed only for a side effect
lint: 1 findings, 0 overrides active
