error[E0005]: unknown escape sequence
 --> lex_invalid_escape_incomplete.bit:2:20
  |
2 | fn f() { let s = "a\
  |                    ^
error[E0002]: unterminated string
 --> lex_invalid_escape_incomplete.bit:2:18
  |
2 | fn f() { let s = "a\
  |                  ^^^ add a closing '"'
error[E0021]: expected '}', found end of file
 --> lex_invalid_escape_incomplete.bit:3:1
  |
3 | 
  | ^
