warning[E0218]: 'u.orders' reads relation field 'orders' on 'User' with no preceding '.with("orders")' in this function
  --> lint_relation_unloaded_read.bit:30:16
   |
30 |   print("${len(u.orders)}\n")
   |                ^^^^^^^^ load it first: add '.with("orders")' to the query that produced 'u' -- a []T (@hasMany) field also panics at run time naming the same field and class (#5271); a @hasOne/@belongsTo field does not, so this finding is the only warning you get
lint: 1 findings, 0 overrides active
