error[E0299]: bit:lint directive found outside the file's leading comment block
 --> lint_directive_misplaced.bit:4:4
  |
4 | // bit:lint max-nesting=6 -- reason
  |    ^^^^^^^^^^^^^^^^^^^^^^^^^^^^^^^^ a directive is only honoured in the file's leading comment block (the run of `//` lines from the top of the file); move it there
lint: 1 errors, 0 overrides active
