warning[E0210]: 'onDelete' is imported but never used
 --> lint_attr_arg_unused_import.bit:7:40
  |
7 | import { minLen, rule, LIMIT, Cascade, onDelete } from "./mod"
  |                                        ^^^^^^^^ remove the import, or bind it to '_' if it is needed only for a side effect
lint: 1 findings, 0 overrides active
