warning[E0210]: 'requestWithStreamingBody' is imported but never used
 --> lint_trait_unused_import.bit:9:24
  |
9 | import { getStreaming, requestWithStreamingBody } from "./mod"
  |                        ^^^^^^^^^^^^^^^^^^^^^^^^ remove the import, or bind it to '_' if it is needed only for a side effect
lint: 1 findings, 0 overrides active
