warning[E0210]: 'jsonEncode' is imported but never used
  --> lint_json_synth_import.bit:16:27
   |
16 | import { Json, JsonEntry, jsonEncode } from "std/json"
   |                           ^^^^^^^^^^ remove the import, or bind it to '_' if it is needed only for a side effect
lint: 1 findings, 0 overrides active
