warning[E0217]: 'pool' is used here, but this block already has its own transaction handle 't'
  --> lint_tx_escape_captured.bit:12:5
   |
12 |     pool.save(a)?
   |     ^^^^ a write through the captured 'pool' runs OUTSIDE this transaction and is never rolled back with it; use 't' instead, or name the parameter 'pool' so it shadows the outer handle and the mistake cannot be written
lint: 1 findings, 0 overrides active
