warning[E0210]: 'Json' is imported but never used
  --> lint_json_synth_import.bit:13:10
   |
13 | import { Json, JsonEntry, jsonEncode } from "std/json"
   |          ^^^^ remove the import, or bind it to '_' if it is needed only for a side effect
warning[E0210]: 'JsonEntry' is imported but never used
  --> lint_json_synth_import.bit:13:16
   |
13 | import { Json, JsonEntry, jsonEncode } from "std/json"
   |                ^^^^^^^^^ remove the import, or bind it to '_' if it is needed only for a side effect
warning[E0210]: 'jsonEncode' is imported but never used
  --> lint_json_synth_import.bit:13:27
   |
13 | import { Json, JsonEntry, jsonEncode } from "std/json"
   |                           ^^^^^^^^^^ remove the import, or bind it to '_' if it is needed only for a side effect
lint: 3 findings, 0 overrides active
