warning[E0218]: 'u.orders' reads relation field 'orders' on 'User' with no preceding '.with("orders")' in this function
  --> lint_relation_unloaded_read.bit:23:16
   |
23 |   print("${len(u.orders)}\n")
   |                ^^^^^^^^ load it first: add '.with("orders")' to the query that produced 'u' -- an unloaded relation read panics at run time naming the same field and call (#5053)
lint: 1 findings, 0 overrides active
