warning[E0218]: 'u.profile' reads relation field 'profile' on 'User' with no preceding '.with("profile")' in this function
  --> lint_relation_unloaded_read_hasone.bit:34:12
   |
34 |   print("${u.profile.id}\n")
   |            ^^^^^^^^^ load it first: add '.with("profile")' to the query that produced 'u' -- a []T (@hasMany) field also panics at run time naming the same field and class (#5271); a @hasOne/@belongsTo field does not, so this finding is the only warning you get
lint: 1 findings, 0 overrides active
