object: dom toJson={"effect":"allow","when":{"team":"$user.team","n":[1,2.5,{"deep":[true,null]}]}} append={"effect":"allow","when":{"team":"$user.team","n":[1,2.5,{"deep":[true,null]}]}} null=false
object: text toJson={"effect":"allow","when":{"team":"$user.team","n":[1,2.5,{"deep":[true,null]}]}} append={"effect":"allow","when":{"team":"$user.team","n":[1,2.5,{"deep":[true,null]}]}} null=false
string: dom toJson={"effect":"deny","when":"user.team == 'a'"} append={"effect":"deny","when":"user.team == 'a'"} null=false
string: text toJson={"effect":"deny","when":"user.team == 'a'"} append={"effect":"deny","when":"user.team == 'a'"} null=false
null: dom toJson={"effect":"allow","when":null} append={"effect":"allow","when":null} null=true
null: text toJson={"effect":"allow","when":null} append={"effect":"allow","when":null} null=true
number: dom toJson={"effect":"allow","when":42} append={"effect":"allow","when":42} null=false
number: text toJson={"effect":"allow","when":42} append={"effect":"allow","when":42} null=false
array: dom toJson={"effect":"allow","when":[[],{}]} append={"effect":"allow","when":[[],{}]} null=false
array: text toJson={"effect":"allow","when":[[],{}]} append={"effect":"allow","when":[[],{}]} null=false
absent: dom toJson={"effect":"allow","when":null} append={"effect":"allow","when":null} null=true
absent: text toJson={"effect":"allow","when":null} append={"effect":"allow","when":null} null=true
reordered: dom toJson={"effect":"allow","when":{"a":1}} append={"effect":"allow","when":{"a":1}} null=false
reordered: text toJson={"effect":"allow","when":{"a":1}} append={"effect":"allow","when":{"a":1}} null=false
dup: dom toJson={"effect":"allow","when":2} append={"effect":"allow","when":2} null=false
dup: text toJson={"effect":"allow","when":2} append={"effect":"allow","when":2} null=false
missing-effect: dom: json: missing key 'effect'
missing-effect: text: json: missing key 'effect'
unknown-key: dom: json: unknown key 'extra'
unknown-key: text: json: unknown key 'extra'
bad-inside: text: json: unexpected token, expected a value at byte 30 (line 1, column 31)
full: named=1/1 some=true dom={"one":{"k":[1]},"list":[1,"x",null,{"a":2}],"named":{"p":[true,null,{"r":[]}]},"maybe":{"m":0}} same=true
full: append={"one":{"k":[1]},"list":[1,"x",null,{"a":2}],"named":{"p":[true,null,{"r":[]}]},"maybe":{"m":0}}
empty: named=0/0 some=false dom={"one":null,"list":[],"named":{},"maybe":null} same=true
empty: append={"one":null,"list":[],"named":{},"maybe":null}
absent: named=0/0 some=false dom={"one":null,"list":[],"named":{},"maybe":null} same=true
absent: append={"one":null,"list":[],"named":{},"maybe":null}
maybe-string: named=0/0 some=true dom={"one":1,"list":[],"named":{},"maybe":"s"} same=true
maybe-string: append={"one":1,"list":[],"named":{},"maybe":"s"}
schema: {"type":"object","properties":{"effect":{"type":"string"},"when":{}},"required":["effect","when"],"$defs":{"St":{"type":"object","properties":{"effect":{"type":"string"},"when":{}},"required":["effect","when"]}}}
schema-bag: {"type":"object","properties":{"one":{},"list":{"type":"array","items":{}},"named":{"type":"object","additionalProperties":{}},"maybe":{}},"required":["one","list","named","maybe"],"$defs":{"Bag":{"type":"object","properties":{"one":{},"list":{"type":"array","items":{}},"named":{"type":"object","additionalProperties":{}},"maybe":{}},"required":["one","list","named","maybe"]}}}
