ok: ok id=1
missing-top: json: missing key 'id'
missing-nested: json: missing key 'addr.post_code'
mismatch-top: json: 'id': expected an integer, found a string
mismatch-nested: json: 'addr.post_code': expected a string, found a number
mismatch-in-array: json: 'crumbs[1].post_code': expected a string, found a number
unknown-top: json: unknown key 'nope'
unknown-nested: json: unknown key 'addr.zip'
field-name-not-key: json: unknown key 'addr.postcode'
not-an-object: json: the root value: expected an object, found an array
field-not-an-object: json: 'addr': expected an object, found a number
deep(3): ok tag=n
deep(10000): maxdepth=true segments=128
spawned(10000): maxdepth=true
