satIsWeekendSatSun=true
satIsWeekendFriSat=true
sunIsWeekendSatSun=true
sunIsWeekdayFriSat=true
friPlusOne=2026-09-21
friPlusOneWithHoliday=2026-09-22
friMinusOne=2026-09-17
satPlusZero=2026-09-19
friNext=2026-09-21
friPrevious=2026-09-17
weekDifference=5
weekDifferenceBack=-5
weekDifferenceWithHoliday=4
allSevenRejected=true
dayZeroRejected=true
