and i=0 ok=false x=1
and i=1 ok=false x=1
and i=2 ok=false x=1
and i=3 ok=true x=11
and i=4 ok=true x=21
or i=0 ok=true x=1
or i=1 ok=false x=1
or i=2 ok=false x=1
or i=3 ok=true x=11
or i=4 ok=true x=21
then i=0 v=7 x=1
then i=1 v=7 x=1
then i=2 v=7 x=1
then i=3 v=0 x=11
then i=4 v=0 x=21
else i=0 v=7 x=1
else i=1 v=7 x=1
else i=2 v=7 x=1
else i=3 v=5 x=11
else i=4 v=5 x=21
ifand i=0 x=1
ifand i=1 x=1
ifand i=2 x=1
ifand i=3 x=1101
ifand i=4 x=2201
ifor i=0 x=1001
ifor i=1 x=1001
ifor i=2 x=1001
ifor i=3 x=1101
ifor i=4 x=1201
while i=6 n=6 x=31
match i=0 v=7 x=1
match i=1 v=7 x=1
match i=2 v=4 x=1
match i=3 v=0 x=11
match i=4 v=0 x=21
andmatch i=0 ok=false x=1
andmatch i=1 ok=true x=1
andmatch i=2 ok=false x=1
andmatch i=3 ok=true x=11
andmatch i=4 ok=true x=21
nested i=0 v=2 x=1
nested i=1 v=4 x=1
nested i=2 v=3 x=11
nested i=3 v=3 x=21
nested i=4 v=3 x=31
dflt i=0 v=2 x=1
dflt i=1 v=4 x=1
dflt i=2 v=3 x=11
dflt i=3 v=3 x=21
dflt i=4 v=3 x=31
comboA i=0 a=false x=1
comboA i=1 a=true x=1
comboA i=2 a=true x=1
comboA i=3 a=true x=1
comboA i=4 a=true x=1
comboB i=0 b=false x=1
comboB i=1 b=false x=1
comboB i=2 b=false x=1
comboB i=3 b=false x=1
comboB i=4 b=true x=11
comboC i=0 c=false x=1
comboC i=1 c=false x=1
comboC i=2 c=false x=1
comboC i=3 c=false x=1
comboC i=4 c=true x=101
str i=0 ok=false s=a
str i=1 ok=false s=a
str i=2 ok=false s=a
str i=3 ok=true s=a!
str i=4 ok=true s=a!!
for n=6 x=31
whileskip i=0 x=1
ifelse i=0 x=1 y=3
ifelse i=1 x=1 y=3
ifelse i=2 x=1 y=3
ifelse i=3 x=101 y=102
ifelse i=4 x=201 y=202
ifnest i=0 x=1001
ifnest i=1 x=2001
ifnest i=2 x=2002
ifnest i=3 x=12103
ifnest i=4 x=113203
ifchain i=0 s=aE
ifchain i=1 s=aE-
ifchain i=2 s=aE--
ifchain i=3 s=aE--1T
ifchain i=4 s=aE--1T1T
incatch i=0 v=2 w=0 x=1
incatch i=1 v=4 w=0 x=102
incatch i=2 v=3 w=0 x=213
incatch i=3 v=3 w=0 x=324
incatch i=4 v=3 w=0 x=435
