free id=7 title=first pinned=true labels=2:a,b body=hello line=lead/3
free ref=9 author=ada score=0.5 seen[x]=true/true nick=mango absent=none
method id=7 title=first pinned=true labels=2:a,b body=hello line=lead/3
method ref=9 author=ada score=0.5 seen[x]=true/true nick=mango absent=none
relay id=7 title=first pinned=true labels=2:a,b body=hello line=lead/3
direct id=7 title=first pinned=true labels=2:a,b body=hello line=lead/3
built built/5
calls=2
method err: json: 'line.weight': expected an integer, found a string
