two-result class x=0 ok=false
two-result tuple 0 0 ok=false
two-result enum unit ok=false
single-result class x=0
single-result tuple 0 0
single-result enum unit
select class x=0
select tuple 0 0
select enum unit
select pair class x=0 ok=false
select pair tuple 0 0 ok=false
select pair enum unit ok=false
assert class x=0 ok=false
