iso=2026-09-01 09:05
long=1 September 2026
weekday=Tuesday
clock=9:05 AM
quarter=3
basicOffset=+0400
isoOffset=+04:00
zoneId=Asia/Dubai
quoted=at 09:05
monthShort=Sep
monthFull=September
weekBasedYear=ERR:format: 'Y' is the WEEK-BASED year, wrong for a few days around every New Year; use 'y' for the calendar year, or weekOfYear() for the week number it belongs with
dayOfYear=ERR:format: 'D' is the day of the YEAR, not the day of the month; use 'd' for the day of the month, or dayOfYear() for the day of the year
dateOnly=Tuesday, 1 September 2026
timeOnADate=ERR:format: 'H' is a time field and this value has no time of day
