exact=true
status=Published history=2:Draft,Archived tags[a]=Draft/true reviewed=Archived
ok-absent-reviewed: ok status=Draft history=2:Draft,Published tags[a]=Archived/true reviewed=none
bad-bare: json: 'status': expected one of "Draft", "Published", "Archived", found "Cancelled"
bad-in-array: json: 'history[0]': expected one of "Draft", "Published", "Archived", found "Nope"
bad-in-option: json: 'reviewed': expected one of "Draft", "Published", "Archived", found "Nope"
