dubaiBeforeLondon=true
londonAfterDubai=true
sameInstant=false
sameWallClock=true
zoneGapHours=4
ageDayBefore=25
ageOnBirthday=26
ageForwardDays=9496
ageBackwardDays=-9496
clampedAddMonths=2026-02-28
clampedMonths=1
clampedYears=0
clampedWeeks=4
clampedDays=28
dstDays=1
dstHours=25
dstNanoseconds=90000000000000
dstTimestampHours=25
betweenLow=true
betweenHigh=true
betweenInside=true
betweenOutside=false
emptyRange=false
compareLess=-1
compareEqual=0
compareGreater=1
