riDirect(-5)=-20 riDirect(U+10FFFF)=4456444
riLoop(-5)=-80 riLoop(U+10FFFF)=13369332
riParam(-5)=10 riParam(U+10FFFF)=-2228222
riClosure(-5)=-25 riClosure(U+10FFFF)=5570555
riMap(-5)=-20 riMap(U+10FFFF)=4456444
biDirect=11,9
biLoop=15,-15
biParam=14,-14
biClosure=107,-93
biMap=11,9
ibDirect=21,19
ibLoop=24,-24
ibParam=18,-18
ibClosure=103,-97
ibMap=21,19
fiDirect=true
fiLoop=true
fiParam=true
fiClosure=true
fiMap=true
bsDirect=T:hi|F:lo
bsLoop=ababab|
bsParam=go!|go?
bsClosure=zX|zY
bsMap=go!|go?
pbbi=16,6,15,5
