sum ok 55 sum fail -1
classify 0 = 1
classify 1 = 1
classify 2 = 1
classify 3 = 0
classify 4 = 0
classify 5 = 0
classify 6 = 2
classify 7 = 2
classify 8 = 2
classify 9 = 2
classify 10 = 2
classify 11 = 0
classify 12 = 0
yes end
no end
both zero at 0 ok zero at 0 ok
halve 0/0/0
halve 10/zero at 1
halve 20/2/1
halve 30/zero at 1
halve 40/4/2
