date=2026-09-01
time=09:00:00
timeNanos=09:00:00.000000500
naive=2026-09-01T09:00:00
zoned=2026-09-01T09:00:00+04:00
zonedZ=2026-09-01T09:00:00+00:00
shortFraction=09:00:00.500000000
lowercase=ERR:parse: expected an uppercase 'Z' or a +HH:MM offset with its colon
colonlessOffset=ERR:parse: expected an uppercase 'Z' or a +HH:MM offset with its colon
leapSecond=ERR:timeNs: second out of range
leadingSpace=ERR:parse: a date is exactly 10 characters, YYYY-MM-DD
trailingChar=ERR:parse: a date is exactly 10 characters, YYYY-MM-DD
tenDigitFraction=ERR:parse: a fractional second is 1 to 9 digits, never truncated
missingZone=ERR:parse: expected an uppercase 'Z' or a +HH:MM offset with its colon
impossibleDay=ERR:date: day out of range
pattern=2026-09-01T00:00:00
patternNames=2026-09-01T00:00:00
patternClock=0001-01-01T21:05:00
patternWeekBasedYear=ERR:format: 'Y' is the WEEK-BASED year, wrong for a few days around every New Year; use 'y' for the calendar year, or weekOfYear() for the week number it belongs with
patternDayOfYear=ERR:format: 'D' is the day of the YEAR, not the day of the month; use 'd' for the day of the month, or dayOfYear() for the day of the year
patternLeftover=ERR:parse: input left over once the pattern was satisfied
