id=7 name=ada active=true ratio=0.5 tags=2:a,b seen[a]=true/true nick=mango absent=none created=2026-01-01 city=cairo zip=11511
exact=true
id=7 name=ada active=true ratio=0.5 tags=2:a,b seen[a]=true/true nick=mango absent=none created=2026-01-01 city=cairo zip=11511
ok id=7 name=ada active=true ratio=0.5 tags=2:a,b seen[a]=true/true nick=mango absent=none created=2026-01-01 city=cairo zip=11511
