arrow ? ok=1015 bad=-1
arrow catch ok=15 bad=-1
expr ? ok=1010 bad=1000
fwd ? ok=1004 bad=-1
fwd catch ok=4 bad=-1
blockFwd ok=4 bad=-1
void arrow ? ok=3 bad=-1
void arrow catch ok=7 bad=-3
free ? ok=1004 bad=-1
free catch ok=4 bad=-1
free void ? ok=3 bad=-1
free void catch ok=7 bad=-3
method ? ok=1104 bad=-1
method catch ok=104 bad=-1
iface ? ok=506 bad=-1
iface catch ok=6 bad=-3
field ok=5 bad=-1
