null n=0 eq=true want=true len=0/0 cap=0/0
cap0 n=0 eq=true want=true len=0/0 cap=0/0
spare n=0 eq=true want=true len=3/3 cap=64/64
full n=0 eq=true want=true len=3/3 cap=3/3
null n=1 eq=true want=true len=1/1 cap=1/1
cap0 n=1 eq=true want=true len=1/1 cap=1/1
spare n=1 eq=true want=true len=4/4 cap=64/64
full n=1 eq=true want=true len=4/4 cap=6/6
null n=15 eq=true want=true len=15/15 cap=15/16
cap0 n=15 eq=true want=true len=15/15 cap=15/16
spare n=15 eq=true want=true len=18/18 cap=64/64
full n=15 eq=true want=true len=18/18 cap=18/24
null n=16 eq=true want=true len=16/16 cap=16/16
cap0 n=16 eq=true want=true len=16/16 cap=16/16
spare n=16 eq=true want=true len=19/19 cap=64/64
full n=16 eq=true want=true len=19/19 cap=19/24
null n=17 eq=true want=true len=17/17 cap=17/32
cap0 n=17 eq=true want=true len=17/17 cap=17/32
spare n=17 eq=true want=true len=20/20 cap=64/64
full n=17 eq=true want=true len=20/20 cap=20/24
null n=4096 eq=true want=true len=4096/4096 cap=4096/4096
cap0 n=4096 eq=true want=true len=4096/4096 cap=4096/4096
spare n=4096 eq=true want=true len=4099/4099 cap=4099/8192
full n=4096 eq=true want=true len=4099/4099 cap=4099/6144
multi=xyzonetwothree len=14
mixed=ABCDE len=5
elems=alpha/beta len=2
