id=7 name=ada active=true ratio=0.5 tags=2:a,b seen[a]=true/true nick=mango absent=none created=2026-01-01 city=cairo zip=11511
exact=true
id=7 name=ada active=true ratio=0.5 tags=2:a,b seen[a]=true/true nick=mango absent=none created=2026-01-01 city=cairo zip=11511
omitted: ok id=7 name=ada active=true ratio=0.5 tags=2:a,b seen[a]=true/true nick=mango absent=none created=2026-01-01 city=cairo zip=11511
reordered: ok id=7 name=ada active=true ratio=0.5 tags=2:a,b seen[a]=true/true nick=mango absent=none created=2026-01-01 city=cairo zip=11511
int-for-float: ok id=7 name=ada active=true ratio=2 tags=2:a,b seen[a]=true/true nick=mango absent=none created=2026-01-01 city=cairo zip=11511
dup-keys: ok id=7 name=ada active=true ratio=0.5 tags=2:a,b seen[a]=true/true nick=mango absent=none created=2026-01-01 city=cairo zip=11511
ok: ok id=1 crumbs=0
missing-top: json: missing key 'id'
missing-nested: json: missing key 'addr.post_code'
mismatch-top: json: 'id': expected an integer, found a string
mismatch-nested: json: 'addr.post_code': expected a string, found a number
mismatch-in-array: json: 'crumbs[1].post_code': expected a string, found a number
unknown-top: json: unknown key 'nope'
unknown-nested: json: unknown key 'addr.zip'
field-name-not-key: json: unknown key 'addr.postcode'
not-an-object: json: the root value: expected an object, found an array
field-not-an-object: json: 'addr': expected an object, found a number
null-for-required: json: missing key 'id'
trailing-garbage: json: trailing garbage after value at byte 56 (line 1, column 57)
trailing-comma: json: expected string key at byte 56 (line 1, column 57)
missing-comma: json: expected ',' or '}' in object at byte 8 (line 1, column 9)
unterminated: json: expected ',' or '}' in object at byte 26 (line 1, column 27)
deep(3): ok tag=n
deep(10000): maxdepth=true segments=128
spawned(10000): maxdepth=true
