fresh-0: len=0 head=[] tail=[] sum=0
prefill10-0: len=10 head=[0] tail=[9] sum=329865
fresh-1: len=1 head=[c] tail=[c] sum=99
prefill10-1: len=11 head=[0] tail=[c] sum=225884
fresh-15: len=15 head=[a] tail=[c] sum=498340
prefill10-15: len=25 head=[0] tail=[c] sum=944233
fresh-16: len=16 head=[a] tail=[b] sum=448531
prefill10-16: len=26 head=[0] tail=[b] sum=271172
fresh-17: len=17 head=[a] tail=[c] sum=904521
prefill10-17: len=27 head=[0] tail=[c] sum=406407
fresh-4096: len=4096 head=[a] tail=[b] sum=403870
prefill10-4096: len=4106 head=[0] tail=[b] sum=213852
mixed: len=1080 at79=[y] at80=[Z]
empty-noop=[ab] len=2
alias-init: elem=[ABCD] bytes=[ABCD] lene=4 lenb=4
alias-view: elem c2=120 c3=121 v2len=4 | bytes c2=120 c3=121 v2len=4
alias-null: elem=[q] bytes=[q] lene=1 lenb=1
