a=false b=false
  a
 andNoElse=10
  a
 andElse=19
  a
  b
 orNoElse=30
  a
  b
 orElse=39
  a
 notNoElse=51
  a
  b
 notElse=61
  a
 earlyReturn=91
  a
  a
  b
 chain=none
a=false b=true
  a
 andNoElse=10
  a
 andElse=19
  a
  b
 orNoElse=31
  a
  b
 orElse=41
  a
 notNoElse=51
  a
  b
 notElse=59
  a
 earlyReturn=91
  a
  a
  b
 chain=one
a=true b=false
  a
  b
 andNoElse=10
  a
  b
 andElse=19
  a
 orNoElse=31
  a
 orElse=41
  a
  b
 notNoElse=51
  a
 notElse=59
  a
  b
 earlyReturn=91
  a
  b
  a
 chain=one
a=true b=true
  a
  b
 andNoElse=11
  a
  b
 andElse=21
  a
 orNoElse=31
  a
 orElse=41
  a
  b
 notNoElse=50
  a
 notElse=59
  a
  b
 earlyReturn=0
  a
  b
 chain=both
a=false b=false c=false
  a
 nestedNoElse=70
  a
  b
 nestedElse=79
a=false b=false c=true
  a
 nestedNoElse=70
  a
  b
 nestedElse=79
a=false b=true c=false
  a
 nestedNoElse=70
  a
  b
  c
 nestedElse=79
a=false b=true c=true
  a
 nestedNoElse=70
  a
  b
  c
 nestedElse=81
a=true b=false c=false
  a
  b
  c
 nestedNoElse=70
  a
 nestedElse=81
a=true b=false c=true
  a
  b
  c
 nestedNoElse=71
  a
 nestedElse=81
a=true b=true c=false
  a
  b
 nestedNoElse=71
  a
 nestedElse=81
a=true b=true c=true
  a
  b
 nestedNoElse=71
  a
 nestedElse=81
crlfAt(ab,1)=false
crlfAt(a\r\n,1)=true
crlfAt(a\rx,1)=false
