{"type":"object","properties":{"id":{"type":"integer"},"price":{"type":"number"},"active":{"type":"boolean"},"name":{"type":"string"},"tags":{"type":"array","items":{"type":"string"}},"meta":{"type":"object","additionalProperties":{"type":"string"}},"nick":{"type":["string","null"]},"status":{"type":"string","enum":["Draft","Published","Archived"]},"addr":{"$ref":"#/$defs/Addr"}},"required":["id","price","active","name","tags","meta","nick","status","addr"]}
dedup=true
