int=Some(42)
str=Some(text)
dec=Some(1.5)
pt=Some(1,2)
color=Some(Green: true)
shape=Some(Circle 8)
tuple=Some(3,three)
first=Some(1)
str=Some(one)
first=Some(2)
str=None
first=Some(3)
str=Some(named)
first=None
str=Some(explicit)
method=Some(77)
method=Some(78)
func=3
once=Some(10)
calls=1
variant=Some(5)
