m=0 shape=0 filler=0 haystacks=902 mismatches=0
m=0 shape=0 filler=1 haystacks=902 mismatches=0
m=0 shape=1 filler=0 haystacks=902 mismatches=0
m=0 shape=1 filler=1 haystacks=902 mismatches=0
m=1 shape=0 filler=0 haystacks=861 mismatches=0
m=1 shape=0 filler=1 haystacks=861 mismatches=0
m=1 shape=1 filler=0 haystacks=861 mismatches=0
m=1 shape=1 filler=1 haystacks=861 mismatches=0
m=2 shape=0 filler=0 haystacks=821 mismatches=0
m=2 shape=0 filler=1 haystacks=821 mismatches=0
m=2 shape=1 filler=0 haystacks=821 mismatches=0
m=2 shape=1 filler=1 haystacks=821 mismatches=0
m=3 shape=0 filler=0 haystacks=782 mismatches=0
m=3 shape=0 filler=1 haystacks=782 mismatches=0
m=3 shape=1 filler=0 haystacks=782 mismatches=0
m=3 shape=1 filler=1 haystacks=782 mismatches=0
m=4 shape=0 filler=0 haystacks=744 mismatches=0
m=4 shape=0 filler=1 haystacks=744 mismatches=0
m=4 shape=1 filler=0 haystacks=744 mismatches=0
m=4 shape=1 filler=1 haystacks=744 mismatches=0
m=5 shape=0 filler=0 haystacks=707 mismatches=0
m=5 shape=0 filler=1 haystacks=707 mismatches=0
m=5 shape=1 filler=0 haystacks=707 mismatches=0
m=5 shape=1 filler=1 haystacks=707 mismatches=0
m=6 shape=0 filler=0 haystacks=671 mismatches=0
m=6 shape=0 filler=1 haystacks=671 mismatches=0
m=6 shape=1 filler=0 haystacks=671 mismatches=0
m=6 shape=1 filler=1 haystacks=671 mismatches=0
m=7 shape=0 filler=0 haystacks=636 mismatches=0
m=7 shape=0 filler=1 haystacks=636 mismatches=0
m=7 shape=1 filler=0 haystacks=636 mismatches=0
m=7 shape=1 filler=1 haystacks=636 mismatches=0
m=8 shape=0 filler=0 haystacks=602 mismatches=0
m=8 shape=0 filler=1 haystacks=602 mismatches=0
m=8 shape=1 filler=0 haystacks=602 mismatches=0
m=8 shape=1 filler=1 haystacks=602 mismatches=0
m=9 shape=0 filler=0 haystacks=569 mismatches=0
m=9 shape=0 filler=1 haystacks=569 mismatches=0
m=9 shape=1 filler=0 haystacks=569 mismatches=0
m=9 shape=1 filler=1 haystacks=569 mismatches=0
block=100
at=0 crlf=23 end=96
at=23 crlf=23 end=96
at=24 crlf=45 end=96
at=25 crlf=45 end=96
at=44 crlf=45 end=96
at=45 crlf=45 end=96
at=67 crlf=68 end=96
at=96 crlf=96 end=96
at=97 crlf=98 end=-1
at=98 crlf=98 end=-1
at=99 crlf=-1 end=-1
at=100 crlf=-1 end=-1
at=101 crlf=-1 end=-1
fill=97 target=0 haystacks=13448 mismatches=0
fill=97 target=128 haystacks=13448 mismatches=0
fill=97 target=255 haystacks=13448 mismatches=0
fill=0 target=97 haystacks=13448 mismatches=0
fill=0 target=128 haystacks=13448 mismatches=0
fill=0 target=255 haystacks=13448 mismatches=0
fill=128 target=97 haystacks=13448 mismatches=0
fill=128 target=0 haystacks=13448 mismatches=0
fill=128 target=255 haystacks=13448 mismatches=0
fill=255 target=97 haystacks=13448 mismatches=0
fill=255 target=0 haystacks=13448 mismatches=0
fill=255 target=128 haystacks=13448 mismatches=0
