{"type":"object","properties":{"name":{"type":"string","x-bit-attrs":[{"name":"pattern","args":["^[a-z]+$"]},{"name":"nonEmpty","args":[]}]},"id":{"type":"integer"}},"required":["name","id"],"$defs":{"Widget":{"type":"object","properties":{"name":{"type":"string","x-bit-attrs":[{"name":"pattern","args":["^[a-z]+$"]},{"name":"nonEmpty","args":[]}]},"id":{"type":"integer"}},"required":["name","id"]}}}
