error[E0303]: a condition literal does not support operator objects yet
  --> where_literal_unsupported.bit:12:36
   |
12 |   let a: Where<Article> = { score: { gte: 18 } }
   |                                    ^^^^^^^^^^^ write a plain `field: value` entry, which compares the field for equality
error[E0303]: a condition literal does not support the 'or' key yet
  --> where_literal_unsupported.bit:13:29
   |
13 |   let b: Where<Article> = { or: 1 }
   |                             ^^ write a plain `field: value` entry, which compares the field for equality
