error[E0301]: Article has no field "statuss"
  --> where_ops_combinator_refused.bit:13:36
   |
13 |   let a: Where<Article> = { or: [{ statuss: "x" }, { id: "1" }] }
   |                                    ^^^^^^^ did you mean "status"?
error[E0302]: field "id" of Article is 'i64', found 'string'
  --> where_ops_combinator_refused.bit:13:58
   |
13 |   let a: Where<Article> = { or: [{ statuss: "x" }, { id: "1" }] }
   |                                                          ^^^ a condition entry compares the field with a value of the field's own type
error[E0041]: expected '[]Where<Article>', found 'untyped int'
  --> where_ops_combinator_refused.bit:14:33
   |
14 |   let b: Where<Article> = { or: 1 }
   |                                 ^
error[E0302]: the 'not' key takes one condition, found a list
  --> where_ops_combinator_refused.bit:15:34
   |
15 |   let c: Where<Article> = { not: [{ id: 1 }] }
   |                                  ^^^^^^^^^^^ write `not: { ... }`; to negate several, `not: { or: [...] }`
