error[E0302]: field "status" of Article is 'string', found nil, which only an Option field accepts
  --> where_literal_nil_required.bit:11:37
   |
11 |   let w: Where<Article> = { status: nil }
   |                                     ^^^ a condition entry compares the field with a value of the field's own type
