error[E0040]: undefined name 'authorId'
 --> where_literal_not_where.bit:7:33
  |
7 |   let bad: map<string, i64> = { authorId: 1 }
  |                                 ^^^^^^^^
error[E0040]: undefined name 'missing'
 --> where_literal_not_where.bit:8:16
  |
8 |   let bare = { missing: 1 }
  |                ^^^^^^^
