maskedPongIsPong=true
maskedPongUnmasked=true
maskedPongPayload=PING1
maskedMsgIsText=true
maskedMsgUnmasked=true
maskedMsgPayload=AAABBBCCC
unmaskedClosesWithClose=true
unmaskedCloseCode=1002
fragmentedControlClosesWithClose=true
fragmentedControlCloseCode=1002
oversizedControlClosesWithClose=true
oversizedControlCloseCode=1002
oversizedClosesWithClose=true
oversizedCloseCode=1009
oversizedRejectedFast=true
invalidUtf8ClosesWithClose=true
invalidUtf8CloseCode=1007
