error[E0300]: relation field 'author' on 'Post' was read without the compiler proving its rows were loaded
  --> check_orm_relation_test_caller/a.bit:18:10
   |
18 |   return p.author.name
   |          ^^^^^^^^ 'p' is a parameter of 'lonely', and no function in this project calls 'lonely' (a `test` block is not a caller), so no query's rows ever reach it -- call 'lonely' from a function with rows from a query, which then loads 'author' (or add '.with("author")' to that query)
