error[E0300]: relation field 'author' on 'Article' is read through parameter 'a' of 'view', but the row passed here was not proven loaded
  --> check_orm_relation_call_untraceable_arg.bit:33:15
   |
33 |   return view(a)
   |               ^ rows from raw SQL do not load relations; read 'author' through db.table<Article>().with("author"), or select its columns in the SQL and read them as fields
