error[E0041]: expected 'decimal', found 'untyped float'
  --> check_decimal_digits.bit:10:23
   |
10 |   let wide: decimal = 1.234567890123456789012345678901
   |                       ^^^^^^^^^^^^^^^^^^^^^^^^^^^^^^^^
error[E0041]: expected 'i64', found 'f64'
  --> check_decimal_digits.bit:13:16
   |
13 |   let y: i64 = x
   |                ^
