error[E0053]: asm x64 payload may call out but does not declare the caller-saved clobbers: missing rcx, rdx, rsi, r8, r9, r10, r11
  --> check_asm_call_x64.bit:13:10
   |
13 |   return asm {
   |          ^^^^^ a call destroys the whole caller-saved file; add `clobber x64 { callerSaved }`
error[E0053]: asm x64 payload may call out but does not declare the caller-saved clobbers: missing rcx, rdx, rsi, r8, r9, r10, r11
  --> check_asm_call_x64.bit:69:10
   |
69 |   return asm {
   |          ^^^^^ a call destroys the whole caller-saved file; add `clobber x64 { callerSaved }`
