error[E0190]: unhandled fallible value of type '()!'
  --> check_fallible_defer_spawn.bit:21:9
   |
21 |   defer run()
   |         ^^^^^ 'defer' has no caller to receive the error: defer an infallible wrapper that handles it with 'catch' (§18.3)
error[E0190]: unhandled fallible value of type '()!'
  --> check_fallible_defer_spawn.bit:22:9
   |
22 |   defer c.close()
   |         ^^^^^^^^^ 'defer' has no caller to receive the error: defer an infallible wrapper that handles it with 'catch' (§18.3)
error[E0190]: unhandled fallible value of type '()!'
  --> check_fallible_defer_spawn.bit:23:9
   |
23 |   spawn run()
   |         ^^^^^ 'spawn' has no caller to receive the error: spawn an infallible wrapper that handles it with 'catch' (§18.3)
error[E0190]: unhandled fallible value of type 'i64!'
  --> check_fallible_defer_spawn.bit:24:9
   |
24 |   spawn count()
   |         ^^^^^^^ 'spawn' has no caller to receive the error: spawn an infallible wrapper that handles it with 'catch' (§18.3)
