error[E0058]: 'Pair' expects 2 type argument(s), found 1
  --> check_type_arg_count_positions.bit:34:15
   |
34 | type OneArg = Pair<i64>
   |               ^^^^^^^^^
error[E0058]: 'Pair' needs 2 type argument(s); write 'Pair<...>'
  --> check_type_arg_count_positions.bit:35:18
   |
35 | type BareAlias = Pair
   |                  ^^^^
error[E0058]: 'Pair' expects 2 type argument(s), found 1
  --> check_type_arg_count_positions.bit:36:17
   |
36 | type FnAlias = (Pair<i64>) => i64
   |                 ^^^^^^^^^
error[E0058]: 'Pair' expects 2 type argument(s), found 1
  --> check_type_arg_count_positions.bit:39:5
   |
39 |   H(Pair<i64>),
   |     ^^^^^^^^^
error[E0058]: 'Pair' needs 2 type argument(s); write 'Pair<...>'
  --> check_type_arg_count_positions.bit:40:5
   |
40 |   B(Pair),
   |     ^^^^
error[E0058]: 'Pair' expects 2 type argument(s), found 1
  --> check_type_arg_count_positions.bit:44:6
   |
44 |   f: Pair<i64>,
   |      ^^^^^^^^^
error[E0058]: 'Plain' expects 0 type argument(s), found 1
  --> check_type_arg_count_positions.bit:45:6
   |
45 |   g: Plain<i64>,
   |      ^^^^^^^^^^
error[E0058]: 'Pair' needs 2 type argument(s); write 'Pair<...>'
  --> check_type_arg_count_positions.bit:46:8
   |
46 |   h: []Pair,
   |        ^^^^
error[E0058]: 'Pair' expects 2 type argument(s), found 1
  --> check_type_arg_count_positions.bit:47:18
   |
47 |   m: map<string, Pair<i64>>,
   |                  ^^^^^^^^^
error[E0058]: 'Plain' expects 0 type argument(s), found 1
  --> check_type_arg_count_positions.bit:50:13
   |
50 | fn param(p: Plain<i64>, q: Res<i64>) {}
   |             ^^^^^^^^^^
error[E0058]: 'Res' expects 2 type argument(s), found 1
  --> check_type_arg_count_positions.bit:50:28
   |
50 | fn param(p: Plain<i64>, q: Res<i64>) {}
   |                            ^^^^^^^^
error[E0058]: 'Pair' needs 2 type argument(s); write 'Pair<...>'
  --> check_type_arg_count_positions.bit:51:14
   |
51 | fn result(): Pair {
   |              ^^^^
error[E0058]: 'PairAlias' expects 0 type argument(s), found 1
  --> check_type_arg_count_positions.bit:54:13
   |
54 | fn alias(p: PairAlias<i64>) {}
   |             ^^^^^^^^^^^^^^
error[E0058]: 'i64' expects 0 type argument(s), found 1
  --> check_type_arg_count_positions.bit:55:17
   |
55 | fn primitive(p: i64<string>, q: string<i64>) {}
   |                 ^^^^^^^^^^^
error[E0058]: 'string' expects 0 type argument(s), found 1
  --> check_type_arg_count_positions.bit:55:33
   |
55 | fn primitive(p: i64<string>, q: string<i64>) {}
   |                                 ^^^^^^^^^^^
error[E0058]: 'T' expects 0 type argument(s), found 1
  --> check_type_arg_count_positions.bit:56:20
   |
56 | fn typeParam<T>(x: T<i64>) {}
   |                    ^^^^^^
error[E0058]: 'Pair' expects 2 type argument(s), found 1
  --> check_type_arg_count_positions.bit:65:10
   |
65 |   let x: Pair<i64> = Pair<i64, string>{ a = 1, b = "s" }
   |          ^^^^^^^^^
error[E0058]: 'Pair' expects 2 type argument(s), found 1
  --> check_type_arg_count_positions.bit:66:11
   |
66 |   let y = Pair<i64>{ a = 1 }
   |           ^^^^^^^^
error[E0058]: 'Plain' expects 0 type argument(s), found 1
  --> check_type_arg_count_positions.bit:67:10
   |
67 |   let z: Plain<i64> = Plain{ n = 1 }
   |          ^^^^^^^^^^
error[E0058]: 'Plain' expects 0 type argument(s), found 1
  --> check_type_arg_count_positions.bit:68:11
   |
68 |   let w = Plain<i64>{ n = 1 }
   |           ^^^^^^^^^
error[E0058]: 'Res' expects 2 type argument(s), found 1
  --> check_type_arg_count_positions.bit:69:10
   |
69 |   let e: Res<i64> = Res.Ok(1)
   |          ^^^^^^^^
error[E0058]: 'Pair' expects 2 type argument(s), found 1
  --> check_type_arg_count_positions.bit:70:15
   |
70 |   let f = (p: Pair<i64>) => 1
   |               ^^^^^^^^^
error[E0058]: 'Plain' expects 0 type argument(s), found 1
  --> check_type_arg_count_positions.bit:72:14
   |
72 |   let g = s.(Plain<i64>)
   |              ^^^^^^^^^^
error[E0058]: 'Pair' needs 2 type argument(s); write 'Pair<...>'
  --> check_type_arg_count_positions.bit:73:13
   |
73 |   let m = []Pair{}
   |             ^^^^
error[E0058]: 'Pair' needs 2 type argument(s); write 'Pair<...>'
  --> check_type_arg_count_positions.bit:74:10
   |
74 |   let b: Pair
   |          ^^^^
error[E0058]: 'id' expects 1 type argument(s), found 2
  --> check_type_arg_count_positions.bit:78:12
   |
78 |   let a1 = id<i64, i64>(1)
   |            ^^^^^^^^^^^^^^^
error[E0058]: 'two' expects 2 type argument(s), found 1
  --> check_type_arg_count_positions.bit:79:12
   |
79 |   let a2 = two<i64>(1, 2)
   |            ^^^^^^^^^^^^^^
error[E0058]: 'get' expects 1 type argument(s), found 2
  --> check_type_arg_count_positions.bit:80:12
   |
80 |   let a3 = p.get<i64, i64>(1)
   |            ^^^^^^^^^^^^^^^^^^
