error[E0041]: expected 'bool', found 'i64'
 --> check_condition_not_bool.bit:7:7
  |
7 |   if (n) {
  |       ^
error[E0041]: expected 'bool', found 'string'
  --> check_condition_not_bool.bit:10:10
   |
10 |   while (s) {
   |          ^
error[E0041]: expected 'bool', found 'i64'
  --> check_condition_not_bool.bit:13:17
   |
13 |   let a = ok && n
   |                 ^
error[E0041]: expected 'bool', found 'string'
  --> check_condition_not_bool.bit:14:11
   |
14 |   let b = s || ok
   |           ^
error[E0041]: expected 'bool', found 'i64'
  --> check_condition_not_bool.bit:15:12
   |
15 |   let c = !n
   |            ^
