error[E0300]: relation field 'author' on 'Post' was read without the compiler proving its rows were loaded
  --> check_orm_relation_map_store.bit:27:12
   |
27 |   print("${byId[posts[0].id].author.name}\n")
   |            ^^^^^^^^^^^^^^^^^^^^^^^^ these rows were stored from the query on line 24, which does not load 'author' -- add '.with("author")' to that query
