error[E0146]: 'i64' has no parts to split (§13.1)
  --> check_forof_pair_nontuple.bit:13:7
   |
13 |   for (a, b) of xs {
   |       ^^^^^^ use 'for (i, x) in ...' for the index and the element, or 'for x of ...' for the element alone
error[E0146]: '(string, i64)' has 2 parts, but this binder names 3 (§13.1)
  --> check_forof_pair_nontuple.bit:17:7
   |
17 |   for (p, q, r) of pairs {
   |       ^^^^^^^^^ name one binder per part
