error[E0300]: relation field 'tags' on 'Article' was read without the compiler proving its rows were loaded
  --> check_orm_relation_manytomany_raw_query.bit:24:16
   |
24 |   print("${len(rows[0].tags)}\n")
   |                ^^^^^^^^^^^^ rows from raw SQL do not load relations; read 'tags' through db.table<Article>().with("tags"), or select its columns in the SQL and read them as fields
