error[E0041]: impossible type assertion: 'Plain' does not satisfy 'Transport'
  --> check_assert_iface_target.bit:20:18
   |
20 |   let (p, ok2) = t.(Plain)
   |                  ^^^^^^^^^
error[E0041]: impossible type assertion: 'Plain' does not satisfy 'Transport'
  --> check_assert_iface_target.bit:21:11
   |
21 |   let q = t.(Plain)
   |           ^^^^^^^^^
