error[E0062]: cannot assign through 'grid': declared 'const' (a 'const' table is read-only)
 --> check_const_write_through_import.bit:9:3
  |
9 |   grid[0] = 9
  |   ^^^^^^^
error[E0062]: cannot assign through 'consts.grid': declared 'const' (a 'const' table is read-only)
  --> check_const_write_through_import.bit:10:3
   |
10 |   consts.grid[1] = 8
   |   ^^^^^^^^^^^^^^
error[E0062]: cannot assign through 'consts.grid': declared 'const' (a 'const' table is read-only)
  --> check_const_write_through_import.bit:11:3
   |
11 |   consts.grid[0]++
   |   ^^^^^^^^^^^^^^
