error[E0124]: no parameter named 'depth'
  --> check_named_arg_generic_unknown.bit:22:28
   |
22 |   return shape.area(w = 3, depth = 2)
   |                            ^^^^^^^^^
error[E0124]: no parameter named 'c'
  --> check_named_arg_generic_unknown.bit:26:24
   |
26 |   print("${pick(a = 1, c = 2)}\n")
   |                        ^^^^^
error[E0124]: no parameter named 'y'
  --> check_named_arg_generic_unknown.bit:28:20
   |
28 |   print("${box.set(y = 1)}\n")
   |                    ^^^^^
