error[E0313]: '__sameValue' is not available on 'Handler': field 'onDone' of type '() => bool': its type has no value equality
  --> check_value_member_not_comparable.bit:13:11
   |
13 |   print(a.__sameValue(b))
   |           ^^^^^^^^^^^ deep value semantics need every field to be a string, number, bool, float, payload-free enum, slice of those or a class that has them (SPEC §14.3)
