error[E0312]: class 'User' declares '__sameValue', a name the compiler reserves for deep value semantics
 --> check_value_member_reserved.bit:6:3
  |
6 |   __sameValue(other: User): bool {
  |   ^^^^^^^^^^^ rename this method — '__sameValue', '__valueHash' and '__snapshot' are synthesized for every class whose fields have value semantics (SPEC §14.3), and a hand-written one would satisfy an interface requiring it by name alone
