error[E0300]: relation field 'author' on 'Post' was read without the compiler proving its rows were loaded
  --> check_orm_relation_return_two_queries.bit:29:10
   |
29 |   return p.author.name
   |          ^^^^^^^^ these rows came from the query on line 24, which does not load 'author' -- add '.with("author")' to that query
