error[E0311]: class 'User' declares '__field', a name the compiler reserves for the by-name field read
  --> check_field_read_reserved.bit:13:3
   |
13 |   __field(name: string): Option<Json> {
   |   ^^^^^^^ rename this method — '__field' is synthesized for every class in a program whose interface requires it (SPEC §14.3), and a hand-written one would satisfy that requirement by name alone
