error[E0062]: cannot assign to 'x': declared 'const'
 --> check_local_const_assign.bit:8:3
  |
8 |   x++
  |   ^
error[E0062]: cannot assign to 'x': declared 'const'
 --> check_local_const_assign.bit:9:3
  |
9 |   x--
  |   ^
error[E0062]: cannot assign to 'x': declared 'const'
  --> check_local_const_assign.bit:10:3
   |
10 |   x += 1
   |   ^
error[E0062]: cannot assign to 'x': declared 'const'
  --> check_local_const_assign.bit:11:4
   |
11 |   (x, y) = (2, 3)
   |    ^
error[E0062]: cannot assign to 'x': declared 'const'
  --> check_local_const_assign.bit:12:7
   |
12 |   (y, x) = (4, 5)
   |       ^
error[E0062]: cannot assign to 'x': declared 'const'
  --> check_local_const_assign.bit:13:3
   |
13 |   x = 6
   |   ^
