error[E0087]: cannot assign to a string index: 'string' is deeply immutable, so indexing it can only read a byte (§11.1)
  --> check_string_index_assign.bit:17:3
   |
17 |   s[0] = 120
   |   ^^^^ build a new string instead of mutating one in place — concatenation, 'std/strings', or round-trip through '[]byte'
error[E0087]: cannot assign to a string index: 'string' is deeply immutable, so indexing it can only read a byte (§11.1)
  --> check_string_index_assign.bit:18:3
   |
18 |   s[0] += 1
   |   ^^^^ build a new string instead of mutating one in place — concatenation, 'std/strings', or round-trip through '[]byte'
error[E0087]: cannot assign to a string index: 'string' is deeply immutable, so indexing it can only read a byte (§11.1)
  --> check_string_index_assign.bit:19:3
   |
19 |   s[0]++
   |   ^^^^ build a new string instead of mutating one in place — concatenation, 'std/strings', or round-trip through '[]byte'
