error[E0140]: '@key' on field 'a' takes a string constant, and has '1 + 2'
  --> check_json_attr_key_not_constant.bit:14:3
   |
14 |   @key(1 + 2)
   |   ^^^^^^^^^^^ write '@key("name")' with the exact key to emit; without one the key is the field name 'a'
error[E0140]: '@key' on field 'b' takes exactly one string, and has none
  --> check_json_attr_key_not_constant.bit:16:3
   |
16 |   @key
   |   ^^^^ write '@key("name")' with the exact key to emit; without one the key is the field name 'b'
error[E0140]: '@key' on field 'c' takes exactly one string, and has 2
  --> check_json_attr_key_not_constant.bit:18:3
   |
18 |   @key("x", "y")
   |   ^^^^^^^^^^^^^^ write '@key("name")' with the exact key to emit; without one the key is the field name 'c'
