error[E0180]: 'NoKeyUpd' has no primary key for 'Repo<NoKeyUpd>.update'
  --> check_orm_repo_no_key_update.bit:13:43
   |
13 |   open("postgres://x")?.table<NoKeyUpd>().update(v)?
   |                                           ^^^^^^ no field carries '@id' and none is named 'id' — Repo<T>.update needs a primary key; add '@id' to a field, or name one 'id'
