error[E0058]: 'make' expects 1 type argument(s), found 2
  --> check_static_method_typeargs.bit:23:11
   |
23 |   let a = Box<i64>.make<i64, i64>(1)
   |           ^^^^^^^^^^^^^^^^^^^^^^^^^^
error[E0058]: 'make' expects 1 type argument(s), found 3
  --> check_static_method_typeargs.bit:24:11
   |
24 |   let b = Box.make<i64, i64, i64>(1)
   |           ^^^^^^^^^^^^^^^^^^^^^^^^^^
error[E0058]: 'zero' expects 0 type argument(s), found 1
  --> check_static_method_typeargs.bit:25:11
   |
25 |   let c = Box<i64>.zero<i64>()
   |           ^^^^^^^^^^^^^^^^^^^^
error[E0058]: 'make' expects 1 type argument(s), found 2
  --> check_static_method_typeargs.bit:26:11
   |
26 |   let d = Box<i64>.make<i64, i64>(u = 1)
   |           ^^^^^^^^^^^^^^^^^^^^^^^^^^^^^^
error[E0058]: 'inst' expects 1 type argument(s), found 2
  --> check_static_method_typeargs.bit:27:11
   |
27 |   let e = Box<i64>{ v = 1 }.inst<i64, i64>(1)
   |           ^^^^^^^^^^^^^^^^^^^^^^^^^^^^^^^^^^^
error[E0058]: 'inst' expects 1 type argument(s), found 2
  --> check_static_method_typeargs.bit:28:11
   |
28 |   let f = Box<i64>{ v = 1 }.inst<i64, i64>(u = 1)
   |           ^^^^^^^^^^^^^^^^^^^^^^^^^^^^^^^^^^^^^^^
