error[E0300]: relation field 'author' on 'Post' was read without the compiler proving its rows were loaded
  --> check_orm_relation_option_none_reassigned.bit:24:25
   |
24 |     Some(v) => print("${v.author.name}\n")
   |                         ^^^^^^^^ the rows stored on line 22 come from raw SQL, which does not load relations; read 'author' through db.table<Post>().with("author"), or select its columns in the SQL and read them as fields
