error[E0041]: expected 'i64', found 'string'
  --> check_field_attr_param_mismatch.bit:11:3
   |
11 |   handle: string
   |   ^^^^^^
error[E0135]: attribute '@positive' cannot take field 'handle' of type 'string': 'positive' has 'i64'
  --> check_field_attr_param_mismatch.bit:10:4
   |
10 |   @positive
   |    ^^^^^^^^ an attribute is called as 'positive(this.handle, ...)', so its first parameter takes the field's value
