error[E0163]: 'emial' is not a field of 'Person'
  --> check_orm_repo_bad_column.bit:20:28
   |
20 |   db.table<Person>().where("emial", "x")
   |                            ^^^^^^^ this chain checks a string-literal column against the class its root call named — use one of 'Person's declared field names, or build the column from a non-literal expression to fall back to the runtime check
error[E0163]: 'nmae' is not a field of 'Person'
  --> check_orm_repo_bad_column.bit:21:30
   |
21 |   db.table<Person>().orderBy("nmae")
   |                              ^^^^^^ this chain checks a string-literal column against the class its root call named — use one of 'Person's declared field names, or build the column from a non-literal expression to fall back to the runtime check
