error[E0050]: 'map<i64, i64>()' takes no arguments, got 1
  --> check_map_ctor_int_arg.bit:10:11
   |
10 |   let m = map<i64, i64>(1500000)
   |           ^^^^^^^^^^^^^^^^^^^^^^ the only constructor is 'map<i64, i64>()' — build entries with a map literal `map<i64, i64>{ ... }` instead (§12.3, §12.9)
