error[E0041]: expected 'Option<Option<i64>>', found 'untyped int'
 --> check_option_lift_nested.bit:8:10
  |
8 |   return 5
  |          ^
error[E0041]: expected 'Option<Option<i64>>', found 'untyped int'
  --> check_option_lift_nested.bit:12:8
   |
12 |   take(5)
   |        ^
error[E0041]: expected 'Option<Option<i64>>', found 'untyped int'
  --> check_option_lift_nested.bit:13:32
   |
13 |   let l: Option<Option<int>> = 5
   |                                ^
