error[E0090]: 'string' iteration ('for c of s') is not available in v0.1; rune iteration is reserved (§21)
  --> check_forof_string.bit:14:12
   |
14 |   for c of "abc" { println("${c}") }
   |            ^^^^^ index bytes with 's[i]' (§12.6), or convert with '[]byte(s)' (§12.9)
error[E0090]: 'string' iteration ('for c of s') is not available in v0.1; rune iteration is reserved (§21)
  --> check_forof_string.bit:16:18
   |
16 |   for (i, c2) of s { println("${i}") }
   |                  ^ index bytes with 's[i]' (§12.6), or convert with '[]byte(s)' (§12.9)
