error[E0058]: 'Store' takes 1 type argument(s); a bound must write them, as 'Store<...>'
  --> check_bound_generic_interface.bit:16:14
   |
16 | class Box<T: Store> {
   |              ^^^^^
error[E0058]: 'Store' takes 1 type argument(s); a bound must write them, as 'Store<...>'
  --> check_bound_generic_interface.bit:20:16
   |
20 | fn viaBound<S: Store>(s: S) {}
   |                ^^^^^
error[E0058]: 'Store' takes 1 type argument(s); a bound must write them, as 'Store<...>'
  --> check_bound_generic_interface.bit:22:12
   |
22 | fn both<A: Store & Named>(a: A) {}
   |            ^^^^^
error[E0058]: 'Store' expects 1 type argument(s), found 2
  --> check_bound_generic_interface.bit:24:15
   |
24 | fn tooMany<S: Store<i64, i64>>(s: S) {}
   |               ^^^^^^^^^^^^^^^
error[E0058]: 'Store' expects 1 type argument(s), found 2
  --> check_bound_generic_interface.bit:26:25
   |
26 | fn tooManySibling<T, S: Store<T, T>>(s: S) {}
   |                         ^^^^^^^^^^^
error[E0058]: 'Store' expects 1 type argument(s), found 2
  --> check_bound_generic_interface.bit:28:24
   |
28 | fn mixed<T, S: Named & Store<T, T>>(s: S) {}
   |                        ^^^^^^^^^^^
