error[E0041]: '(i64, string)' has 2 parts, but this pattern names 3 (§10.1)
  --> check_let_destructure_arity.bit:15:7
   |
15 |   let (a, b, c) = pair()
   |       ^^^^^^^^^ name one binder per part
error[E0041]: '(i64, string)' has 2 parts, but this pattern names 1 (§10.1)
  --> check_let_destructure_arity.bit:17:7
   |
17 |   let (d) = pair()
   |       ^^^ name one binder per part
