error[E0169]: class 'SendWelcome2' carries '@job("send-welcome")', already used by class 'SendWelcome'
  --> check_job_duplicate_name.bit:19:34
   |
19 | @job("send-welcome") @json class SendWelcome2 {
   |                                  ^^^^^^^^^^^^ job names are looked up by this string across the whole program; give one of the two classes a different '@job' name
