error[E0117]: a bare 'fn' with no parameters and no return type is not allowed in a '.test.bit' file
 --> check_bare_fn_test_shape.test.bit:8:4
  |
8 | fn looksLikeALegacyTest() {
  |    ^^^^^^^^^^^^^^^^^^^^ write 'test "<name>" { }' instead (SPEC §19), or give this function a parameter or a return type if it is a helper, not a test
