error[E0180]: 'NoKey' has no single primary key for 'Repo<NoKey>.find/update/delete'
  --> check_orm_repo_no_single_key.bit:21:21
   |
21 |   db.table<NoKey>().find(1)?
   |                     ^^^^ no field carries '@id' and none is named 'id' — Repo<T>.find/update/delete need exactly one; add '@id' to one field, or name it 'id'
