error[E0041]: expected 'bool', found 'bool!'
  --> check_fallible_conditions.bit:14:10
   |
14 |   while (f()) {
   |          ^^^ add '?' to propagate the error, or 'catch' to handle it (§18.3)
error[E0041]: expected 'bool', found 'bool!'
  --> check_fallible_conditions.bit:17:19
   |
17 |   for (let i = 0; f(); i += 1) {
   |                   ^^^ add '?' to propagate the error, or 'catch' to handle it (§18.3)
error[E0041]: expected 'bool', found 'bool!'
  --> check_fallible_conditions.bit:20:17
   |
20 |   let a = ok && f()
   |                 ^^^ add '?' to propagate the error, or 'catch' to handle it (§18.3)
error[E0041]: expected 'bool', found 'bool!'
  --> check_fallible_conditions.bit:21:11
   |
21 |   let b = f() || ok
   |           ^^^ add '?' to propagate the error, or 'catch' to handle it (§18.3)
error[E0041]: expected 'bool', found 'bool!'
  --> check_fallible_conditions.bit:22:12
   |
22 |   let c = !f()
   |            ^^^ add '?' to propagate the error, or 'catch' to handle it (§18.3)
error[E0041]: expected 'bool', found 'bool!'
  --> check_fallible_conditions.bit:25:10
   |
25 |     case f():
   |          ^^^ add '?' to propagate the error, or 'catch' to handle it (§18.3)
