error[E0310]: class 'User' declares '__get_id', a name the compiler reserves for interface field getters
  --> check_iface_getter_reserved.bit:11:3
   |
11 |   __get_id(): string {
   |   ^^^^^^^^ rename this method — '__get_<field>' is synthesized for a field an interface requires (SPEC §14.3), and a hand-written one would satisfy that requirement by name alone
