error[E0138]: class 'User' carries '@json' and also declares 'toJson', which '@json' synthesizes
  --> check_json_attr_tojson_declared.bit:14:3
   |
14 |   toJson(): Json {
   |   ^^^^^^ drop '@json', or rename this method — a hand-written 'toJson' that silently won would make adding '@json' appear to work while changing nothing
