error[E0156]: class 'User' carries '@table(cityName)', but the argument is not a non-empty string literal
  --> check_table_name_arg_not_literal.bit:11:8
   |
11 | @table(cityName) class User {
   |        ^^^^^^^^ write '@table("name")' with a table-name override, or '@table' with no argument to use the default
