error[E0040]: undefined name 'el'
  --> check_jsx_undefined_spread_span.bit:14:11
   |
14 |   let x = <div a="1" b="2" {...props} />
   |           ^^^^^^^^^^^^^^^^^^^^^^^^^^^^^^
error[E0040]: undefined name 'kids'
  --> check_jsx_undefined_spread_span.bit:14:11
   |
14 |   let x = <div a="1" b="2" {...props} />
   |           ^^^^^^^^^^^^^^^^^^^^^^^^^^^^^^
error[E0040]: undefined name 'kid'
  --> check_jsx_undefined_spread_span.bit:14:11
   |
14 |   let x = <div a="1" b="2" {...props} />
   |           ^^^^^^^^^^^^^^^^^^^^^^^^^^^^^^
error[E0040]: undefined name 'kidFrom'
  --> check_jsx_undefined_spread_span.bit:14:11
   |
14 |   let x = <div a="1" b="2" {...props} />
   |           ^^^^^^^^^^^^^^^^^^^^^^^^^^^^^^
