error[E0041]: expected 'Option<i64>', found 'untyped string'
  --> check_option_lift_mismatch.bit:10:10
   |
10 |   return "s"
   |          ^^^
error[E0041]: expected 'Option<i64>', found 'untyped string'
  --> check_option_lift_mismatch.bit:14:8
   |
14 |   take("s")
   |        ^^^
error[E0041]: expected 'Option<i64>', found 'untyped string'
  --> check_option_lift_mismatch.bit:15:20
   |
15 |   let r = Rec{ n = "s" }
   |                    ^^^
error[E0041]: expected 'Option<i64>', found 'untyped string'
  --> check_option_lift_mismatch.bit:16:24
   |
16 |   let l: Option<int> = "s"
   |                        ^^^
