error[E0041]: expected 'string', found 'untyped int'
  --> check_generic_variadic_arg_types.bit:44:22
   |
44 |   print("${each("a", 1)}\n")
   |                      ^
error[E0041]: expected 'string', found 'untyped int'
  --> check_generic_variadic_arg_types.bit:45:18
   |
45 |   print("${tally(7, 1, 2)}\n")
   |                  ^
error[E0041]: expected 'i64', found 'untyped string'
  --> check_generic_variadic_arg_types.bit:46:21
   |
46 |   print("${pairs(1, "a")}\n")
   |                     ^^^
error[E0068]: cannot infer type parameter 'T'; give explicit type arguments
  --> check_generic_variadic_arg_types.bit:47:12
   |
47 |   print("${gapped(MyOpt.Nothing)}\n")
   |            ^^^^^^^^^^^^^^^^^^^^^
