error[E0057]: no field or method 'nosuchfield' on this type
  --> check_enum_unknown_member.bit:26:14
   |
26 |   print("${c.nosuchfield}\n")
   |              ^^^^^^^^^^^
error[E0057]: no field or method 'nosuchmethod' on this type
  --> check_enum_unknown_member.bit:27:14
   |
27 |   print("${h.nosuchmethod()}\n")
   |              ^^^^^^^^^^^^
