error[E0168]: class 'Widget' declares '__jobName', a name '@job' reserves for its generated method
  --> check_job_name_reserved.bit:12:3
   |
12 |   __jobName(): string {
   |   ^^^^^^^^^ rename this method — '__jobName' is synthesized by '@job' and matched by name alone by dispatch code constrained on 'interface Job { static __jobName(): string }'
