error[E0145]: 'jsonDecode' cannot decode into 'T': it is a type parameter of the enclosing CLASS, and a method of a generic class is not monomorphized through the instantiation ledger this specialisation is resolved by
  --> check_json_decode_generic_recv.bit:24:23
   |
24 |     return jsonDecode<T>(j)?
   |                       ^ move the decode into a method or free function that declares 'T' itself — `get<T>(j: Json): T!` is resolved per instantiation (#4563)
