error[E0300]: relation field 'author' on 'Post' was read without the compiler proving its rows were loaded
  --> check_orm_relation_default_read.bit:23:19
   |
23 | fn d(n: i64 = len(mk().author.name)): i64 {
   |                   ^^^^^^^^^^^ this read's own rows could not be traced back to a query -- load 'author' where the rows are queried (add '.with("author")' there)
