error[E0300]: relation field 'author' on 'Post' was read without the compiler proving its rows were loaded
  --> check_orm_relation_element_write_alias.bit:29:10
   |
29 |   return rows[0].author.name
   |          ^^^^^^^^^^^^^^ this read's own rows could not be traced back to a query -- load 'author' where the rows are queried (add '.with("author")' there)
