error[E0181]: after() on 'Person' has no orderBy() earlier in the chain
  --> check_orm_repo_after_no_orderby.bit:17:22
   |
17 |   db.table<Person>().after(Value.Int(1)).limit(20)
   |                      ^^^^^ keyset pagination needs a deterministic order to compare the cursor against — call orderBy(...) before after(...) in this chain, or build the column from a non-literal expression to fall back to the runtime check
