error[E0300]: relation field 'orders' on 'User' was read without the compiler proving its rows were loaded
  --> check_orm_relation_composite_literal.bit:27:16
   |
27 |   print("${len(u.orders)}\n")
   |                ^^^^^^^^ the rows stored on line 26 cannot be traced to a query -- store rows from a query that loads 'orders' there (add '.with("orders")' to it)
