error[E0300]: relation field 'author' on 'Post' was read without the compiler proving its rows were loaded
  --> check_orm_relation_element_write.bit:25:10
   |
25 |   return rows[0].author.name
   |          ^^^^^^^^^^^^^^ these rows came from the query on line 24, which does not load 'author' -- add '.with("author")' to that query
