error[E0166]: class 'JobA' carries '@job("Send Welcome")', not a valid job name
  --> check_job_bad_name.bit:10:6
   |
10 | @job("Send Welcome") @json class JobA {
   |      ^^^^^^^^^^^^^^ a job name is 1-63 bytes of lowercase letters, digits, '.', '_' or '-'
error[E0166]: class 'JobB' carries '@job("")', not a valid job name
  --> check_job_bad_name.bit:14:6
   |
14 | @job("") @json class JobB {
   |      ^^ a job name is 1-63 bytes of lowercase letters, digits, '.', '_' or '-'
