error[E0058]: 'Store' takes 1 type argument(s), and a bound cannot carry type arguments yet; a generic type cannot be a bound
  --> check_bound_generic_interface.bit:15:14
   |
15 | class Box<T: Store> {
   |              ^^^^^
error[E0058]: 'Store' takes 1 type argument(s), and a bound cannot carry type arguments yet; a generic type cannot be a bound
  --> check_bound_generic_interface.bit:19:16
   |
19 | fn viaBound<S: Store>(s: S) {}
   |                ^^^^^
error[E0058]: 'Store' takes 1 type argument(s), and a bound cannot carry type arguments yet; a generic type cannot be a bound
  --> check_bound_generic_interface.bit:21:12
   |
21 | fn both<A: Store & Named>(a: A) {}
   |            ^^^^^
