error[E0023]: closing tag '</Foo.Baz>' does not match opening tag '<Foo.Bar>'
  --> check_jsx_member_tag_mismatch.bit:15:24
   |
15 |   let x = <Foo.Bar>hi</Foo.Baz>
   |                        ^^^^^^^ close this element with '</Foo.Bar>'
error[E0040]: undefined name 'Foo'
  --> check_jsx_member_tag_mismatch.bit:15:12
   |
15 |   let x = <Foo.Bar>hi</Foo.Baz>
   |            ^^^
