error[E0041]: expected '() => i64!', found '(string) => i64!'
  --> check_arrow_ctor_init_mismatch.bit:28:14
   |
28 |   let a = V((s: string) => 1)
   |              ^^^^^^^^^^^^^^^
error[E0041]: expected '(i64) => i64!', found '(string) => string'
  --> check_arrow_ctor_init_mismatch.bit:29:19
   |
29 |   let b = W<int>((s: string) => s)
   |                   ^^^^^^^^^^^^^^^
