error[E0300]: relation field 'author' on 'Post' was read without the compiler proving its rows were loaded
  --> check_orm_relation_option_some.bit:41:25
   |
41 |     Some(v) => print("${v.author.name}\n")
   |                         ^^^^^^^^ rows from raw SQL do not load relations; read 'author' through db.table<Post>().with("author"), or select its columns in the SQL and read them as fields
