error[E0051]: type argument 0 is 'Plain', which does not satisfy the bound 'Ord'
  --> check_generic_method_bound.bit:62:13
   |
62 |   let bad = h.mx(Plain{ v: 1 }, Plain{ v: 2 })
   |             ^^^^^^^^^^^^^^^^^^^^^^^^^^^^^^^^^^ 'Plain' has no method 'less'; 'Ord' needs (Self) => bool
error[E0051]: type argument 0 is 'Plain', which does not satisfy the bound 'Ord'
  --> check_generic_method_bound.bit:65:22
   |
65 |   let badOnGeneric = g.pick(Plain{ v: 3 }, Plain{ v: 4 })
   |                      ^^^^^^^^^^^^^^^^^^^^^^^^^^^^^^^^^^^^ 'Plain' has no method 'less'; 'Ord' needs (Self) => bool
