error[E0057]: no field or method 'zzz' on this type
  --> check_unknown_member_literal.bit:14:15
   |
14 |   let y = 1.5.zzz
   |               ^^^
error[E0057]: no field or method 'zzz' on this type
  --> check_unknown_member_literal.bit:15:15
   |
15 |   let z = "a".zzz
   |               ^^^
error[E0057]: no field or method 'zzz' on this type
  --> check_unknown_member_literal.bit:16:15
   |
16 |   let w = (5).zzz
   |               ^^^
