error[E0068]: cannot infer type parameter 'T'; give explicit type arguments
  --> check_json_decode_generic.bit:37:11
   |
37 |   let _ = once(j) catch _ {
   |           ^^^^^^^ write the type argument out — 'jsonDecode<T>' puts 'T' in the RESULT alone, so nothing infers it from the arguments and neither can a generic wrapping it
error[E0145]: 'jsonDecode' cannot decode into 'Plain': it does not carry '@json'
  --> check_json_decode_generic.bit:34:11
   |
34 |   let a = once<Plain>(j) catch _ {
   |           ^^^^^^^^^^^^^^ mark 'Plain' with '@json' — a generic that calls 'jsonDecode<T>' decodes only into a class that opted in, exactly as a direct call does
