error[E0021]: expected an expression, found '}'
  --> check_jsx_attr_empty_brace.bit:17:25
   |
17 |   let x = <input value={} />
   |                         ^
error[E0021]: expected an expression, found '>'
  --> check_jsx_attr_empty_brace.bit:17:28
   |
17 |   let x = <input value={} />
   |                            ^
error[E0021]: expected '>', found end of file
  --> check_jsx_attr_empty_brace.bit:19:1
   |
19 | 
   | ^
error[E0021]: expected a closing tag, found end of file
  --> check_jsx_attr_empty_brace.bit:19:1
   |
19 | 
   | ^
error[E0021]: expected '}', found end of file
  --> check_jsx_attr_empty_brace.bit:19:1
   |
19 | 
   | ^
