error[E0094]: tuples have no literal form
  --> check_tuple_literal_expr.bit:20:10
   |
20 |   return (1, true)
   |          ^^^^^^^^^ write the values bare, e.g. 'return a, b' (SPEC §11)
error[E0094]: tuples have no literal form
  --> check_tuple_literal_expr.bit:24:11
   |
24 |   let t = (1, true)
   |           ^^^^^^^^^ write the values bare, e.g. 'return a, b' (SPEC §11)
