error[E0163]: 'nmae' is not a field of 'Person'
  --> check_orm_repo_bad_column_set.bit:18:41
   |
18 |   db.table<Person>().where("id", 1).set("nmae", "x")
   |                                         ^^^^^^ this chain checks a string-literal column against the class its root call named — use one of 'Person's declared field names, or build the column from a non-literal expression to fall back to the runtime check
