error[E0124]: no parameter named 'titel'
  --> check_jsx_component_props.bit:12:5
   |
12 |     titel="Users"
   |     ^^^^^^^^^^^^^
error[E0050]: expected 2 argument(s), found 1
  --> check_jsx_component_props.bit:15:11
   |
15 |   let b = <Layout title="Users" />
   |           ^^^^^^^^^^^^^^^^^^^^^^^^
error[E0041]: expected 'string', found 'untyped int'
  --> check_jsx_component_props.bit:17:12
   |
17 |     title={5}
   |            ^
