error[E0300]: relation field 'articles' on 'Author' was read without the compiler proving its rows were loaded
  --> check_orm_relation_field_store_no_with.bit:32:17
   |
32 |     n = n + len(a.articles)
   |                 ^^^^^^^^^^ these rows came from the query on line 26, which does not load 'articles' -- add '.with("articles")' to that query
