error[E0041]: expected 'f64', found 'f32'
  --> check_variant_payload_type.bit:49:25
   |
49 |   println("${takesE(E.F(a))}")
   |                         ^
error[E0041]: expected 'i64', found 'bool'
  --> check_variant_payload_type.bit:50:25
   |
50 |   println("${takesE(E.I(b))}")
   |                         ^
error[E0041]: expected 'Circle', found 'nil'
  --> check_variant_payload_type.bit:51:25
   |
51 |   println("${takesE(E.C(nil))}")
   |                         ^^^
error[E0050]: variant 'F' takes 1 argument(s), found 2
  --> check_variant_payload_type.bit:52:21
   |
52 |   println("${takesE(E.F(a, a))}")
   |                     ^^^^^^^^^
