error[E0141]: field 'p' of type '*i64' cannot be serialized by '@json'
  --> check_json_attr_field_type.bit:13:3
   |
13 |   p: *i64,
   |   ^^^^^^^ '@json' serializes a scalar, 'string', 'bool', '[]T', 'map<string, T>', 'Option<T>' and a nested '@json' class, where T is itself one of those but not another container
error[E0141]: field 'xs' of type '[][]string' cannot be serialized by '@json'
  --> check_json_attr_field_type.bit:17:3
   |
17 |   xs: [][]string,
   |   ^^^^^^^^^^^^^^ '@json' serializes a scalar, 'string', 'bool', '[]T', 'map<string, T>', 'Option<T>' and a nested '@json' class, where T is itself one of those but not another container
error[E0141]: field 'm' of type 'map<i64, string>' cannot be serialized by '@json'
  --> check_json_attr_field_type.bit:21:3
   |
21 |   m: map<i64, string>,
   |   ^^^^^^^^^^^^^^^^^^^ '@json' serializes a scalar, 'string', 'bool', '[]T', 'map<string, T>', 'Option<T>' and a nested '@json' class, where T is itself one of those but not another container
