error[E0041]: expected 'i64', found 'untyped string'
  --> check_variadic_arg_types.bit:31:16
   |
31 |   print("${sum("hello")}\n")
   |                ^^^^^^^
error[E0041]: expected 'i64', found 'untyped bool'
  --> check_variadic_arg_types.bit:32:19
   |
32 |   print("${sum(1, true)}\n")
   |                   ^^^^
error[E0041]: expected 'i64', found '(i64) => i64'
  --> check_variadic_arg_types.bit:33:17
   |
33 |   print("${sum((x: int) => x + 1)}\n")
   |                 ^^^^^^^^^^^^^^^^
error[E0041]: expected 'string', found 'untyped int'
  --> check_variadic_arg_types.bit:34:16
   |
34 |   print("${tag(7, 1, 2)}\n")
   |                ^
