error[E0187]: '?' on a for-of iterable whose next() cannot fail: '[]i64' is not a 'next(): Option<T>!' iterable (§13.1)
  --> check_forof_try_infallible.bit:19:12
   |
19 |   for x of xs? {
   |            ^^^ remove the '?'
error[E0187]: '?' on a for-of iterable whose next() cannot fail: 'Counter' is not a 'next(): Option<T>!' iterable (§13.1)
  --> check_forof_try_infallible.bit:27:12
   |
27 |   for x of c? {
   |            ^^ remove the '?'
