error[E0300]: relation field 'author' on 'Post' is read through parameter 'xs' of 'names', but the row passed here was not proven loaded
  --> check_orm_relation_variadic_raw.bit:38:16
   |
38 |   return names(rows[0]) + names(...rows)
   |                ^^^^^^^ rows from raw SQL do not load relations; read 'author' through db.table<Post>().with("author"), or select its columns in the SQL and read them as fields
error[E0300]: relation field 'author' on 'Post' is read through parameter 'xs' of 'names', but the row passed here was not proven loaded
  --> check_orm_relation_variadic_raw.bit:38:36
   |
38 |   return names(rows[0]) + names(...rows)
   |                                    ^^^^ rows from raw SQL do not load relations; read 'author' through db.table<Post>().with("author"), or select its columns in the SQL and read them as fields
