error[E0068]: cannot infer type parameter 'T'; give explicit type arguments
  --> check_json_schema_generic.bit:16:11
   |
16 |   let _ = wrap()
   |           ^^^^^^ write the type argument out — 'jsonSchema<T>' puts 'T' in the RESULT alone, so nothing infers it from the arguments and neither can a generic wrapping it
