error[E0086]: 'const' 'a' has no initializer; a 'const' must be given its value (§10.1)
  --> check_local_const_no_init.bit:18:9
   |
18 |   const a: int
   |         ^ write `const a = <value>`; only a 'let' may be left to its zero value (§10.1)
error[E0086]: 'const' 's' has no initializer; a 'const' must be given its value (§10.1)
  --> check_local_const_no_init.bit:19:9
   |
19 |   const s: string
   |         ^ write `const s = <value>`; only a 'let' may be left to its zero value (§10.1)
error[E0086]: 'const' 'o' has no initializer; a 'const' must be given its value (§10.1)
  --> check_local_const_no_init.bit:20:9
   |
20 |   const o: Outer
   |         ^ write `const o = <value>`; only a 'let' may be left to its zero value (§10.1)
