error[E0052]: '[]i64' is not comparable
  --> check_not_comparable.bit:23:12
   |
23 |   print("${s1 == s2}\n")
   |            ^^^^^^^^
error[E0052]: '[]i64' is not comparable
  --> check_not_comparable.bit:24:12
   |
24 |   print("${s1 < s2}\n")
   |            ^^^^^^^
error[E0052]: 'State' is not comparable: variant 'Cancelled' carries a payload of type '() => i64', which is not comparable
  --> check_not_comparable.bit:25:12
   |
25 |   print("${State.Draft == State.Draft}\n")
   |            ^^^^^^^^^^^^^^^^^^^^^^^^^^
error[E0052]: 'map<i64, i64>' is not comparable
  --> check_not_comparable.bit:28:12
   |
28 |   print("${m1 == m2}\n")
   |            ^^^^^^^^
error[E0052]: '(i64) => i64' is not comparable
  --> check_not_comparable.bit:31:12
   |
31 |   print("${g == h}\n")
   |            ^^^^^^
error[E0053]: operator '<' is not defined for 'bool'
  --> check_not_comparable.bit:32:12
   |
32 |   print("${false < true}\n")
   |            ^^^^^^^^^^^^ only numeric and string values have an ordering
error[E0052]: a slice cannot be compared to 'nil'
  --> check_not_comparable.bit:33:12
   |
33 |   print("${s1 == nil}\n")
   |            ^^^^^^^^^ a slice's zero value is the empty slice, so there is no 'nil' slice; test 'len(s) == 0'
