error[E0041]: expected 'i64', found 'untyped string'
  --> check_generic_method_arg_types.bit:58:20
   |
58 |   let a = V.own(1, "x")
   |                    ^^^
error[E0041]: expected 'i64', found 'untyped string'
  --> check_generic_method_arg_types.bit:59:21
   |
59 |   let b = v.inst(1, "x")
   |                     ^^^
error[E0041]: expected 'i64', found 'untyped string'
  --> check_generic_method_arg_types.bit:60:21
   |
60 |   let c = V.own(n = "x", u = 1)
   |                     ^^^
error[E0041]: expected 'i64', found 'untyped string'
  --> check_generic_method_arg_types.bit:61:22
   |
61 |   let d = v.inst(n = "x", u = 1)
   |                      ^^^
error[E0041]: expected 'string', found 'untyped int'
  --> check_generic_method_arg_types.bit:62:26
   |
62 |   let e = V.each(1, "a", 2)
   |                          ^
error[E0041]: expected 'i64', found 'untyped string'
  --> check_generic_method_arg_types.bit:63:24
   |
63 |   let f = V.lab(Tag{}, "x")
   |                        ^^^
error[E0041]: expected 'i64', found 'untyped string'
  --> check_generic_method_arg_types.bit:64:20
   |
64 |   let h = G.own(1, "bad")
   |                    ^^^^^
error[E0041]: expected 'i64', found 'untyped string'
  --> check_generic_method_arg_types.bit:66:21
   |
66 |   let j = G<i64>.mk("x", "u")
   |                     ^^^
error[E0041]: expected 'i64', found 'untyped string'
  --> check_generic_method_arg_types.bit:67:18
   |
67 |   let k = g.both("x", "u")
   |                  ^^^
