error[E0068]: cannot infer type parameter 'T'; give explicit type arguments
  --> check_generic_method_gap.bit:41:11
   |
41 |   let a = K{}.mk(1)
   |           ^^^^^^^^^
error[E0068]: cannot infer type parameter 'T'; give explicit type arguments
  --> check_generic_method_gap.bit:42:11
   |
42 |   let b = K.mk2(1)
   |           ^^^^^^^^
error[E0068]: cannot infer type parameter 'T'; give explicit type arguments
  --> check_generic_method_gap.bit:43:11
   |
43 |   let c = K{}.mk(n = 1)
   |           ^^^^^^^^^^^^^
error[E0068]: cannot infer type parameter 'T'; give explicit type arguments
  --> check_generic_method_gap.bit:44:11
   |
44 |   let d = K.mk2(n = 1)
   |           ^^^^^^^^^^^^
error[E0068]: cannot infer type parameter 'T'; give explicit type arguments
  --> check_generic_method_gap.bit:45:11
   |
45 |   let e = V.named()
   |           ^^^^^^^^^
error[E0068]: cannot infer type parameter 'U'; give explicit type arguments
  --> check_generic_method_gap.bit:46:11
   |
46 |   let f = G<i64>{}.conv(1)
   |           ^^^^^^^^^^^^^^^^
