error[E0041]: expected 'f64', found 'f32'
  --> check_variant_payload_type.bit:36:25
   |
36 |   println("${takesE(E.F(a))}")
   |                         ^
error[E0041]: expected 'i64', found 'bool'
  --> check_variant_payload_type.bit:37:25
   |
37 |   println("${takesE(E.I(b))}")
   |                         ^
error[E0050]: variant 'F' takes 1 argument(s), found 2
  --> check_variant_payload_type.bit:38:21
   |
38 |   println("${takesE(E.F(a, a))}")
   |                     ^^^^^^^^^
