error[E0300]: relation field 'author' on 'Post' was read without the compiler proving its rows were loaded
  --> check_orm_relation_param_store.bit:29:10
   |
29 |   return p[0].author.name
   |          ^^^^^^^^^^^ the rows stored on line 28 come from raw SQL, which does not load relations; read 'author' through db.table<Post>().with("author"), or select its columns in the SQL and read them as fields
