error[E0314]: '__join' is reserved: a top-level name that starts with '__' belongs to the compiler's synthesized code
 --> check_reserved_top_name.bit:6:18
  |
6 | import { join as __join } from "std/strings"
  |                  ^^^^^^ rename it without the '__' prefix (SPEC §14.3); only the members '__field', '__sameValue', '__valueHash' and '__snapshot' of a class are written with one
error[E0314]: '__helper' is reserved: a top-level name that starts with '__' belongs to the compiler's synthesized code
 --> check_reserved_top_name.bit:8:4
  |
8 | fn __helper(): int {
  |    ^^^^^^^^ rename it without the '__' prefix (SPEC §14.3); only the members '__field', '__sameValue', '__valueHash' and '__snapshot' of a class are written with one
error[E0314]: '__Box' is reserved: a top-level name that starts with '__' belongs to the compiler's synthesized code
  --> check_reserved_top_name.bit:12:7
   |
12 | class __Box {
   |       ^^^^^ rename it without the '__' prefix (SPEC §14.3); only the members '__field', '__sameValue', '__valueHash' and '__snapshot' of a class are written with one
error[E0314]: '__Shape' is reserved: a top-level name that starts with '__' belongs to the compiler's synthesized code
  --> check_reserved_top_name.bit:16:11
   |
16 | interface __Shape {
   |           ^^^^^^^ rename it without the '__' prefix (SPEC §14.3); only the members '__field', '__sameValue', '__valueHash' and '__snapshot' of a class are written with one
error[E0314]: '__Kind' is reserved: a top-level name that starts with '__' belongs to the compiler's synthesized code
  --> check_reserved_top_name.bit:20:6
   |
20 | enum __Kind { A, B }
   |      ^^^^^^ rename it without the '__' prefix (SPEC §14.3); only the members '__field', '__sameValue', '__valueHash' and '__snapshot' of a class are written with one
error[E0314]: '__Id' is reserved: a top-level name that starts with '__' belongs to the compiler's synthesized code
  --> check_reserved_top_name.bit:22:6
   |
22 | type __Id = i64
   |      ^^^^ rename it without the '__' prefix (SPEC §14.3); only the members '__field', '__sameValue', '__valueHash' and '__snapshot' of a class are written with one
error[E0314]: '__limit' is reserved: a top-level name that starts with '__' belongs to the compiler's synthesized code
  --> check_reserved_top_name.bit:24:7
   |
24 | const __limit = 3
   |       ^^^^^^^ rename it without the '__' prefix (SPEC §14.3); only the members '__field', '__sameValue', '__valueHash' and '__snapshot' of a class are written with one
error[E0314]: '__count' is reserved: a top-level name that starts with '__' belongs to the compiler's synthesized code
  --> check_reserved_top_name.bit:26:5
   |
26 | let __count = 0
   |     ^^^^^^^ rename it without the '__' prefix (SPEC §14.3); only the members '__field', '__sameValue', '__valueHash' and '__snapshot' of a class are written with one
