error[E0051]: type argument 0 is 'Plain', which does not satisfy the bound 'Named'
  --> check_class_bound_instantiation.bit:60:24
   |
60 | fn viaSignature(b: Box<Plain>): i64 {
   |                        ^^^^^ 'Plain' has no method 'label'; 'Named' needs () => string
error[E0051]: type argument 0 is 'Plain', which does not satisfy the bound 'Named'
  --> check_class_bound_instantiation.bit:65:17
   |
65 |   let bad = Box<Plain>{ inner = Plain{ v = 1 } }
   |                 ^^^^^ 'Plain' has no method 'label'; 'Named' needs () => string
error[E0051]: type argument 0 is 'StrStore', which does not satisfy the bound 'Store<i64>'
  --> check_class_bound_instantiation.bit:67:21
   |
67 |   let cache = Cache<StrStore>{ s = StrStore{ pre = "x" } }
   |                     ^^^^^^^^ 'StrStore.get' is (string) => string, but 'Store<i64>' needs (string) => i64
error[E0068]: cannot infer type parameter 'K' of 'Lonely'; write Lonely<K>{...}
  --> check_class_bound_instantiation.bit:70:13
   |
70 |   let gap = Lonely{ v = "x" }
   |             ^^^^^^^^^^^^^^^^^
