error[E0148]: class 'User' carries '@table' and also declares 'tableDescriptor', which '@table' synthesizes
  --> check_table_desc_declared.bit:13:3
   |
13 |   tableDescriptor(): []FieldDesc {
   |   ^^^^^^^^^^^^^^^ drop '@table', or rename this method — a hand-written 'tableDescriptor' that silently won would make the synthesized one invisible to 'pkg/orm'
