error[E0124]: no parameter named 'titel'
  --> check_jsx_component_props.bit:13:19
   |
13 |   let a = <Layout titel="Users" subtitle="x" />
   |                   ^^^^^^^^^^^^^
error[E0171]: missing argument 'subtitle'
  --> check_jsx_component_props.bit:14:11
   |
14 |   let b = <Layout title="Users" />
   |           ^^^^^^^^^^^^^^^^^^^^^^^^
error[E0041]: expected 'string', found 'untyped int'
  --> check_jsx_component_props.bit:15:26
   |
15 |   let c = <Layout title={5} subtitle="x" />
   |                          ^
