error[E0176]: class 'Widget' declares '__collectionName', a name '@json' reserves for its generated method
  --> check_collection_name_reserved.bit:12:3
   |
12 |   __collectionName(): string {
   |   ^^^^^^^^^^^^^^^^ rename this method — '__collectionName' is synthesized on every '@json' class and matched by name alone by 'store.collection<T>()'
