error[E0058]: 'Box' needs 1 type argument(s); write 'Box<...>'
  --> check_trait_member_arity.bit:13:11
   |
13 |   name(p: Box): i64 {
   |           ^^^
error[E0058]: 'Box' expects 1 type argument(s), found 2
  --> check_trait_member_arity.bit:16:15
   |
16 |   other<U>(p: Box<i64, i64>): Box {
   |               ^^^^^^^^^^^^^
error[E0058]: 'Box' needs 1 type argument(s); write 'Box<...>'
  --> check_trait_member_arity.bit:16:31
   |
16 |   other<U>(p: Box<i64, i64>): Box {
   |                               ^^^
error[E0058]: 'Box' needs 1 type argument(s); write 'Box<...>'
  --> check_trait_member_arity.bit:19:9
   |
19 |   slot: Box
   |         ^^^
