error[E0141]: field 'p' of type '*i64' cannot be serialized by '@json'
  --> check_json_attr_field_type.bit:12:3
   |
12 |   p: *i64,
   |   ^^^^^^^ '@json' serializes a scalar, 'string', 'bool', 'Json', '[]T', 'map<string, T>', 'Option<T>' and a nested '@json' class, where T is itself one of those but not another container
error[E0141]: field 'xs' of type '[][]string' cannot be serialized by '@json'
  --> check_json_attr_field_type.bit:16:3
   |
16 |   xs: [][]string,
   |   ^^^^^^^^^^^^^^ '@json' serializes a scalar, 'string', 'bool', 'Json', '[]T', 'map<string, T>', 'Option<T>' and a nested '@json' class, where T is itself one of those but not another container
error[E0141]: field 'm' of type 'map<i64, string>' cannot be serialized by '@json'
  --> check_json_attr_field_type.bit:20:3
   |
20 |   m: map<i64, string>,
   |   ^^^^^^^^^^^^^^^^^^^ '@json' serializes a scalar, 'string', 'bool', 'Json', '[]T', 'map<string, T>', 'Option<T>' and a nested '@json' class, where T is itself one of those but not another container
