error[E0062]: cannot assign through 'K': declared 'const' (a 'const' table is read-only)
  --> check_const_write_through.bit:35:3
   |
35 |   K[0] = 9
   |   ^^^^
error[E0062]: cannot assign through 'K': declared 'const' (a 'const' table is read-only)
  --> check_const_write_through.bit:36:3
   |
36 |   K[1]++
   |   ^^^^
error[E0062]: cannot assign through 'K': declared 'const' (a 'const' table is read-only)
  --> check_const_write_through.bit:37:3
   |
37 |   K[2] += 1
   |   ^^^^
error[E0062]: cannot assign through 'K': declared 'const' (a 'const' table is read-only)
  --> check_const_write_through.bit:38:3
   |
38 |   K[0:2][0] = 7
   |   ^^^^^^^^^
error[E0185]: cannot assign to module constant 'cfg'
  --> check_const_write_through.bit:39:3
   |
39 |   cfg = load()
   |   ^^^ a module 'const' is set once, when the program starts or at compile time; declare it 'let' to reassign it (§11.11)
error[E0062]: cannot assign through 'lk': declared 'const' (a 'const' table is read-only)
  --> check_const_write_through.bit:49:3
   |
49 |   lk[0] = 9
   |   ^^^^^
