error[E0161]: class 'User' carries '@table' and names a field 'isPersisted', a name '@table' reserves for its hidden persisted-flag accessors
  --> check_persisted_field_declared.bit:11:3
   |
11 |   isPersisted: bool,
   |   ^^^^^^^^^^^ rename the field — 'isPersisted' and 'markPersisted' are reserved on every '@table' class and cannot be written from source
