error[E0041]: expected 'i64', found 'untyped string'
  --> check_static_call_positional_args.bit:43:18
   |
43 |   return T.label("s") + T.label(1, 2)
   |                  ^^^
error[E0050]: expected 1 argument(s), found 2
  --> check_static_call_positional_args.bit:43:25
   |
43 |   return T.label("s") + T.label(1, 2)
   |                         ^^^^^^^^^^^^^
error[E0041]: expected 'i64', found 'untyped string'
  --> check_static_call_positional_args.bit:47:15
   |
47 |   let a = K.f("x", 1)
   |               ^^^
error[E0041]: expected 'string', found 'untyped int'
  --> check_static_call_positional_args.bit:47:20
   |
47 |   let a = K.f("x", 1)
   |                    ^
error[E0050]: expected 2 argument(s), found 1
  --> check_static_call_positional_args.bit:48:11
   |
48 |   let b = K.f(1)
   |           ^^^^^^
error[E0063]: '...' spread is only valid as the final argument of a variadic call
  --> check_static_call_positional_args.bit:49:18
   |
49 |   let c = K.f(...[1, 2])
   |                  ^^^^^^
error[E0050]: expected 2 argument(s) before '...', found 0
  --> check_static_call_positional_args.bit:49:11
   |
49 |   let c = K.f(...[1, 2])
   |           ^^^^^^^^^^^^^^
error[E0050]: expected at least 1 argument(s), found 0
  --> check_static_call_positional_args.bit:50:11
   |
50 |   let d = K.v()
   |           ^^^^^
error[E0041]: expected 'i64', found 'untyped string'
  --> check_static_call_positional_args.bit:51:18
   |
51 |   let e = K.v(1, "x")
   |                  ^^^
error[E0050]: expected 2 argument(s), found 3
  --> check_static_call_positional_args.bit:52:11
   |
52 |   let f = K.d(1, 2, 3)
   |           ^^^^^^^^^^^^
error[E0050]: expected 2 argument(s), found 1
  --> check_static_call_positional_args.bit:53:11
   |
53 |   let g = K.own("s")
   |           ^^^^^^^^^^
error[E0041]: expected 'i64', found 'untyped string'
  --> check_static_call_positional_args.bit:54:20
   |
54 |   let h = G<i64>.g("x", 1)
   |                    ^^^
error[E0041]: expected 'string', found 'untyped int'
  --> check_static_call_positional_args.bit:54:25
   |
54 |   let h = G<i64>.g("x", 1)
   |                         ^
error[E0050]: expected 2 argument(s), found 1
  --> check_static_call_positional_args.bit:55:11
   |
55 |   let i = G<i64>.g(1)
   |           ^^^^^^^^^^^
error[E0050]: expected 2 argument(s), found 1
  --> check_static_call_positional_args.bit:56:11
   |
56 |   let j = G.g(1)
   |           ^^^^^^
