error[E0124]: no parameter named 'g'
  --> check_named_arg_generic_shapes_unknown.bit:30:18
   |
30 |   print("${apply(g = (x) => x + 1, v = 4)}\n")
   |                  ^^^^^^^^^^^^^^^^
error[E0124]: no parameter named 'q'
  --> check_named_arg_generic_shapes_unknown.bit:31:32
   |
31 |   print("${Pair<i64, bool>.tag(q = "z", n = 1)}\n")
   |                                ^^^^^^^
error[E0124]: no parameter named 'val'
  --> check_named_arg_generic_shapes_unknown.bit:33:18
   |
33 |   print("${s.put(val = 5, key = 1)}\n")
   |                  ^^^^^^^
