error[E0057]: no static method 'nope' on 'T'
  --> check_type_member.bit:44:13
   |
44 |   let a = T.nope()
   |             ^^^^
error[E0057]: no static method 'nm' on 'T'; 'nm' is an instance method and needs a value receiver
  --> check_type_member.bit:45:13
   |
45 |   let b = T.nm()
   |             ^^
error[E0057]: no static method 'inst' on 'K'; 'inst' is an instance method and needs a value receiver
  --> check_type_member.bit:50:13
   |
50 |   let a = K.inst(1)
   |             ^^^^
error[E0057]: no static method 'nope' on 'K'
  --> check_type_member.bit:51:13
   |
51 |   let b = K.nope(1)
   |             ^^^^
error[E0057]: no static method 'a' on 'K'; 'a' is a field and needs a value receiver
  --> check_type_member.bit:52:13
   |
52 |   let c = K.a(1)
   |             ^
error[E0057]: no static method 'a' on 'K'; 'a' is a field and needs a value receiver
  --> check_type_member.bit:53:13
   |
53 |   let d = K.a
   |             ^
error[E0057]: static method 'f' of 'K' is not a value; call it as K.f(...)
  --> check_type_member.bit:54:11
   |
54 |   let e = K.f
   |           ^^^
error[E0057]: no static method 'a' on 'K'; 'a' is a field and needs a value receiver
  --> check_type_member.bit:55:5
   |
55 |   K.a = 2
   |     ^
error[E0070]: no variant 'Z' on enum 'E'
  --> check_type_member.bit:56:13
   |
56 |   let f = E.Z
   |             ^
error[E0070]: no variant 'Z' on enum 'E'
  --> check_type_member.bit:57:13
   |
57 |   let g = E.Z(1)
   |             ^
