error[E0053]: 'loadU64' requires a '*u8' pointer, found 'untyped int'
 --> check_loadu64_wrong_ptr.bit:8:19
  |
8 |   let a = loadU64(5)
  |                   ^
error[E0053]: 'loadU64' requires a '*u8' pointer, found '*i64'
  --> check_loadu64_wrong_ptr.bit:10:19
   |
10 |   let b = loadU64(ptrOf(xs))
   |                   ^^^^^^^^^
