error[E0188]: 'catch' operand has type 'string', which is not fallible
  --> check_catch_operand_not_fallible.bit:12:11
   |
12 |   let a = plain() catch _ {
   |           ^^^^^^^^^^^^^^^^^ remove the 'catch'
error[E0188]: 'catch' operand has type 'string', which is not fallible
  --> check_catch_operand_not_fallible.bit:15:11
   |
15 |   let b = plain() catch ""
   |           ^^^^^^^^^^^^^^^^ remove the 'catch'
error[E0188]: 'catch' operand has type 'string', which is not fallible
  --> check_catch_operand_not_fallible.bit:20:10
   |
20 |   return plain() catch _ {
   |          ^^^^^^^^^^^^^^^^^ remove the 'catch'
error[E0188]: 'catch' operand has type 'string', which is not fallible
  --> check_catch_operand_not_fallible.bit:26:9
   |
26 |   print(plain() catch "")
   |         ^^^^^^^^^^^^^^^^ remove the 'catch'
error[E0188]: 'catch' operand has type 'string', which is not fallible
  --> check_catch_operand_not_fallible.bit:30:3
   |
30 |   plain() catch _ {
   |   ^^^^^^^^^^^^^^^^^ remove the 'catch'
error[E0188]: 'catch' operand has type 'string', which is not fallible
  --> check_catch_operand_not_fallible.bit:36:17
   |
36 |   let f = () => plain() catch ""
   |                 ^^^^^^^^^^^^^^^^ remove the 'catch'
