error[E0163]: 'phoen' is not a field of 'Person'
  --> check_orm_bad_column_patch.bit:16:70
   |
16 |   update<Person>(db, "people", fields).where("id", Value.Int(1)).set("phoen", Value.Text("x"))
   |                                                                      ^^^^^^^ this chain checks a string-literal column against the class its root call named — use one of 'Person's declared field names, or build the column from a non-literal expression to fall back to the runtime check
