error[E0145]: 'jsonDecode' cannot decode into 'Plain': it does not carry '@json'
  --> _tests_/bit/checkercases/check_json_decode_type.bit:22:22
   |
22 |   let a = jsonDecode<Plain>(j) catch e {
   |                      ^^^^^ mark 'Plain' with '@json' — 'jsonDecode<T>' is specialised from the same field list '@json' serializes, and never decodes into a type that did not opt in
error[E0145]: 'jsonDecode' cannot decode into 'Colour': it is not a class
  --> _tests_/bit/checkercases/check_json_decode_type.bit:25:22
   |
25 |   let b = jsonDecode<Colour>(j) catch e {
   |                      ^^^^^^ 'jsonDecode<T>' decodes only into a class carrying '@json', declared here or imported from another module by name
error[E0145]: 'jsonDecode' cannot decode into 'i64': it is not a class
  --> _tests_/bit/checkercases/check_json_decode_type.bit:28:22
   |
28 |   let c = jsonDecode<i64>(j) catch e {
   |                      ^^^ 'jsonDecode<T>' decodes only into a class carrying '@json', declared here or imported from another module by name
error[E0145]: 'jsonDecode' needs exactly one explicit type argument
  --> _tests_/bit/checkercases/check_json_decode_type.bit:31:11
   |
31 |   let d = jsonDecode(j) catch e {
   |           ^^^^^^^^^^^^^ write 'jsonDecode<T>(j)' naming the '@json' class to decode into — 'T' appears only in the result, so nothing infers it from the argument
