error[E0053]: cannot convert 'f64' to 'decimal'
  --> check_decimal_conversion.bit:15:14
   |
15 |   let bad1 = decimal(f)
   |              ^^^^^^^^^^
error[E0053]: cannot convert 'f32' to 'decimal'
  --> check_decimal_conversion.bit:16:14
   |
16 |   let bad2 = decimal(g)
   |              ^^^^^^^^^^
error[E0053]: cannot convert 'decimal' to 'f64'
  --> check_decimal_conversion.bit:17:14
   |
17 |   let bad3 = f64(d)
   |              ^^^^^^
error[E0053]: cannot convert 'untyped float' to 'decimal'
  --> check_decimal_conversion.bit:18:14
   |
18 |   let bad4 = decimal(0.1 + 0.2)
   |              ^^^^^^^^^^^^^^^^^^
