error[E0041]: expected 'i8', found 'untyped int'
  --> check_generic_class_expected_ctor.bit:86:40
   |
86 |   let tooWide: Pair<i8, string> = Pair(300, "s")
   |                                        ^^^
error[E0041]: expected 'i64', found 'untyped string'
  --> check_generic_class_expected_ctor.bit:87:39
   |
87 |   let wrong: Pair<i64, string> = Pair("x", "s")
   |                                       ^^^
error[E0068]: cannot infer type parameter 'S' of 'Policy'; write Policy<S, A>(...)
  --> check_generic_class_expected_ctor.bit:88:14
   |
88 |   let none = Policy("none", (p, user) => {
   |              ^^^^^^^^^^^^^^^^^^^^^^^^^^^^^
