error[E0174]: class 'User' carries '@collection("")', but the argument is not a non-empty string literal
 --> check_collection_name_arg_empty.bit:8:19
  |
8 | @json @collection("") class User {
  |                   ^^ write '@collection("name")' with a collection-name override, or '@collection' with no argument to use the default
