error[E0300]: relation field 'author' on 'Post' was read without the compiler proving its rows were loaded
  --> check_orm_relation_match_untraceable.bit:33:28
   |
33 |     Some(post) => print("${post.author.name}\n")
   |                            ^^^^^^^^^^^ these rows came from the query on line 26, which does not load 'author' -- add '.with("author")' to that query
