error[E0124]: no parameter named 'third'
  --> check_generic_class_init_inferred.bit:46:16
   |
46 |   let a = Pair(third = 1, first = 2)
   |                ^^^^^^^^^
error[E0171]: missing argument 'second'
  --> check_generic_class_init_inferred.bit:47:11
   |
47 |   let b = Pair(first = 1)
   |           ^^^^^^^^^^^^^^^
error[E0050]: expected 2 argument(s), found 3
  --> check_generic_class_init_inferred.bit:48:11
   |
48 |   let c = Pair(1, "a", 3)
   |           ^^^^^^^^^^^^^^^
error[E0041]: expected 'i64', found 'untyped string'
  --> check_generic_class_init_inferred.bit:49:19
   |
49 |   let d = Same(1, "x")
   |                   ^^^
error[E0068]: cannot infer type parameter 'T' of 'Box'; write Box<T>(...)
  --> check_generic_class_init_inferred.bit:50:11
   |
50 |   let e = Box(3)
   |           ^^^^^^
error[E0068]: cannot infer type parameter 'B' of 'Two'; write Two<A, B>(...)
  --> check_generic_class_init_inferred.bit:51:11
   |
51 |   let f = Two(1)
   |           ^^^^^^
error[E0068]: cannot infer type parameter 'T' of 'Box'; write Box<T>(...)
  --> check_generic_class_init_inferred.bit:52:11
   |
52 |   let g = Box(n = 4)
   |           ^^^^^^^^^^
