error[E0053]: '++'/'--' require a numeric operand, found 'decimal'
  --> check_decimal_operators.bit:15:3
   |
15 |   d++
   |   ^
error[E0053]: '++'/'--' require a numeric operand, found 'decimal'
  --> check_decimal_operators.bit:16:3
   |
16 |   d--
   |   ^
error[E0053]: operator not defined for 'decimal' and 'decimal'
  --> check_decimal_operators.bit:17:11
   |
17 |   let q = d / e
   |           ^^^^^
