error[E0163]: 'nope' is not a field of 'Author'
  --> check_orm_repo_with_nested_bad_relation.bit:26:25
   |
26 |   db.table<Post>().with("author.nope")
   |                         ^^^^^^^^^^^^^ this chain checks a string-literal column against the class its root call named — use one of 'Author's declared field names, or build the column from a non-literal expression to fall back to the runtime check
