error[E0073]: cannot interpolate a value of type '[]i64'
  --> check_slice_lit_mixed_interp.bit:11:12
   |
11 |   print("${[1, "a"]}\n")
   |            ^^^^^^^^ only primitives and types with a 'show(): string' method convert to string
error[E0041]: expected 'i64', found 'untyped string'
  --> check_slice_lit_mixed_interp.bit:11:16
   |
11 |   print("${[1, "a"]}\n")
   |                ^^^
