error[E0163]: 'emial' is not a field of 'Person'
  --> check_orm_bad_column.bit:23:58
   |
23 |   find<Person>(db, "people", fields, personMapper).where("emial", Value.Text("x"))
   |                                                          ^^^^^^^ this chain checks a string-literal column against the class its root call named — use one of 'Person's declared field names, or build the column from a non-literal expression to fall back to the runtime check
