error[E0141]: field 'secret' cannot be serialized by '@json': class 'Secret' does not carry '@json'
  --> check_json_attr_nested_unmarked.bit:13:11
   |
13 |   secret: Secret,
   |           ^^^^^^ mark 'Secret' with '@json' too, or drop 'secret' — '@json' never recurses into a type that did not opt in
