error[E0046]: 'hi' is not exported by this module
  --> check_foreign_field_unexported.bit:45:16
   |
45 |   println("${u.hi}")
   |                ^^ add 'export' to its declaration in the source module, or check the spelling
error[E0046]: 'hi' is not exported by this module
  --> check_foreign_field_unexported.bit:46:23
   |
46 |   println("${uuidV4().hi}")
   |                       ^^ add 'export' to its declaration in the source module, or check the spelling
error[E0046]: 'hi' is not exported by this module
  --> check_foreign_field_unexported.bit:47:28
   |
47 |   println("${uuid.uuidV4().hi}")
   |                            ^^ add 'export' to its declaration in the source module, or check the spelling
