error[E0057]: no field or method 'n' on this type
  --> check_generic_member_unknown.bit:27:12
   |
27 |   return v.n
   |            ^ this generic is instantiated with 'i64', which has no field or method 'n'
note: this generic function is instantiated from here
  --> check_generic_member_unknown.bit:44:11
   |
44 |   let a = get(7)
   |           ^^^^^^
error[E0057]: no field or method 'labl' on this type
  --> check_generic_member_unknown.bit:40:12
   |
40 |   return v.labl()
   |            ^^^^ this generic is instantiated with 'Dog', which has no field or method 'labl'; did you mean 'label'?
note: this generic function is instantiated from here
  --> check_generic_member_unknown.bit:45:11
   |
45 |   let b = speak(Dog{ name: "rex" })
   |           ^^^^^^^^^^^^^^^^^^^^^^^^^
