error[E0051]: type argument 0 is 'StrStore', which does not satisfy the bound 'Store<i64>'
  --> check_generic_bound_args.bit:57:11
   |
57 |   let a = twice(StrStore{ pre = "p" })
   |           ^^^^^^^^^^^^^^^^^^^^^^^^^^^^ 'StrStore.get' is (string) => string, but 'Store<i64>' needs (string) => i64
error[E0051]: type argument 1 is 'IntStore', which does not satisfy the bound 'Store<string>'
  --> check_generic_bound_args.bit:58:11
   |
58 |   let b = load<string, IntStore>(IntStore{ base = 1 }, "k")
   |           ^^^^^^^^^^^^^^^^^^^^^^^^^^^^^^^^^^^^^^^^^^^^^^^^^ 'IntStore.get' is (string) => i64, but 'Store<string>' needs (string) => string
error[E0051]: type argument 1 is 'StrStore', which does not satisfy the bound 'Store<i64>'
  --> check_generic_bound_args.bit:59:11
   |
59 |   let c = pick(5, StrStore{ pre = "p" })
   |           ^^^^^^^^^^^^^^^^^^^^^^^^^^^^^^ 'StrStore.get' is (string) => string, but 'Store<i64>' needs (string) => i64
error[E0051]: type argument 0 is 'StrStore', which does not satisfy the bound 'Store<i64>'
  --> check_generic_bound_args.bit:61:11
   |
61 |   let e = second(StrStore{ pre = "p" })
   |           ^^^^^^^^^^^^^^^^^^^^^^^^^^^^^ 'StrStore.get' is (string) => string, but 'Store<i64>' needs (string) => i64
error[E0051]: this instantiation calls 'load' with 'StrStore', which does not satisfy the bound 'Store<i64>'
  --> check_generic_bound_args.bit:60:11
   |
60 |   let d = forward<string, StrStore>(StrStore{ pre = "p" })
   |           ^^^^^^^^^^^^^^^^^^^^^^^^^^^^^^^^^^^^^^^^^^^^^^^^ 'StrStore.get' is (string) => string, but 'Store<i64>' needs (string) => i64
note: 'load' is called here, in the body emitted for this instantiation
  --> check_generic_bound_args.bit:52:16
   |
52 |   let n: i64 = load<i64, S>(s, "k")
   |                ^^^^^^^^^^^^^^^^^^^^
