error[E0128]: named arguments require a direct call to a named function
  --> check_named_arg_not_direct.bit:12:5
   |
12 |   f(port = 3000, tls = true)
   |     ^^^^^^^^^^^
error[E0128]: named arguments require a direct call to a named function
  --> check_named_arg_not_direct.bit:12:18
   |
12 |   f(port = 3000, tls = true)
   |                  ^^^^^^^^^^
