error[E0189]: enum 'Color' declares '__variantName', which the compiler synthesizes for every payload-free enum ('__variantName' and '__variants')
 --> check_enum_variant_names_reserved.bit:9:3
  |
9 |   __variantName(): string {
  |   ^^^^^^^^^^^^^ rename this member — a hand-written '__variantName' that silently won would make the synthesized one invisible to a generic bound on it
