error[E0300]: relation field 'author' on 'Post' was read without the compiler proving its rows were loaded
  --> check_orm_relation_raw_query.bit:24:12
   |
24 |   print("${rows[0].author.name}\n")
   |            ^^^^^^^^^^^^^^ rows from raw SQL do not load relations; read 'author' through db.table<Post>().with("author"), or select its columns in the SQL and read them as fields
