error[E0116]: '?' operand has type '()', which is not fallible
  --> check_field_attr_not_fallible.bit:11:3
   |
11 |   @slug
   |   ^^^^^
error[E0133]: attribute '@slug' on field 'handle' names a function that cannot fail
  --> check_field_attr_not_fallible.bit:11:4
   |
11 |   @slug
   |    ^^^^ an attribute reports by failing: declare 'slug' as 'fn slug(...): ()!'
