error[E0064]: class field default initializer must be a compile-time constant expression
  --> check_field_default_container_nonconst.bit:10:17
   |
10 |   x: []string = ["a", readEnv()],
   |                 ^^^^^^^^^^^^^^^^ a composite-literal, slice or map default is rebuilt at every construction site (§10.5); each field value, element, key and value in it must be a nested literal or a compile-time constant — no function calls, no other run-time expressions
error[E0064]: class field default initializer must be a compile-time constant expression
  --> check_field_default_container_nonconst.bit:14:28
   |
14 |   x: map<string, string> = { "k": readEnv() },
   |                            ^^^^^^^^^^^^^^^^^^ a composite-literal, slice or map default is rebuilt at every construction site (§10.5); each field value, element, key and value in it must be a nested literal or a compile-time constant — no function calls, no other run-time expressions
error[E0064]: class field default initializer must be a compile-time constant expression
  --> check_field_default_container_nonconst.bit:18:19
   |
18 |   x: [][]string = [[], [readEnv()]],
   |                   ^^^^^^^^^^^^^^^^^ a composite-literal, slice or map default is rebuilt at every construction site (§10.5); each field value, element, key and value in it must be a nested literal or a compile-time constant — no function calls, no other run-time expressions
