error[E0180]: 'NoKey' has no single primary key for 'Repo<NoKey>.find'
  --> check_orm_repo_no_single_key.bit:21:21
   |
21 |   db.table<NoKey>().find(1)?
   |                     ^^^^ no field carries '@id' and none is named 'id' — Repo<T>.find needs a primary key; add '@id' to a field, or name one 'id'
