error[E0041]: expected 'i64', found 'string'
  --> check_bound_member_amp.bit:43:10
   |
43 |   return s.label()
   |          ^^^^^^^^^
error[E0057]: no field or method 'nope' on this type
  --> check_bound_member_amp.bit:47:12
   |
47 |   return s.nope()
   |            ^^^^
error[E0057]: method 'label' is declared by more than one bound of 'S' with different signatures
  --> check_bound_member_amp.bit:51:12
   |
51 |   return s.label()
   |            ^^^^^
error[E0057]: no static method 'nope' on 'S'
  --> check_bound_member_amp.bit:55:12
   |
55 |   return S.nope()
   |            ^^^^
error[E0057]: method 'tag' is declared by more than one bound of 'S' with different signatures
  --> check_bound_member_amp.bit:59:12
   |
59 |   return S.tag()
   |            ^^^
