error[E0125]: parameter 'w' supplied more than once
  --> check_named_arg_generic_duplicate.bit:20:24
   |
20 |   return shape.area(1, w = 3, h = 2)
   |                        ^^^^^
error[E0125]: parameter 'a' supplied more than once
  --> check_named_arg_generic_duplicate.bit:24:20
   |
24 |   print("${pick(1, a = 2)}\n")
   |                    ^^^^^
error[E0125]: parameter 'x' supplied more than once
  --> check_named_arg_generic_duplicate.bit:26:27
   |
26 |   print("${box.set(x = 1, x = 2)}\n")
   |                           ^^^^^
