error[E0124]: no parameter named 'titel'
  --> check_jsx_component_props.bit:11:19
   |
11 |   let a = <Layout titel="Users" subtitle="x" />
   |                   ^^^^^^^^^^^^^
error[E0050]: expected 2 argument(s), found 1
  --> check_jsx_component_props.bit:12:11
   |
12 |   let b = <Layout title="Users" />
   |           ^^^^^^^^^^^^^^^^^^^^^^^^
error[E0041]: expected 'string', found 'untyped int'
  --> check_jsx_component_props.bit:13:26
   |
13 |   let c = <Layout title={5} subtitle="x" />
   |                          ^
