error[E0175]: class 'Session' carries '@collection' but not '@json'
 --> check_collection_requires_json.bit:9:31
  |
9 | @collection("sessions") class Session {
  |                               ^^^^^^^ add '@json' — '@collection' names the method 'store.collection<T>()' reads, synthesized only for a '@json' class
