error[E0162]: class 'User' carries '@table' and also declares 'isPersisted', which '@table' synthesizes
  --> check_persisted_method_declared.bit:13:3
   |
13 |   isPersisted(): bool {
   |   ^^^^^^^^^^^ drop '@table', or rename this method — a hand-written 'isPersisted'/'markPersisted' that silently won would make the synthesized accessor invisible to 'pkg/orm'
