error[E0041]: expected 'i64', found 'Option<i64>'
 --> check_option_lift_reverse.bit:9:8
  |
9 |   take(o)
  |        ^
error[E0041]: expected 'i64', found 'Option<i64>'
  --> check_option_lift_reverse.bit:10:16
   |
10 |   let n: int = o
   |                ^
error[E0041]: expected 'Option<i64>', found 'untyped int'
  --> check_option_lift_reverse.bit:12:7
   |
12 |   t = 5
   |       ^
