error[E0313]: '__valueHash' is not available on 'Scores': field 'byWeight' of type 'map<f64, i64>': a map key must be a string, integer, bool or payload-free enum
  --> check_value_member_map_key.bit:12:11
   |
12 |   print(a.__valueHash())
   |           ^^^^^^^^^^^ deep value semantics need every field to be a string, number, bool, float, decimal, enum, slice, map or Option of those, or a class that has them (SPEC §14.3)
