error[E0041]: expected 'string', found an empty map literal
  --> check_empty_maplit_noncollection.bit:24:8
   |
24 |   take({})
   |        ^^
error[E0041]: expected 'string', found an empty map literal
  --> check_empty_maplit_noncollection.bit:25:19
   |
25 |   let x: string = {}
   |                   ^^
error[E0041]: expected 'string', found an empty map literal
  --> check_empty_maplit_noncollection.bit:26:20
   |
26 |   let b = Box{ v = {} }
   |                    ^^
