error[E0083]: '(i64, P)' has no zero value, so '[](i64, P)(2)' cannot fill its elements: member .1 has type 'P', which has no zero value
  --> check_slice_alloc_tuple_no_zero_value.bit:30:12
   |
30 |   let xs = [](i64, P)(2)
   |            ^^^^^^^^^^^^^ build the slice from values instead, e.g. `[](i64, P){ ... }`, or start from `[](i64, P)(0)` and append (§13.4)
