error[E0068]: cannot infer type parameter 'B' of 'Pair'; write Pair<A, B>.blank(...)
  --> _tests_/bit/checkercases/check_generic_class_static_bare_gap.bit:36:11
   |
36 |   let a = Pair.blank(1)
   |           ^^^^^^^^^^^^^
error[E0068]: cannot infer type parameter 'B' of 'Pair'; write Pair<A, B>.blank(...)
  --> _tests_/bit/checkercases/check_generic_class_static_bare_gap.bit:37:11
   |
37 |   let b = Pair.blank(first = 1)
   |           ^^^^^^^^^^^^^^^^^^^^^
error[E0068]: cannot infer type parameter 'A' of 'Pair'; write Pair<A, B>.zero(...)
  --> _tests_/bit/checkercases/check_generic_class_static_bare_gap.bit:38:11
   |
38 |   let c = Pair.zero()
   |           ^^^^^^^^^^^
error[E0124]: no parameter named 'third'
  --> _tests_/bit/checkercases/check_generic_class_static_bare_gap.bit:39:32
   |
39 |   let d = Pair.make(first = 1, third = 2)
   |                                ^^^^^^^^^
