error[E0021]: expected an expression, found '...'
  --> check_jsx_spread_outside_attr.bit:21:17
   |
21 |   let x = <div>{...props}</div>
   |                 ^^^
error[E0021]: expected '}', found an identifier
  --> check_jsx_spread_outside_attr.bit:21:20
   |
21 |   let x = <div>{...props}</div>
   |                    ^^^^^
