error[E0145]: 'jsonDecode' cannot decode into 'Plain': it does not carry '@json'
  --> check_json_decode_generic.bit:32:11
   |
32 |   let a = once<Plain>(j) catch _ {
   |           ^^^^^^^^^^^^^^ mark 'Plain' with '@json' — a generic that calls 'jsonDecode<T>' decodes only into a class that opted in, exactly as a direct call does
error[E0145]: 'jsonDecode' cannot decode into an unbound type parameter: this call binds it to nothing
  --> check_json_decode_generic.bit:35:11
   |
35 |   let _ = once(j) catch _ {
   |           ^^^^^^^ write the type argument out — 'jsonDecode<T>' puts 'T' in the RESULT alone, so nothing infers it from the arguments and neither can a generic wrapping it
