error[E0130]: 'append' takes a 'string' operand only for a '[]u8' destination (its bytes) or a '[]string' one (one element); this destination is '[]i64'
  --> check_append_str_dest.bit:13:17
   |
13 |   a = append(a, "hi")
   |                 ^^^^ append a 'i64' element, or convert the destination to '[]u8'
error[E0130]: 'append' takes a 'string' operand only for a '[]u8' destination (its bytes) or a '[]string' one (one element); this destination is '[]f64'
  --> check_append_str_dest.bit:15:22
   |
15 |   b = append(b, 1.0, "hi")
   |                      ^^^^ append a 'f64' element, or convert the destination to '[]u8'
error[E0130]: 'append' takes a 'string' operand only for a '[]u8' destination (its bytes) or a '[]string' one (one element); this destination is '[]bool'
  --> check_append_str_dest.bit:18:17
   |
18 |   c = append(c, s)
   |                 ^ append a 'bool' element, or convert the destination to '[]u8'
