error[E0190]: unhandled fallible value of type '[]i64!'
  --> check_fallible_value_positions.bit:28:12
   |
28 |   for x of xs() {
   |            ^^^^ handle it with 'catch' (§18.3); '?' needs a fallible enclosing function
error[E0190]: unhandled fallible value of type 'K!'
  --> check_fallible_value_positions.bit:31:8
   |
31 |   sink(kk().v)
   |        ^^^^ handle it with 'catch' (§18.3); '?' needs a fallible enclosing function
error[E0190]: unhandled fallible value of type 'i64!'
  --> check_fallible_value_positions.bit:32:10
   |
32 |   sink(a[n()])
   |          ^^^ handle it with 'catch' (§18.3); '?' needs a fallible enclosing function
error[E0190]: unhandled fallible value of type 'i64!'
  --> check_fallible_value_positions.bit:33:14
   |
33 |   sink(len(a[n():2]))
   |              ^^^ handle it with 'catch' (§18.3); '?' needs a fallible enclosing function
error[E0190]: unhandled fallible value of type 'i64!'
  --> check_fallible_value_positions.bit:35:8
   |
35 |   t += n()
   |        ^^^ handle it with 'catch' (§18.3); '?' needs a fallible enclosing function
error[E0190]: unhandled fallible value of type 'i64!'
  --> check_fallible_value_positions.bit:36:11
   |
36 |   let u = n()
   |           ^^^ handle it with 'catch' (§18.3); '?' needs a fallible enclosing function
error[E0190]: unhandled fallible value of type 'i64!'
  --> check_fallible_value_positions.bit:37:12
   |
37 |   let l = [n(), n()]
   |            ^^^ handle it with 'catch' (§18.3); '?' needs a fallible enclosing function
error[E0190]: unhandled fallible value of type 'i64!'
  --> check_fallible_value_positions.bit:37:17
   |
37 |   let l = [n(), n()]
   |                 ^^^ handle it with 'catch' (§18.3); '?' needs a fallible enclosing function
error[E0190]: unhandled fallible value of type 'i64!'
  --> check_fallible_value_positions.bit:38:18
   |
38 |   let d = { "a": n() }
   |                  ^^^ handle it with 'catch' (§18.3); '?' needs a fallible enclosing function
error[E0190]: unhandled fallible value of type '(i64!, i64)'
  --> check_fallible_value_positions.bit:39:11
   |
39 |   let p = (n(), 1)
   |           ^^^^^^^^ handle it with 'catch' (§18.3); '?' needs a fallible enclosing function
error[E0190]: unhandled fallible value of type 'i64!'
  --> check_fallible_value_positions.bit:40:8
   |
40 |   keep(n())
   |        ^^^ handle it with 'catch' (§18.3); '?' needs a fallible enclosing function
error[E0190]: unhandled fallible value of type '()!'
  --> check_fallible_value_positions.bit:45:3
   |
45 |   W{}.go()
   |   ^^^^^^^^ handle it with 'catch' (§18.3); '?' needs a fallible enclosing function
