error[E0300]: relation field 'author' on 'Post' was read without the compiler proving its rows were loaded
  --> check_orm_relation_composite_literal_belongsto.bit:26:12
   |
26 |   print("${p.author.name}\n")
   |            ^^^^^^^^ the rows stored on line 25 cannot be traced to a query -- store rows from a query that loads 'author' there (add '.with("author")' to it)
