error[E0041]: expected 'i64', found 'i64!'
  --> check_fallible_hint_context.bit:40:16
   |
40 |   let n: i64 = count()
   |                ^^^^^^^ handle it with 'catch' (§18.3); '?' needs a fallible enclosing function
error[E0041]: expected 'i64', found 'i64!'
  --> check_fallible_hint_context.bit:50:16
   |
50 |   let n: i64 = count()
   |                ^^^^^^^ add '?' to propagate the error, or 'catch' to handle it (§18.3)
error[E0190]: unhandled fallible value of type 'i64!'
  --> check_fallible_hint_context.bit:17:3
   |
17 |   count()
   |   ^^^^^^^ handle it with 'catch' (§18.3); '?' needs a fallible enclosing function
error[E0190]: unhandled fallible value of type 'i64!'
  --> check_fallible_hint_context.bit:22:5
   |
22 |     count()
   |     ^^^^^^^ handle it with 'catch' (§18.3); '?' needs a fallible enclosing function
error[E0190]: unhandled fallible value of type 'i64!'
  --> check_fallible_hint_context.bit:29:5
   |
29 |     count()
   |     ^^^^^^^ handle it with 'catch' (§18.3); '?' needs a fallible enclosing function
error[E0190]: unhandled fallible value of type 'i64!'
  --> check_fallible_hint_context.bit:35:5
   |
35 |     count()
   |     ^^^^^^^ handle it with 'catch' (§18.3); '?' needs a fallible enclosing function
error[E0190]: unhandled fallible value of type 'i64!'
  --> check_fallible_hint_context.bit:45:3
   |
45 |   count()
   |   ^^^^^^^ add '?' to propagate the error, or 'catch' to handle it (§18.3)
error[E0190]: unhandled fallible value of type 'i64!'
  --> check_fallible_hint_context.bit:56:5
   |
56 |     count()
   |     ^^^^^^^ add '?' to propagate the error, or 'catch' to handle it (§18.3)
error[E0190]: unhandled fallible value of type 'i64!'
  --> check_fallible_hint_context.bit:65:5
   |
65 |     count()
   |     ^^^^^^^ handle it with 'catch' (§18.3); '?' needs a fallible enclosing function
