error[E0041]: expected 'i64', found 'untyped string'
  --> check_ns_static_call.bit:15:17
   |
15 |   let a = m.K.f("x", 1)
   |                 ^^^
error[E0041]: expected 'string', found 'untyped int'
  --> check_ns_static_call.bit:15:22
   |
15 |   let a = m.K.f("x", 1)
   |                      ^
error[E0050]: expected 2 argument(s), found 1
  --> check_ns_static_call.bit:16:11
   |
16 |   let b = m.K.f(1)
   |           ^^^^^^^^
error[E0041]: expected 'i64', found 'untyped string'
  --> check_ns_static_call.bit:17:22
   |
17 |   let c = m.K.own(1, "x")
   |                      ^^^
error[E0041]: expected 'i64', found 'untyped string'
  --> check_ns_static_call.bit:18:30
   |
18 |   let d = m.K.f(b = "s", a = "t")
   |                              ^^^
error[E0046]: 'hidden' is not exported by this module
  --> check_ns_static_call.bit:19:15
   |
19 |   let e = m.K.hidden(1)
   |               ^^^^^^ add 'export' to its declaration in the source module, or check the spelling
error[E0046]: 'Priv' is not exported by this module
  --> check_ns_static_call.bit:20:13
   |
20 |   let f = m.Priv.f(1)
   |             ^^^^ add 'export' to its declaration in the source module, or check the spelling
error[E0068]: cannot instantiate generic class 'm.G' through its namespace; import it by name and write G<T>.g(...)
  --> check_ns_static_call.bit:21:11
   |
21 |   let g = m.G.g(1, "s")
   |           ^^^^^^^^^^^^^
