error[E0163]: 'tagz' is not a field of 'Post'
  --> check_orm_repo_link_bad_relation.bit:21:58
   |
21 |   db.table<Post>().link(Post{ id = 1, tags = []Tag(0) }, "tagz", [1])
   |                                                          ^^^^^^ this chain checks a string-literal column against the class its root call named — use one of 'Post's declared field names, or build the column from a non-literal expression to fall back to the runtime check
