error[E0041]: expected 'i64', found 'string'
  --> check_bound_member_amp.bit:34:10
   |
34 |   return s.label()
   |          ^^^^^^^^^
error[E0057]: no field or method 'nope' on this type
  --> check_bound_member_amp.bit:38:12
   |
38 |   return s.nope()
   |            ^^^^
error[E0057]: method 'label' is declared by more than one bound of 'S' with different signatures
  --> check_bound_member_amp.bit:42:12
   |
42 |   return s.label()
   |            ^^^^^
