error[E0186]: 'Pages' has a fallible next(), so a for-of over it needs '?' on the iterable (§13.1)
  --> check_forof_arrow_let_needs_try.bit:47:14
   |
47 |     for x of p {
   |              ^ write 'for x of it? { }'; a failed next() returns its error from the enclosing fallible function
error[E0187]: '?' on a for-of iterable whose next() cannot fail: 'Plain' is not a 'next(): Option<T>!' iterable (§13.1)
  --> check_forof_arrow_let_needs_try.bit:51:14
   |
51 |     for y of q? {
   |              ^^ remove the '?'
