error[E0041]: expected 'i64', found a function literal
  --> check_arrow_nonfunc_expected.bit:36:11
   |
36 |   return (y) => y + 1
   |           ^^^^^^^^^^^
error[E0041]: expected 'i64', found a function literal
  --> check_arrow_nonfunc_expected.bit:45:17
   |
45 |   print("${one((x) => x + 1)}\n")
   |                 ^^^^^^^^^^^
error[E0041]: expected 'i64', found a function literal
  --> check_arrow_nonfunc_expected.bit:46:17
   |
46 |   let a: int = (y) => y + 1
   |                 ^^^^^^^^^^^
error[E0041]: expected 'i64', found '(i64) => i64'
  --> check_arrow_nonfunc_expected.bit:48:17
   |
48 |   print("${one((x: int) => x + 1)}\n")
   |                 ^^^^^^^^^^^^^^^^
