error[E0021]: expected '=', found ':'
  --> check_member_bad_token.bit:14:14
   |
14 |   let s = S{f: 1}
   |              ^ class field init uses '=', not ':' -- write 'f = ...' here
error[E0021]: expected an identifier, found plus
  --> check_member_bad_token.bit:15:13
   |
15 |   let x = s.+ 1
   |             ^
