error[E0128]: named arguments require a direct call to a named function
  --> check_named_arg_generic_rejected.bit:53:21
   |
53 |   return shape.area(w = 3, h = 2)
   |                     ^^^^^
error[E0128]: named arguments require a direct call to a named function
  --> check_named_arg_generic_rejected.bit:53:28
   |
53 |   return shape.area(w = 3, h = 2)
   |                            ^^^^^
error[E0128]: named arguments require a direct call to a named function
  --> check_named_arg_generic_rejected.bit:57:17
   |
57 |   print("${pick(b = 1, a = 2)}\n")
   |                 ^^^^^
error[E0128]: named arguments require a direct call to a named function
  --> check_named_arg_generic_rejected.bit:57:24
   |
57 |   print("${pick(b = 1, a = 2)}\n")
   |                        ^^^^^
error[E0128]: named arguments require a direct call to a named function
  --> check_named_arg_generic_rejected.bit:59:20
   |
59 |   print("${box.set(x = 1)}\n")
   |                    ^^^^^
