error[E0068]: cannot infer type parameter 'T'; give explicit type arguments
  --> check_generic_variadic_empty_slot_bound.bit:58:12
   |
58 |   print("${joinAll("-")}\n")
   |            ^^^^^^^^^^^^
error[E0068]: cannot infer type parameter 'T'; give explicit type arguments
  --> check_generic_variadic_empty_slot_bound.bit:59:12
   |
59 |   print("${countOnly()}\n")
   |            ^^^^^^^^^^^
