error[E0041]: expected 'decimal', found 'i64'
 --> check_decimal_implicit.bit:8:20
  |
8 |   let d: decimal = n
  |                    ^
error[E0041]: expected 'f64', found 'decimal'
 --> check_decimal_implicit.bit:9:19
  |
9 |   let back: f64 = d
  |                   ^
error[E0041]: expected 'i64', found 'decimal'
  --> check_decimal_implicit.bit:10:20
   |
10 |   let trunc: i64 = d
   |                    ^
