error[E0046]: 'hi' is not exported by this module
  --> check_foreign_field_unexported.bit:34:16
   |
34 |   println("${u.hi}")
   |                ^^ add 'export' to its declaration in the source module, or check the spelling
error[E0046]: 'hi' is not exported by this module
  --> check_foreign_field_unexported.bit:35:23
   |
35 |   println("${uuidV4().hi}")
   |                       ^^ add 'export' to its declaration in the source module, or check the spelling
