error[E0064]: array length must be a compile-time constant integer
  --> check_module_const_array_len.bit:20:11
   |
20 |   let b: [size]int
   |           ^^^^ 'size' is a module const initialized at startup, so its value does not exist at compile time (§11.11); use a literal or a const folded from literals
error[E0064]: array length must be a compile-time constant integer
  --> check_module_const_array_len.bit:21:11
   |
21 |   let c: [width]int
   |           ^^^^^ 'width' is a module const initialized at startup, so its value does not exist at compile time (§11.11); use a literal or a const folded from literals
