error[E0060]: 'fail' is only valid inside a fallible function
  --> check_arrow_fail_not_fallible.bit:26:7
   |
26 |       fail Neg{ n: n }
   |       ^^^^^^^^^^^^^^^^
error[E0060]: 'fail' is only valid inside a fallible function
  --> check_arrow_fail_not_fallible.bit:32:7
   |
32 |       fail Neg{ n: n }
   |       ^^^^^^^^^^^^^^^^
