error[E0041]: expected 'i8', found 'untyped int'
  --> check_class_literal_positions.bit:23:17
   |
23 |   return W{ v = 300 }
   |                 ^^^
error[E0068]: cannot infer type parameter 'K' of 'Lonely'; write Lonely<K>{...}
  --> check_class_literal_positions.bit:47:16
   |
47 |   let member = Lonely{ v = "x" }.v
   |                ^^^^^^^^^^^^^^^^^
error[E0068]: cannot infer type parameter 'K' of 'Lonely'; write Lonely<K>{...}
  --> check_class_literal_positions.bit:48:20
   |
48 |   let generic = id(Lonely{ v = "x" })
   |                    ^^^^^^^^^^^^^^^^^
error[E0068]: cannot infer type parameter 'K' of 'Lonely'; write Lonely<K>{...}
  --> check_class_literal_positions.bit:49:18
   |
49 |   let untyped = [Lonely{ v = "x" }]
   |                  ^^^^^^^^^^^^^^^^^
error[E0068]: cannot infer type parameter 'K' of 'Lonely'; write Lonely<K>{...}
  --> check_class_literal_positions.bit:50:15
   |
50 |   let bound = Lonely{ v = "x" }
   |               ^^^^^^^^^^^^^^^^^
error[E0041]: expected 'i8', found 'untyped int'
  --> check_class_literal_positions.bit:51:30
   |
51 |   let viaArg8 = take8(W{ v = 300 })
   |                              ^^^
error[E0041]: expected 'i8', found 'untyped int'
  --> check_class_literal_positions.bit:52:34
   |
52 |   let annotated8: W<i8> = W{ v = 300 }
   |                                  ^^^
error[E0041]: expected 'i8', found 'untyped int'
  --> check_class_literal_positions.bit:53:33
   |
53 |   let elems8: []W<i8> = [W{ v = 300 }]
   |                                 ^^^
error[E0041]: expected 'i64', found 'untyped string'
  --> check_class_literal_positions.bit:54:34
   |
54 |   let wrongType: W<i64> = W{ v = "x" }
   |                                  ^^^
