error[E0070]: 'm.E' is an enum reached through a namespace; a variant is written through the enum's own name, so import it by name and write E.A
  --> check_ns_type_value.bit:14:15
   |
14 |   let a = m.E.A
   |               ^
error[E0070]: 'm.E' is an enum reached through a namespace; a variant is written through the enum's own name, so import it by name and write E.C
  --> check_ns_type_value.bit:15:15
   |
15 |   let b = m.E.C(1)
   |               ^
error[E0049]: cannot build 'm.K' through its namespace: a namespace-qualified type is a type, not a constructor; import it by name and write K(...)
  --> check_ns_type_value.bit:16:11
   |
16 |   let c = m.K(1)
   |           ^^^
error[E0046]: 'mk' is not exported by this module
  --> check_ns_type_value.bit:17:13
   |
17 |   let d = m.mk(1)
   |             ^^ 'mk' is a static method of 'K', not a function; call it as m.K.mk(...)
error[E0057]: no static method 'nope' on 'm.K'
  --> check_ns_type_value.bit:18:15
   |
18 |   let e = m.K.nope(1)
   |               ^^^^
error[E0057]: no static method 'inst' on 'm.K'; 'inst' is an instance method and needs a value receiver
  --> check_ns_type_value.bit:19:15
   |
19 |   let f = m.K.inst(1)
   |               ^^^^
error[E0049]: 'm.K' names a type, not a value
  --> check_ns_type_value.bit:20:11
   |
20 |   let g = m.K
   |           ^^^
error[E0049]: 'm.E' names a type, not a value
  --> check_ns_type_value.bit:21:11
   |
21 |   let h = m.E
   |           ^^^
error[E0049]: 'm.K' names a type, not a value
  --> check_ns_type_value.bit:22:8
   |
22 |   take(m.K)
   |        ^^^
