error[E0091]: 'for ... in ...' yields an index (slice/array) or a key (map); 'string' has neither (§13.1)
  --> check_forin_unsupported.bit:13:12
   |
13 |   for c in s {
   |            ^ iterate values with 'for x of ...' instead, or index/key it explicitly
error[E0091]: 'for ... in ...' yields an index (slice/array) or a key (map); 'chan<i64>' has neither (§13.1)
  --> check_forin_unsupported.bit:17:12
   |
17 |   for v in ch {
   |            ^^ iterate values with 'for x of ...' instead, or index/key it explicitly
