error[E0189]: enum 'Color' declares '__variantAt', which the compiler synthesizes for every payload-free enum ('__variantName', '__variants' and '__variantAt')
 --> check_enum_variant_at_reserved.bit:8:10
  |
8 |   static __variantAt(i: int): Color {
  |          ^^^^^^^^^^^ rename this member — a hand-written '__variantAt' that silently won would make the synthesized one invisible to a generic bound on it
