error[E0057]: no field or method 'n' on this type
  --> check_generic_member_unknown.bit:22:12
   |
22 |   return v.n
   |            ^ this generic is instantiated with 'i64', which has no field or method 'n'
error[E0057]: no field or method 'labl' on this type
  --> check_generic_member_unknown.bit:35:12
   |
35 |   return v.labl()
   |            ^^^^ this generic is instantiated with 'Dog', which has no field or method 'labl'; did you mean 'label'?
