error[E0124]: no parameter named 'third'
  --> check_generic_class_init_written_args.bit:27:29
   |
27 |   let a = Pair<i64, string>(third = 1, first = 2)
   |                             ^^^^^^^^^
error[E0171]: missing argument 'second'
  --> check_generic_class_init_written_args.bit:28:11
   |
28 |   let b = Pair<i64, string>(first = 1)
   |           ^^^^^^^^^^^^^^^^^^^^^^^^^^^^
error[E0050]: expected 2 argument(s), found 3
  --> check_generic_class_init_written_args.bit:29:11
   |
29 |   let c = Pair<i64, string>(1, "a", 3)
   |           ^^^^^^^^^^^^^^^^^^^^^^^^^^^^
error[E0041]: expected 'i64', found 'untyped string'
  --> check_generic_class_init_written_args.bit:30:29
   |
30 |   let d = Pair<i64, string>("a", 7)
   |                             ^^^
error[E0041]: expected 'string', found 'untyped int'
  --> check_generic_class_init_written_args.bit:30:34
   |
30 |   let d = Pair<i64, string>("a", 7)
   |                                  ^
error[E0041]: expected 'string', found 'untyped int'
  --> check_generic_class_init_written_args.bit:31:38
   |
31 |   let e = Pair<i64, string>(second = 7, first = 1)
   |                                      ^
error[E0058]: 'Pair' expects 2 type argument(s), found 3
  --> check_generic_class_init_written_args.bit:32:11
   |
32 |   let f = Pair<i64, string, bool>(7, "s")
   |           ^^^^^^^^^^^^^^^^^^^^^^^^^^^^^^^
error[E0058]: 'Plain' expects 0 type argument(s), found 1
  --> check_generic_class_init_written_args.bit:33:11
   |
33 |   let g = Plain<i64>(3)
   |           ^^^^^^^^^^^^^
error[E0058]: 'Pair' needs 2 type argument(s); write 'Pair<...>'
  --> check_generic_class_init_written_args.bit:34:11
   |
34 |   let h = Pair(7, "s")
   |           ^^^^^^^^^^^^
