error[E0300]: relation field 'author' on 'Post' is read through parameter 'p' of 'show', but this default value was not proven loaded
  --> check_orm_relation_default_param.bit:22:19
   |
22 | fn show(p: Post = Post{ id = 0, authorId = 0 }): string {
   |                   ^^^^^^^^^^^^^^^^^^^^^^^^^^^^ this default never sets 'author' -- set it in the literal ('author = ...'), or pass the argument at every call
