error[E0186]: 'Pages' has a fallible next(), so a for-of over it needs '?' on the iterable (§13.1)
  --> check_forof_next_fallible_needs_try.bit:19:12
   |
19 |   for x of p {
   |            ^ write 'for x of it? { }'; a failed next() returns its error from the enclosing fallible function
error[E0186]: 'Pages' has a fallible next(), so a for-of over it needs '?' on the iterable (§13.1)
  --> check_forof_next_fallible_needs_try.bit:27:12
   |
27 |   for x of p {
   |            ^ write 'for x of it? { }'; a failed next() returns its error from the enclosing fallible function
