error[E0314]: '__x' is reserved: a top-level name that starts with '__' belongs to the compiler's synthesized code
  --> check_reserved_top_name_orm_lookalike.bit:11:4
   |
11 | fn __x(): int {
   |    ^^^ rename it without the '__' prefix (SPEC §14.3); only the members '__field', '__sameValue', '__valueHash' and '__snapshot' of a class are written with one
