error[E0064]: class field default initializer must be a compile-time constant expression
  --> check_field_default_variant_nonconst.bit:15:14
   |
15 |   c: Color = pick(),
   |              ^^^^^^ a default is folded and stored at every construction site, so there is no run-time initializer
error[E0064]: class field default initializer must be a compile-time constant expression
  --> check_field_default_variant_nonconst.bit:19:20
   |
19 |   o: Option<int> = Option.Some(1),
   |                    ^^^^^^^^^^^^^^ a default is folded and stored at every construction site, so there is no run-time initializer
