error[E0061]: '?' is only valid inside a fallible function
  --> check_arrow_try_not_fallible.bit:24:12
   |
24 |     return boom(n)?
   |            ^^^^^^^^
error[E0061]: '?' is only valid inside a fallible function
  --> check_arrow_try_not_fallible.bit:27:12
   |
27 |     return boom(n)?
   |            ^^^^^^^^
