error[E0164]: class 'Widget' declares '__jsonAppend', a name '@json' reserves for its generated method
  --> check_json_append_reserved.bit:11:3
   |
11 |   __jsonAppend(out: []byte): []byte {
   |   ^^^^^^^^^^^^ rename this method — '__jsonAppend' is synthesized by '@json' and matched by name alone by interface assertions
