error[E0041]: expected 'string', found an empty slice literal
  --> check_empty_slicelit_noncollection.bit:19:10
   |
19 |   return []
   |          ^^
error[E0041]: expected 'string', found an empty slice literal
  --> check_empty_slicelit_noncollection.bit:23:8
   |
23 |   take([])
   |        ^^
error[E0041]: expected 'string', found an empty slice literal
  --> check_empty_slicelit_noncollection.bit:24:19
   |
24 |   let x: string = []
   |                   ^^
error[E0041]: expected 'string', found an empty slice literal
  --> check_empty_slicelit_noncollection.bit:25:20
   |
25 |   let b = Box{ v = [] }
   |                    ^^
