error[E0185]: cannot assign to module constant 'cfg'
  --> check_module_const_assign.bit:26:3
   |
26 |   cfg = load()
   |   ^^^ a module 'const' is set once, when the program starts or at compile time; declare it 'let' to reassign it (§11.11)
error[E0185]: cannot assign to module constant 'attempts'
  --> check_module_const_assign.bit:27:3
   |
27 |   attempts = 6
   |   ^^^^^^^^ a module 'const' is set once, when the program starts or at compile time; declare it 'let' to reassign it (§11.11)
error[E0185]: cannot assign to module constant 'attempts'
  --> check_module_const_assign.bit:28:3
   |
28 |   attempts += 1
   |   ^^^^^^^^ a module 'const' is set once, when the program starts or at compile time; declare it 'let' to reassign it (§11.11)
error[E0185]: cannot assign to module constant 'attempts'
  --> check_module_const_assign.bit:29:3
   |
29 |   attempts++
   |   ^^^^^^^^ a module 'const' is set once, when the program starts or at compile time; declare it 'let' to reassign it (§11.11)
error[E0185]: cannot assign to module constant 'attempts'
  --> check_module_const_assign.bit:30:4
   |
30 |   (attempts, started) = (1, 2)
   |    ^^^^^^^^ a module 'const' is set once, when the program starts or at compile time; declare it 'let' to reassign it (§11.11)
error[E0185]: cannot assign to module constant 'limit'
  --> check_module_const_assign.bit:31:3
   |
31 |   limit = 9
   |   ^^^^^ a module 'const' is set once, when the program starts or at compile time; declare it 'let' to reassign it (§11.11)
error[E0185]: cannot assign to module constant 'consts.limit'
  --> check_module_const_assign.bit:32:3
   |
32 |   consts.limit = 10
   |   ^^^^^^^^^^^^ a module 'const' is set once, when the program starts or at compile time; declare it 'let' to reassign it (§11.11)
