full: toJson={"status":"Archived","history":["Draft","Published","Archived"],"tags":{"a":"Published"},"reviewed":"Archived"} append={"status":"Archived","history":["Draft","Published","Archived"],"tags":{"a":"Published"},"reviewed":"Archived"}
full: same=true
draft: toJson={"status":"Draft","history":["Draft"],"tags":{"a":"Draft"},"reviewed":"Draft"} append={"status":"Draft","history":["Draft"],"tags":{"a":"Draft"},"reviewed":"Draft"}
draft: same=true
published: toJson={"status":"Published","history":[],"tags":{},"reviewed":null} append={"status":"Published","history":[],"tags":{},"reviewed":null}
published: same=true
absent-option: toJson={"status":"Published","history":[],"tags":{},"reviewed":null} append={"status":"Published","history":[],"tags":{},"reviewed":null}
absent-option: same=true
reordered: toJson={"status":"Published","history":["Archived"],"tags":{"k":"Archived"},"reviewed":"Published"} append={"status":"Published","history":["Archived"],"tags":{"k":"Archived"},"reviewed":"Published"}
reordered: same=true
dup: toJson={"status":"Archived","history":[],"tags":{},"reviewed":null} append={"status":"Archived","history":[],"tags":{},"reviewed":null}
dup: same=true
dup-history: toJson={"status":"Draft","history":["Archived"],"tags":{},"reviewed":null} append={"status":"Draft","history":["Archived"],"tags":{},"reviewed":null}
dup-history: same=true
unknown-bare: error: json: 'status': expected one of "Draft", "Published", "Archived", found "Nope"
unknown-bare: same=true
unknown-slice: error: json: 'history[1]': expected one of "Draft", "Published", "Archived", found "Nope"
unknown-slice: same=true
unknown-map: error: json: 'tags.k': expected one of "Draft", "Published", "Archived", found "Nope"
unknown-map: same=true
unknown-option: error: json: 'reviewed': expected one of "Draft", "Published", "Archived", found "Nope"
unknown-option: same=true
unknown-case: error: json: 'status': expected one of "Draft", "Published", "Archived", found "draft"
unknown-case: same=true
number-bare: error: json: 'status': expected a string, found a number
number-bare: same=true
number-slice: error: json: 'history[0]': expected a string, found a number
number-slice: same=true
null-bare: error: json: missing key 'status'
null-bare: same=true
missing-status: error: json: missing key 'status'
missing-status: same=true
unknown-key: error: json: unknown key 'extra'
unknown-key: same=true
