A ran=true chan=true arg=true stack=true dead=false abandonOk=true
B ran=true chan=false arg=false stack=false live=0
C ran=true found=true precise=true missed=false
D ran=true elem=true err=true last=true dead=false abandonOk=true
E ran=true other=true parked=true missed=false abandonOk=true
F ran=true clean=0 bad=true alive=true
G ran=true ctx=true dead=false abandonOk=true
H ran=true onTask=true alive=16/16 abandonOk=true
held 139363
held 9916
held 4427
held 128
