A ran=true chan=true arg=true stack=true dead=false abandoned=0
B ran=true chan=false arg=false stack=false live=0
C ran=true found=true precise=true missed=false
D ran=true elem=true err=true last=true dead=false abandoned=0
E ran=true other=true parked=true missed=false abandoned=0
F ran=true clean=0 bad=true alive=true
G ran=true ctx=true dead=false abandoned=0
H ran=true onTask=true alive=16/16 abandoned=0
I ran=true other=true stack=true missed=false abandoned=0
held 139363
held 10172
held 4427
held 672
