error[E0300]: relation field 'author' on 'Post' was read without the compiler proving its rows were loaded
  --> check_orm_relation_cross_module/main.bit:10:10
   |
10 |   return p.author.name
   |          ^^^^^^^^ the rows returned at check_orm_relation_cross_module/store/store.bit:24 come from raw SQL, which does not load relations; read 'author' through db.table<Post>().with("author"), or select its columns in the SQL and read them as fields
error[E0300]: relation field 'author' on 'Post' was read without the compiler proving its rows were loaded
  --> check_orm_relation_cross_module/main.bit:15:10
   |
15 |   return c.post.author.name
   |          ^^^^^^^^^^^^^ the rows stored at check_orm_relation_cross_module/store/store.bit:32 come from raw SQL, which does not load relations; read 'author' through db.table<Post>().with("author"), or select its columns in the SQL and read them as fields
