fits 1
claim 0 1
state0 1
free0 0
reclaim 0
sf_run 0
sf_blk 1
sf_free 1
rv_run 0
rv_blk 1
resumed 1
sys_state 4
sys_sf 1
sys_sp 1
sys_rv 1
sys_resumed 1
sys_sp_cleared 1
g_missA -1
g_distinct 1
g_findA 1
g_findB 1
g_ownA 1
g_again 1
g_hw 1
g_gone -1
g_ownFree 0
giveup 0
h_cachehit 1
h_owner 1
h_foreign_reused 1
h_recovers 1
h_recovers_owner 1
i_pre -1
i_post 1
i_running 1
i_gone -1
